07-21 18:17:48.264  9699  9723 I OVR_GlUtils: es3 = TRUE
07-21 18:17:48.264  9699  9723 I OVR_GlUtils: Found: GL_EXT_discard_framebuffer
07-21 18:17:48.264  9699  9723 I OVR_GlUtils: Found: GL_EXT_multisampled_render_to_texture
07-21 18:17:48.264  9699  9723 I OVR_GlUtils: Found: GL_OES_vertex_array_object
07-21 18:17:48.264  9699  9723 I OVR_GlUtils: Found: GL_QCOM_tiled_rendering
07-21 18:17:48.264  9699  9723 I OVR_GlUtils: Found: GL_EXT_disjoint_timer_query
07-21 18:17:48.265  9699  9723 I OVR_GlUtils: Found: GL_EXT_texture_sRGB_decode
07-21 18:17:48.265  9699  9723 I OVR_GlUtils: Found: GL_EXT_texture_border_clamp
07-21 18:17:48.265  9699  9723 I OVR_GlUtils: Found: GL_EXT_texture_filter_anisotropic
07-21 18:17:48.265  9699  9723 I OVR_GlUtils: Found: GL_OVR_multiview2
07-21 18:17:48.265  9699  9723 I OVR_GlUtils: Found: GL_OVR_multiview_multisampled_render_to_texture
07-21 18:17:48.265  9699  9723 I OVR_GlUtils: GL_MAX_TEXTURE_SIZE = 16384
07-21 18:17:48.265  9699  9723 I OVR_GlUtils: GL_MAX_VERTEX_UNIFORM_VECTORS = 256
07-21 18:17:48.265  9699  9723 I OVR_GlUtils: GL_MAX_FRAGMENT_UNIFORM_VECTORS = 256
07-21 18:17:48.265  9699  9723 I RCTVR   : ReactPlayerCommon: InitGfx
07-21 18:17:48.266  9699  9723 I GLSharedContext_Android: Current EGL_CONTEXT_CLIENT_VERSION:3
07-21 18:17:48.267  9699  9723 I GLSharedContext_Android: GLSharedContext pbuffer: 0xc7599d40
07-21 18:17:48.267  8414  9695 I Telemetry: App memory usage: PSS=284MB
07-21 18:17:48.268  9699  9723 I panelapp: Init complete
07-21 18:17:48.268  9699  9723 I RCTVR   : Create root
07-21 18:17:48.268  9699  9723 I RCTVR   : ReactPlayerCommon: reloaded RootView 'main', tag: 1
07-21 18:17:48.269  8414  9695 I VrApi   : FPS=1,Prd=0ms,Tear=0,Early=0,Stale=581,VSnc=1,Lat=1,Fov=0,CPU4/GPU=3/4,1958/670MHz,OC=FF,TA=0/E0/0,SP=N/F/N,Mem=1804MHz,Free=1794MB,PSM=0,PLS=0,Temp=36.0C/0.0C,TW=1.90ms,App=6.38ms,GD=4.96ms
07-21 18:17:48.269  9699  9736 W VideoCapabilities: Unsupported mime video/x-ms-wmv
07-21 18:17:48.272  9699  9736 W VideoCapabilities: Unsupported mime video/x-ms-wmv
07-21 18:17:48.274  9699  9723 I RCTVRMEM: Total Allocated Space: 17121288, Total Free Space: 2801656, JavaScript Heap Size: 139208
07-21 18:17:48.274  9699  9736 W VideoCapabilities: Unsupported mime video/divx
07-21 18:17:48.276  9699  9736 W VideoCapabilities: Unsupported mime video/divx311
07-21 18:17:48.280  9699  9736 W VideoCapabilities: Unsupported mime video/divx4
07-21 18:17:48.281  8414  9698 I [OAR] AudioMixer: Finishing mono effect
07-21 18:17:48.282   718   718 D wifi_sig_helper: Wifi rssi: -44	
07-21 18:17:48.287  8414  8442 I [OAR] PanelRenderLayer: ResetSurface 884 x 540 - shape:2 stereo:0
07-21 18:17:48.288  8414  8442 I [OAR] PanelAppAnalytics: First frame latency: 1.123 for id 9 com.oculus.vrshell.home/com.oculus.vrshell.home.ExploreService
07-21 18:17:48.289  9699  9723 I RvrPnl  : FPS=1.27898e-09/48.0998/48.0998, MSPF=7.81874e+08/20.7901/20.7901, MEMALLOC=16.3281
07-21 18:17:48.300  8414  8442 I [OAR] AudioSystem: Starting haptic hover1 on device 0
07-21 18:17:48.300  8414  8442 I [OAR] AudioMixer: Creating a new stream for client UiSound3
07-21 18:17:48.300  8414  8442 I [OAR] AudioMixer: PlaySoundEffect: 8425 samples at 11568.982381
07-21 18:17:48.301  8414  9698 I [OAR] AudioMixer: Finishing mono effect
07-21 18:17:48.314  8414  8442 I [OAR] AudioSystem: Starting haptic hover1 on device 0
07-21 18:17:48.314  8414  8442 I [OAR] AudioMixer: Creating a new stream for client UiSound4
07-21 18:17:48.314  8414  8442 I [OAR] AudioMixer: PlaySoundEffect: 8425 samples at 11569.002381
07-21 18:17:48.318  9699  9736 W VideoCapabilities: Unsupported mime video/mp4v-esdp
07-21 18:17:48.321  8414  9698 I [OAR] AudioMixer: Finishing mono effect
07-21 18:17:48.328  9699  9750 I RCTVR_HERMES: [info]: 'Analytics', { status: 'gk_read_started', type: 'oculus_config' }
07-21 18:17:48.329  9699  9750 I OVR_MemBuffer: Couldn't open assets/en_US.json
07-21 18:17:48.329  9699  9750 I PackageFiles: File 'assets/en_US.json' not found in apk!
07-21 18:17:48.329  9699  9750 I RCTVR   : Failed to load url 'assets/en_US.json'
07-21 18:17:48.329  9699  9750 I OVR_MemBuffer: Couldn't open assets/node_modules/intl/locale-data/jsonp/en.js.dat
07-21 18:17:48.329  9699  9750 I RCTI18n : getDictionaryForFBTCodeAsync en
07-21 18:17:48.329  9699  9750 I RCTVR_HERMES: [info]: 'Library', [ 'global library update received' ]
07-21 18:17:48.330  9699  9750 I RCTVR_HERMES: [info]: 'Analytics', { type: 'oculus_config', status: 'qe_read_started' }
07-21 18:17:48.330  9699  9750 I RCTVR_HERMES: [info]: QuickExperiments.initialize with options:
07-21 18:17:48.330  9699  9750 I RCTVR_HERMES: [info]: { useNativeQEModule: true }
07-21 18:17:48.331  9699  9750 I RCTVR_HERMES: [info]: 'Home', [ 'Starting up with service type EXPLORE' ]
07-21 18:17:48.333  9699  9750 I RCTVR   : [TIMESTAMP] : HermesReady : 1563747468.33319783
07-21 18:17:48.334  9699  9750 I RCTVR_HERMES: [info]: 'Analytics', { section_name: 'null',
07-21 18:17:48.334  9699  9750 I RCTVR_HERMES:   sub_section_name: 'null',
07-21 18:17:48.334  9699  9750 I RCTVR_HERMES:   destination: undefined,
07-21 18:17:48.334  9699  9750 I RCTVR_HERMES:   source: undefined,
07-21 18:17:48.334  9699  9750 I RCTVR_HERMES:   timerId: undefined,
07-21 18:17:48.334  9699  9750 I RCTVR_HERMES:   first_session_event: true,
07-21 18:17:48.334  9699  9750 I RCTVR_HERMES:   active_duration_ms: 6.300572000443935,
07-21 18:17:48.334  9699  9750 I RCTVR_HERMES:   step: '',
07-21 18:17:48.334  9699  9750 I RCTVR_HERMES:   real_timestamp: 1563747468333,
07-21 18:17:48.334  9699  9750 I RCTVR_HERMES:   type: 'oculus_home_init_latency_connected_controller' }
07-21 18:17:48.334   712  8320 I SyncBossHAL: internal/syncboss_hal_lcon.c(213): INFO: Controller 12785523xxxxxxxx battery level changed: 90% -> 80%
07-21 18:17:48.335  9699  9750 I RCTVR_HERMES: [info]: 'Analytics', { section_name: 'null',
07-21 18:17:48.335  9699  9750 I RCTVR_HERMES:   sub_section_name: 'null',
07-21 18:17:48.335  9699  9750 I RCTVR_HERMES:   destination: undefined,
07-21 18:17:48.335  9699  9750 I RCTVR_HERMES:   source: undefined,
07-21 18:17:48.335  9699  9750 I RCTVR_HERMES:   timerId: undefined,
07-21 18:17:48.335  9699  9750 I RCTVR_HERMES:   first_session_event: true,
07-21 18:17:48.335  9699  9750 I RCTVR_HERMES:   active_duration_ms: 5.178385999053717,
07-21 18:17:48.335  9699  9750 I RCTVR_HERMES:   step: '',
07-21 18:17:48.335  9699  9750 I RCTVR_HERMES:   real_timestamp: 1563747468334,
07-21 18:17:48.335  9699  9750 I RCTVR_HERMES:   type: 'oculus_home_init_latency_library' }
07-21 18:17:48.335  9699  9750 I RCTVR_HERMES: [info]: 'Analytics', { section_name: 'null',
07-21 18:17:48.335  9699  9750 I RCTVR_HERMES:   sub_section_name: 'null',
07-21 18:17:48.335  9699  9750 I RCTVR_HERMES:   destination: undefined,
07-21 18:17:48.335  9699  9750 I RCTVR_HERMES:   source: undefined,
07-21 18:17:48.335  9699  9750 I RCTVR_HERMES:   timerId: undefined,
07-21 18:17:48.335  9699  9750 I RCTVR_HERMES:   first_session_event: true,
07-21 18:17:48.335  9699  9750 I RCTVR_HERMES:   active_duration_ms: 3.893436999991536,
07-21 18:17:48.335  9699  9750 I RCTVR_HERMES:   step: '',
07-21 18:17:48.335  9699  9750 I RCTVR_HERMES:   real_timestamp: 1563747468335,
07-21 18:17:48.335  9699  9750 I RCTVR_HERMES:   type: 'oculus_home_init_latency_sync_steps' }
07-21 18:17:48.337   712  8335 D LibDevices: Syncboss input 12785523aa306c11 hardware type 2, subtype 2, revision 0x13
07-21 18:17:48.337   712  8335 D LibDevices: Syncboss input 1cea378561c147a9 hardware type 2, subtype 1, revision 0x13
07-21 18:17:48.337   712  8335 D LibDevices: stateChangeNotifierFunc(): Reporting controller info. Change token: 11
07-21 18:17:48.338  1437  1846 I com.oculus.telemetry.core.EventRecorder: Event flushed: oculus_mobile_remote_device_battery {"battery_level":80,"device_id":"1330907301555498001","realtime_ms":84758107,"uptime_ms":11568998}
07-21 18:17:48.338  9699  9750 I RCTVR_HERMES: [info]: 'Analytics', { section_name: 'null',
07-21 18:17:48.338  9699  9750 I RCTVR_HERMES:   sub_section_name: 'null',
07-21 18:17:48.338  9699  9750 I RCTVR_HERMES:   destination: undefined,
07-21 18:17:48.338  9699  9750 I RCTVR_HERMES:   source: undefined,
07-21 18:17:48.338  9699  9750 I RCTVR_HERMES:   timerId: undefined,
07-21 18:17:48.338  9699  9750 I RCTVR_HERMES:   first_session_event: true,
07-21 18:17:48.338  9699  9750 I RCTVR_HERMES:   active_duration_ms: 6.010260000824928,
07-21 18:17:48.338  9699  9750 I RCTVR_HERMES:   step: '',
07-21 18:17:48.338  9699  9750 I RCTVR_HERMES:   real_timestamp: 1563747468338,
07-21 18:17:48.338  9699  9750 I RCTVR_HERMES:   type: 'oculus_home_init_latency_shell_permissions' }
07-21 18:17:48.339  9699  9750 I RCTVR_HERMES: [info]: 'Analytics', { section_name: 'null',
07-21 18:17:48.339  9699  9750 I RCTVR_HERMES:   sub_section_name: 'null',
07-21 18:17:48.339  9699  9750 I RCTVR_HERMES:   destination: undefined,
07-21 18:17:48.339  9699  9750 I RCTVR_HERMES:   source: undefined,
07-21 18:17:48.339  9699  9750 I RCTVR_HERMES:   timerId: undefined,
07-21 18:17:48.339  9699  9750 I RCTVR_HERMES:   first_session_event: true,
07-21 18:17:48.339  9699  9750 I RCTVR_HERMES:   active_duration_ms: 5.814634000882506,
07-21 18:17:48.339  9699  9750 I RCTVR_HERMES:   step: '',
07-21 18:17:48.339  9699  9750 I RCTVR_HERMES:   real_timestamp: 1563747468339,
07-21 18:17:48.339  9699  9750 I RCTVR_HERMES:   type: 'oculus_home_init_latency_home_networking' }
07-21 18:17:48.340  9699  9750 I RCTVR_HERMES: [info]: Running application "main" with appParams: {"rootTag":1,"initialProps":{"surfaceWidth":884,"surfaceHeight":540}}. __DEV__ === false, development-level warning are OFF, performance optimizations are ON
07-21 18:17:48.343  9699  9736 I VideoCapabilities: Unsupported profile 4 for video/mp4v-es
07-21 18:17:48.344  9699  9723 I panelapp: LE reactvr_info
07-21 18:17:48.351  9699  9736 I org.webrtc.Logging: MediaCodecVideoEncoder: Found target encoder for mime video/x-vnd.on2.vp8 : OMX.qcom.video.encoder.vp8. Color: 0x15
07-21 18:17:48.351  9699  9736 W VideoCapabilities: Unrecognized profile 2130706433 for video/avc
07-21 18:17:48.351  9699  9736 W VideoCapabilities: Unrecognized profile 2130706434 for video/avc
07-21 18:17:48.351  9699  9736 I org.webrtc.Logging: MediaCodecVideoEncoder: Found target encoder for mime video/avc : OMX.qcom.video.encoder.avc. Color: 0x15
07-21 18:17:48.353  9699  9736 I org.webrtc.Logging: MediaCodecVideoDecoder: Trying to find HW decoder for mime video/x-vnd.on2.vp8
07-21 18:17:48.353  9699  9736 I org.webrtc.Logging: MediaCodecVideoDecoder: Found candidate decoder OMX.qcom.video.decoder.vp8
07-21 18:17:48.353  9699  9736 I org.webrtc.Logging: MediaCodecVideoDecoder: Found target decoder OMX.qcom.video.decoder.vp8. Color: 0x13
07-21 18:17:48.353  9699  9736 I org.webrtc.Logging: MediaCodecVideoDecoder: Trying to find HW decoder for mime video/x-vnd.on2.vp9
07-21 18:17:48.354  9699  9736 I org.webrtc.Logging: MediaCodecVideoDecoder: Found candidate decoder OMX.qcom.video.decoder.vp9
07-21 18:17:48.354  9699  9736 I org.webrtc.Logging: MediaCodecVideoDecoder: Found target decoder OMX.qcom.video.decoder.vp9. Color: 0x13
07-21 18:17:48.354  9699  9736 I org.webrtc.Logging: MediaCodecVideoDecoder: Trying to find HW decoder for mime video/avc
07-21 18:17:48.354  9699  9736 I org.webrtc.Logging: MediaCodecVideoDecoder: Found candidate decoder OMX.qcom.video.decoder.avc
07-21 18:17:48.354  9699  9736 W VideoCapabilities: Unrecognized profile 2130706433 for video/avc
07-21 18:17:48.354  9699  9736 W VideoCapabilities: Unrecognized profile 2130706434 for video/avc
07-21 18:17:48.354  9699  9736 I org.webrtc.Logging: MediaCodecVideoDecoder: Found target decoder OMX.qcom.video.decoder.avc. Color: 0x13
07-21 18:17:48.361  8414  9698 I [OAR] AudioMixer: Finishing mono effect
07-21 18:17:48.362  9699  9750 I RCTVR_HERMES: [info]: 'Analytics', { section_name: 'null',
07-21 18:17:48.362  9699  9750 I RCTVR_HERMES:   sub_section_name: 'null',
07-21 18:17:48.362  9699  9750 I RCTVR_HERMES:   network_status: 'WIFI',
07-21 18:17:48.362  9699  9750 I RCTVR_HERMES:   real_timestamp: 1563747468361,
07-21 18:17:48.362  9699  9750 I RCTVR_HERMES:   type: 'oculus_home_network_status' }
07-21 18:17:48.364  9699  9726 I RequestStopwatch: AndroidPlatformIntegration-Constructor took 244.5120 milliseconds
07-21 18:17:48.367  9699  9750 I RCTVR_HERMES: [info]: 'Analytics', { section_name: 'null',
07-21 18:17:48.367  9699  9750 I RCTVR_HERMES:   sub_section_name: 'null',
07-21 18:17:48.367  9699  9750 I RCTVR_HERMES:   destination: undefined,
07-21 18:17:48.367  9699  9750 I RCTVR_HERMES:   source: undefined,
07-21 18:17:48.367  9699  9750 I RCTVR_HERMES:   timerId: undefined,
07-21 18:17:48.367  9699  9750 I RCTVR_HERMES:   first_session_event: true,
07-21 18:17:48.367  9699  9750 I RCTVR_HERMES:   active_duration_ms: 39.85859000124037,
07-21 18:17:48.367  9699  9750 I RCTVR_HERMES:   step: '',
07-21 18:17:48.367  9699  9750 I RCTVR_HERMES:   real_timestamp: 1563747468367,
07-21 18:17:48.367  9699  9750 I RCTVR_HERMES:   type: 'oculus_home_init_latency_client_preferences' }
07-21 18:17:48.368  9699  9750 V RCTVR_HERMES: [log]: 'Home', 'Initial URL: apk://com.oculus.vrshell.home/?_oc_shell_version_code=151557608&_oc_headset_type=256&_oc_launch_timestamp=11567825.849847&_oc_gearvr_developer_mode=true&_oc_shell_version_name=3.13.88&uri=%2Fprime&_oc_analytics_session_id=be97a328-8c25-4095-a42f-19995b369a7d&_oc_shell_automation_enabled=false&_oc_shell_permissions=permissionsGranted%20write_storage%20microphone&_oc_gk:oculus_vrshell_core_anytime_ui=true&_oc_shell_feature_sets=multi-layer-v1%2Cmirror-avatar-v1%2Csystem-ux-routes-v1%2Cdeeplink-nav-v1&_oc_userid=105270740415731&_oc_device_type=259&_oc_device_region=0&_oc_gk:oculus_mobile_home_panel_services=true'
07-21 18:17:48.368  9699  9750 I RCTVR_HERMES: [info]: 'Home', [ 'Deeplinking URI: /deeplinking/prime?deeplinkingRoot=1' ]
07-21 18:17:48.371  9699  9750 I RCTVR_HERMES: [info]: 'Analytics', { section_name: 'null',
07-21 18:17:48.371  9699  9750 I RCTVR_HERMES:   sub_section_name: 'null',
07-21 18:17:48.371  9699  9750 I RCTVR_HERMES:   destination: undefined,
07-21 18:17:48.371  9699  9750 I RCTVR_HERMES:   source: undefined,
07-21 18:17:48.371  9699  9750 I RCTVR_HERMES:   timerId: undefined,
07-21 18:17:48.371  9699  9750 I RCTVR_HERMES:   first_session_event: true,
07-21 18:17:48.371  9699  9750 I RCTVR_HERMES:   active_duration_ms: 43.371557001024485,
07-21 18:17:48.371  9699  9750 I RCTVR_HERMES:   step: '',
07-21 18:17:48.371  9699  9750 I RCTVR_HERMES:   real_timestamp: 1563747468371,
07-21 18:17:48.371  9699  9750 I RCTVR_HERMES:   type: 'oculus_home_init_latency_deeplinking' }
07-21 18:17:48.374  9699  9739 I OVR_MemBuffer: Couldn't open assets/src/ocicon/assets/oc_icon_home_2_24_fff.png
07-21 18:17:48.375  9699  9740 I OVR_MemBuffer: Couldn't open assets/src/ocui/assets/background_disco.png
07-21 18:17:48.380  9699  9723 I RCTVR   : [TIMESTAMP] : RCTMarker_tti_explore_react_root : 1563747468.38056087
07-21 18:17:48.380  9699  9750 W RCTVR_HERMES: [warn]: 'Home', [ 'Error fetching translations: ',
07-21 18:17:48.380  9699  9750 W RCTVR_HERMES:   { [Error: No dictionary for 'en_US'] framesToPop: 1 } ]
07-21 18:17:48.380  9699  9723 I RCTVR   : [TIMESTAMP] : RCTMarker_tti_router_app_initializing : 1563747468.38067484
07-21 18:17:48.380  9699  9723 I RCTVR   : [TIMESTAMP] : RCTMarker_tti_home_where_to_go : 1563747468.38072491
07-21 18:17:48.381  9699  9750 I RCTVR_HERMES: [info]: 'Analytics', { section_name: 'null',
07-21 18:17:48.381  9699  9750 I RCTVR_HERMES:   sub_section_name: 'null',
07-21 18:17:48.381  9699  9750 I RCTVR_HERMES:   destination: undefined,
07-21 18:17:48.381  9699  9750 I RCTVR_HERMES:   source: undefined,
07-21 18:17:48.381  9699  9750 I RCTVR_HERMES:   timerId: undefined,
07-21 18:17:48.381  9699  9750 I RCTVR_HERMES:   first_session_event: true,
07-21 18:17:48.381  9699  9750 I RCTVR_HERMES:   active_duration_ms: 52.51067100092769,
07-21 18:17:48.381  9699  9750 I RCTVR_HERMES:   step: '',
07-21 18:17:48.381  9699  9750 I RCTVR_HERMES:   real_timestamp: 1563747468381,
07-21 18:17:48.381  9699  9750 I RCTVR_HERMES:   type: 'oculus_home_init_latency_localization' }
07-21 18:17:48.384  9699  9750 I RCTVR_HERMES: [info]: 'Analytics', { section_name: 'null',
07-21 18:17:48.384  9699  9750 I RCTVR_HERMES:   sub_section_name: 'null',
07-21 18:17:48.384  9699  9750 I RCTVR_HERMES:   destination: undefined,
07-21 18:17:48.384  9699  9750 I RCTVR_HERMES:   source: undefined,
07-21 18:17:48.384  9699  9750 I RCTVR_HERMES:   timerId: undefined,
07-21 18:17:48.384  9699  9750 I RCTVR_HERMES:   first_session_event: true,
07-21 18:17:48.384  9699  9750 I RCTVR_HERMES:   active_duration_ms: 51.86296400055289,
07-21 18:17:48.384  9699  9750 I RCTVR_HERMES:   step: '',
07-21 18:17:48.384  9699  9750 I RCTVR_HERMES:   real_timestamp: 1563747468384,
07-21 18:17:48.384  9699  9750 I RCTVR_HERMES:   type: 'oculus_home_init_latency_sessions_in_vr' }
07-21 18:17:48.392  9699  9750 I RCTVR_HERMES: [info]: 'Analytics', { default_values_used: true,
07-21 18:17:48.392  9699  9750 I RCTVR_HERMES:   duration_ms: 58,
07-21 18:17:48.392  9699  9750 I RCTVR_HERMES:   payload: '[{"name":"dash_events","isPassing":"false"},{"name":"feed_content_creators","isPassing":"false"},{"name":"oc_cinema_can_view_unpublished_video","isPassing":"unknown"},{"name":"oc_explore_enable_video_stereo_mono_control","isPassing":"unknown"},{"name":"oc_preview_video","isPassing":"unknown"},{"name":"oc_referral_system_web","isPassing":"false"},{"name":"oculus_abuse_recording_overlay_software_button","isPassing":"false"},{"name":"oculus_abuse_report_recording_by_default","isPassing":"true"},{"name":"oculus_action_on_press","isPassing":"false"},{"name":"oculus_avatar_deeplink","isPassing":"true"},{"name":"oculus_avatar_expressive_editor","isPassing":"true"},{"name":"oculus_avatar_use_update_ipc","isPassing":"true"},{"name":"oculus_avatar_v2_upsell","isPassing":"true"},{"name":"oculus_core2_avatar_v2_enabled","isPassing":"true"},{"name":"oculus_cornerstone_edit_avatar_button_deeplink","isPassing":"true"},{"name":"oculus_dash_joys
07-21 18:17:48.398  8414  8442 I [OAR] PanelRenderLayer: New SurfaceLayer 884 x 540
07-21 18:17:48.398  9699  9723 I panelapp: LE reactvr_info
07-21 18:17:48.398  9699  9723 I panelapp: LE reactvr_info
07-21 18:17:48.398  9699  9723 I panelapp: LE reactvr_info
07-21 18:17:48.398  9699  9723 I panelapp: LE reactvr_info
07-21 18:17:48.398  9699  9723 I panelapp: LE reactvr_info
07-21 18:17:48.399  2013  2032 I VrRuntimeService: nativeCreateTextureSwapChain 66048 0 35907 884 540 10 3 1
07-21 18:17:48.401  8414  9698 I [OAR] AudioMixer: Finishing mono effect
07-21 18:17:48.403  2013  2032 I VrRuntimeServer: CreateTextureSwapChain: result importswapchaingles 1
07-21 18:17:48.406  9699  9750 I RCTVR_HERMES: [info]: 'Analytics', { section_name: 'null',
07-21 18:17:48.406  9699  9750 I RCTVR_HERMES:   sub_section_name: 'null',
07-21 18:17:48.406  9699  9750 I RCTVR_HERMES:   destination: undefined,
07-21 18:17:48.406  9699  9750 I RCTVR_HERMES:   source: undefined,
07-21 18:17:48.406  9699  9750 I RCTVR_HERMES:   timerId: undefined,
07-21 18:17:48.406  9699  9750 I RCTVR_HERMES:   first_session_event: true,
07-21 18:17:48.406  9699  9750 I RCTVR_HERMES:   active_duration_ms: 78.5230129994452,
07-21 18:17:48.406  9699  9750 I RCTVR_HERMES:   step: '',
07-21 18:17:48.406  9699  9750 I RCTVR_HERMES:   real_timestamp: 1563747468406,
07-21 18:17:48.406  9699  9750 I RCTVR_HERMES:   type: 'oculus_home_init_latency_gatekeepers' }
07-21 18:17:48.407  9699  9750 I RCTVR_HERMES: [info]: 'Analytics', { status: 'qp_initialize_started', type: 'oculus_config' }
07-21 18:17:48.418  9699  9726 I libjingle: [000:000] [9726] (WebRtcPeerConnectionFactory.cpp:119): WebRtcPeerConnectionFactory::WebRtcPeerConnectionFactory
07-21 18:17:48.419  9699  9769 I libjingle: [000:001] [9769] (WebRtcPeerConnectionFactory.cpp:98): SetThreadCPUAffinity failed for thread 0, cpu mask 15 err=Invalid argument 22
07-21 18:17:48.419  9699  9770 I libjingle: [000:001] [9770] (WebRtcPeerConnectionFactory.cpp:98): SetThreadCPUAffinity failed for thread 0, cpu mask 15 err=Invalid argument 22
07-21 18:17:48.420  9699  9726 I libjingle: [000:002] [9726] (WebRtcPeerConnectionFactory.cpp:164): WebRtcPeerConnectionFactory::WebRtcPeerConnectionFactory enc 0xec316628 dec 0xca28fff0
07-21 18:17:48.420  9699  9770 D JVM     : AttachCurrentThreadIfNeeded::ctor@[tid=9770]
07-21 18:17:48.420  9699  9770 D JVM     : Attaching thread to JVM
07-21 18:17:48.420  9699  9770 D JVM     : JVM::environment@[tid=9770]
07-21 18:17:48.420  9699  9770 D JVM     : JNIEnvironment::ctor@[tid=9770]
07-21 18:17:48.420  9699  9770 D AudioManager: ctor@[tid=9770]
07-21 18:17:48.420  9699  9770 D JVM     : JNIEnvironment::RegisterNatives(org/webrtc/voiceengine/WebRtcAudioManager)
07-21 18:17:48.420  9699  9770 D JVM     : NativeRegistration::ctor@[tid=9770]
07-21 18:17:48.420  9699  9770 D JVM     : NativeRegistration::NewObject@[tid=9770]
07-21 18:17:48.421  9699  9770 I org.webrtc.Logging: WebRtcAudioManager: ctor@[name=Thread-8, id=258]
07-21 18:17:48.421  9699  9770 I org.webrtc.Logging: WebRtcAudioManager: Sample rate is set to 48000 Hz
07-21 18:17:48.423  9699  9750 I RCTVR_HERMES: [info]: QuickExperiments loaded native cached QEs.
07-21 18:17:48.423  9699  9750 I RCTVR_HERMES: [info]: Overrides: [object Object]
07-21 18:17:48.427  9699  9770 I org.webrtc.Logging: WebRtcAudioEffects: canUseAcousticEchoCanceler: true
07-21 18:17:48.428  9699  9770 I org.webrtc.Logging: WebRtcAudioEffects: canUseAutomaticGainControl: false
07-21 18:17:48.431  9699  9770 I org.webrtc.Logging: WebRtcAudioEffects: canUseNoiseSuppressor: true
07-21 18:17:48.433  9699  9770 D AudioManager: OnCacheAudioParameters@[tid=9770]
07-21 18:17:48.433  9699  9770 D AudioManager: hardware_aec: 1
07-21 18:17:48.433  9699  9770 D AudioManager: hardware_agc: 0
07-21 18:17:48.433  9699  9770 D AudioManager: hardware_ns: 1
07-21 18:17:48.433  9699  9770 D AudioManager: low_latency_output: 1
07-21 18:17:48.433  9699  9770 D AudioManager: sample_rate: 48000
07-21 18:17:48.433  9699  9770 D AudioManager: channels: 1
07-21 18:17:48.433  9699  9770 D AudioManager: output_buffer_size: 192
07-21 18:17:48.433  9699  9770 D AudioManager: input_buffer_size: 1920
07-21 18:17:48.433  9699  9770 D JVM     : GlobalRef::ctor@[tid=9770]
07-21 18:17:48.433  9699  9770 D AudioManager: JavaAudioManager::ctor@[tid=9770]
07-21 18:17:48.433  9699  9770 D JVM     : AttachCurrentThreadIfNeeded::ctor@[tid=9770]
07-21 18:17:48.433  9699  9770 D JVM     : JVM::environment@[tid=9770]
07-21 18:17:48.433  9699  9770 D JVM     : JNIEnvironment::ctor@[tid=9770]
07-21 18:17:48.433  9699  9770 D AudioTrackJni: ctor@[tid=9770]
07-21 18:17:48.433  9699  9770 D JVM     : JNIEnvironment::RegisterNatives(org/webrtc/voiceengine/WebRtcAudioTrack)
07-21 18:17:48.433  9699  9770 D JVM     : NativeRegistration::ctor@[tid=9770]
07-21 18:17:48.433  9699  9770 D JVM     : NativeRegistration::NewObject@[tid=9770]
07-21 18:17:48.433  9699  9770 I org.webrtc.Logging: WebRtcAudioTrack: ctor@[name=Thread-8, id=258]
07-21 18:17:48.433  9699  9770 D JVM     : GlobalRef::ctor@[tid=9770]
07-21 18:17:48.433  9699  9770 D AudioManager: SetActiveAudioLayer(5)@[tid=9770]
07-21 18:17:48.433  9699  9770 D AudioManager: delay_estimate_in_milliseconds: 150
07-21 18:17:48.433  9699  9770 D AudioTrackJni: AttachAudioBuffer@[tid=9770]
07-21 18:17:48.433  9699  9770 D AudioTrackJni: SetPlayoutSampleRate(48000)
07-21 18:17:48.433  9699  9770 D AudioTrackJni: SetPlayoutChannels(1)
07-21 18:17:48.433  9699  9770 I libjingle: [000:015] [9770] (AudioRecordWrapper.cpp:53): Attached an audio buffer to AudioRecordWrapper
07-21 18:17:48.434  9699  9770 I libjingle: [000:016] [9770] (webrtcvoiceengine.cc:245): WebRtc VoiceEngine codecs:
07-21 18:17:48.434  9699  9770 I libjingle: [000:016] [9770] (webrtcvoiceengine.cc:272): ISAC/16000/1 (103)
07-21 18:17:48.434  9699  9770 I libjingle: [000:016] [9770] (webrtcvoiceengine.cc:272): PCMU/8000/1 (0)
07-21 18:17:48.434  9699  9770 I libjingle: [000:016] [9770] (webrtcvoiceengine.cc:272): PCMA/8000/1 (8)
07-21 18:17:48.435  9699  9770 W libjingle: [000:016] [9770] (webrtcvoiceengine.cc:296): Unexpected codec: PCMU/8000/2 (110)
07-21 18:17:48.435  9699  9770 W libjingle: [000:016] [9770] (webrtcvoiceengine.cc:296): Unexpected codec: PCMA/8000/2 (118)
07-21 18:17:48.435  9699  9770 I libjingle: [000:016] [9770] (webrtcvoiceengine.cc:272): ILBC/8000/1 (102)
07-21 18:17:48.435  9699  9770 I libjingle: [000:016] [9770] (webrtcvoiceengine.cc:272): G722/8000/1 (9)
07-21 18:17:48.435  9699  9770 W libjingle: [000:016] [9770] (webrtcvoiceengine.cc:296): Unexpected codec: G722/8000/2 (119)
07-21 18:17:48.435  9699  9770 I libjingle: [000:016] [9770] (webrtcvoiceengine.cc:272): opus/48000/2 (111)
07-21 18:17:48.435  9699  9770 I libjingle: [000:016] [9770] (webrtcvoiceengine.cc:272): CN/8000/1 (13)
07-21 18:17:48.435  9699  9770 I libjingle: [000:016] [9770] (webrtcvoiceengine.cc:272): CN/16000/1 (105)
07-21 18:17:48.435  9699  9770 I libjingle: [000:017] [9770] (webrtcvoiceengine.cc:272): CN/32000/1 (106)
07-21 18:17:48.435  9699  9770 I libjingle: [000:017] [9770] (webrtcvoiceengine.cc:272): telephone-event/8000/1 (126)
07-21 18:17:48.435  9699  9770 I libjingle: [000:017] [9770] (webrtcvoiceengine.cc:272): red/8000/1 (127)
07-21 18:17:48.435  9699  9770 I libjingle: [000:017] [9770] (webrtcvideoengine2.cc:496): WebRtcVideoEngine2::WebRtcVideoEngine2()
07-21 18:17:48.436  9699  9770 I libjingle: [000:018] [9770] (webrtcvoiceengine.cc:550): WebRtcVoiceEngine::Init
07-21 18:17:48.436  9699  9770 I libjingle: [000:018] [9770] (webrtcvoiceengine.cc:574): VoiceEngine 4.1.0
07-21 18:17:48.436  9699  9770 I libjingle: [000:018] [9770] (voe_base_impl.cc:244): Init: An external ADM implementation will be used in VoiceEngine
07-21 18:17:48.436  9699  9770 D AudioManager: Init@[tid=9770]
07-21 18:17:48.436  9699  9770 I org.webrtc.Logging: WebRtcAudioManager: init@[name=Thread-8, id=258]
07-21 18:17:48.437  9699  9770 I org.webrtc.Logging: WebRtcAudioManager: audio mode is: MODE_NORMAL
07-21 18:17:48.437  9699  9770 D AudioTrackJni: Init@[tid=9770]
07-21 18:17:48.437  9699  9770 I libjingle: [000:019] [9770] (webrtcvoiceengine.cc:1065): webrtc: output: available=0
07-21 18:17:48.438  9699  9770 E libjingle: [000:019] [9770] (webrtcvoiceengine.cc:1065): webrtc: stereo playout is not supported
07-21 18:17:48.438  9699  9770 W libjingle: [000:019] [9770] (webrtcvoiceengine.cc:1065): webrtc: Init() failed to set mono/stereo playout mode (error=8090)
07-21 18:17:48.438  9699  9770 I libjingle: [000:019] [9770] (webrtcvoiceengine.cc:1065): webrtc: output: available=0
07-21 18:17:48.438  9699  9770 E libjingle: [000:019] [9770] (webrtcvoiceengine.cc:1065): webrtc: recording in stereo is not supported
07-21 18:17:48.438  9699  9770 W libjingle: [000:019] [9770] (webrtcvoiceengine.cc:1065): webrtc: Init() failed to set mono/stereo recording mode (error=8090)
07-21 18:17:48.438  9699  9770 I libjingle: [000:019] [9770] (webrtcvoiceengine.cc:1065): webrtc: TransmitMixer::SetAudioProcessingModule(audioProcessingModule=0xc67648c0)
07-21 18:17:48.438  9699  9770 I libjingle: [000:020] [9770] (webrtcvoiceengine.cc:1065): webrtc: OutputMixer::SetAudioProcessingModule(audioProcessingModule=0xc67648c0)
07-21 18:17:48.438  9699  9770 E libjingle: [000:020] [9770] (voe_base_impl.cc:371): Init: Failed to set agc to enabled: 0
07-21 18:17:48.438  9699  9770 I libjingle: [000:020] [9770] (webrtcvoiceengine.cc:647): ApplyOptions: AudioOptions {aec: true, agc: true, ns: true, hf: true, swap: false, audio_jitter_buffer_max_packets: 50, audio_jitter_buffer_fast_accelerate: false, typing: true, agc_delta: 0, experimental_agc: false, extended_filter_aec: false, delay_agnostic_aec: false, experimental_ns: false, }
07-21 18:17:48.438  9699  9770 I SharedMicrophoneAudioRecord: EnableBuiltInEffect(): called to enable effect 0
07-21 18:17:48.438  9699  9770 I libjingle: [000:020] [9770] (webrtcvoiceengine.cc:721): Disabling EC since built-in EC will be used instead
07-21 18:17:48.438  9699  9770 I libjingle: [000:020] [9770] (webrtcvoiceengine.cc:728): Echo control set to 0 with mode 4
07-21 18:17:48.438  9699  9770 I libjingle: [000:020] [9770] (webrtcvoiceengine.cc:763): Auto gain set to 0 with mode 4
07-21 18:17:48.438  9699  9770 I SharedMicrophoneAudioRecord: EnableBuiltInEffect(): called to enable effect 2
07-21 18:17:48.438  9699  9770 I libjingle: [000:020] [9770] (webrtcvoiceengine.cc:803): Disabling NS since built-in NS will be used instead
07-21 18:17:48.438  9699  9770 I libjingle: [000:020] [9770] (webrtcvoiceengine.cc:810): Noise suppression set to 0 with mode 5
07-21 18:17:48.438  9699  9770 I libjingle: [000:020] [9770] (webrtcvoiceengine.cc:816): High pass filter enabled? 0
07-21 18:17:48.438  9699  9770 I libjingle: [000:020] [9770] (webrtcvoiceengine.cc:824): Stereo swapping enabled? 0
07-21 18:17:48.438  9699  9770 I libjingle: [000:020] [9770] (webrtcvoiceengine.cc:833): NetEq capacity is 50
07-21 18:17:48.438  9699  9770 I libjingle: [000:020] [9770] (webrtcvoiceengine.cc:841): NetEq fast mode? 0
07-21 18:17:48.438  9699  9770 I libjingle: [000:020] [9770] (webrtcvoiceengine.cc:849): Typing detection is enabled? 0
07-21 18:17:48.438  9699  9770 E libjingle: [000:020] [9770] (voe_audio_processing_impl.cc:955): SetTypingDetectionStatus: not supported
07-21 18:17:48.438  9699  9770 W libjingle: [000:020] [9770] (webrtcvoiceengine.cc:853): SetTypingDetectionStatus(0) failed, err=8003
07-21 18:17:48.438  9699  9770 I libjingle: [000:020] [9770] (webrtcvoiceengine.cc:858): Adjust agc delta is 0
07-21 18:17:48.438  9699  9770 I libjingle: [000:020] [9770] (webrtcvoiceengine.cc:1090): Adjusting AGC level from default -3dB to -3dB
07-21 18:17:48.438  9699  9770 I libjingle: [000:020] [9770] (webrtcvoiceengine.cc:869): Delay agnostic aec is enabled? 0
07-21 18:17:48.438  9699  9770 I libjingle: [000:020] [9770] (webrtcvoiceengine.cc:878): Extended filter aec is enabled? 0
07-21 18:17:48.438  9699  9770 I libjingle: [000:020] [9770] (webrtcvoiceengine.cc:887): Experimental ns is enabled? 0
07-21 18:17:48.438  9699  9770 I libjingle: [000:020] [9770] (webrtcvoiceengine.cc:610): WebRtc VoiceEngine codecs:
07-21 18:17:48.438  9699  9770 I libjingle: [000:020] [9770] (webrtcvoiceengine.cc:612): opus/48000/2 (111)
07-21 18:17:48.438  9699  9770 I libjingle: [000:020] [9770] (webrtcvoiceengine.cc:612): ISAC/16000/1 (103)
07-21 18:17:48.438  9699  9770 I libjingle: [000:020] [9770] (webrtcvoiceengine.cc:612): G722/8000/1 (9)
07-21 18:17:48.438  9699  9770 I libjingle: [000:020] [9770] (webrtcvoiceengine.cc:612): ILBC/8000/1 (102)
07-21 18:17:48.438  9699  9770 I libjingle: [000:020] [9770] (webrtcvoiceengine.cc:612): PCMU/8000/1 (0)
07-21 18:17:48.438  9699  9770 I libjingle: [000:020] [9770] (webrtcvoiceengine.cc:612): PCMA/8000/1 (8)
07-21 18:17:48.438  9699  9770 I libjingle: [000:020] [9770] (webrtcvoiceengine.cc:612): CN/32000/1 (106)
07-21 18:17:48.438  9699  9770 I libjingle: [000:020] [9770] (webrtcvoiceengine.cc:612): CN/16000/1 (105)
07-21 18:17:48.438  9699  9770 I libjingle: [000:020] [9770] (webrtcvoiceengine.cc:612): CN/8000/1 (13)
07-21 18:17:48.438  9699  9770 I libjingle: [000:020] [9770] (webrtcvoiceengine.cc:612): red/8000/1 (127)
07-21 18:17:48.438  9699  9770 I libjingle: [000:020] [9770] (webrtcvoiceengine.cc:612): telephone-event/8000/1 (126)
07-21 18:17:48.438  9699  9770 I libjingle: [000:020] [9770] (webrtcvoiceengine.cc:960): Setting microphone to (id=0) and speaker to (id=0)
07-21 18:17:48.438  9699  9770 W libjingle: [000:020] [9770] (webrtcvoiceengine.cc:1065): webrtc: SetRecordingChannel() unable to set the recording channel (error=10028)
07-21 18:17:48.438  9699  9770 E libjingle: [000:020] [9770] (webrtcvoiceengine.cc:1065): webrtc: recording in stereo is not supported
07-21 18:17:48.438  9699  9770 W libjingle: [000:020] [9770] (webrtcvoiceengine.cc:1065): webrtc: SetRecordingDevice() failed to set mono recording mode (error=8090)
07-21 18:17:48.438  9699  9770 E libjingle: [000:020] [9770] (webrtcvoiceengine.cc:1065): webrtc: stereo playout is not supported
07-21 18:17:48.438  9699  9770 W libjingle: [000:020] [9770] (webrtcvoiceengine.cc:1065): webrtc: SetPlayoutDevice() failed to set stereo playout mode (error=8090)
07-21 18:17:48.438  9699  9770 I libjingle: [000:020] [9770] (webrtcvoiceengine.cc:980): Set microphone to (id=0) and speaker to (id=0)
07-21 18:17:48.438  9699  9770 I libjingle: [000:020] [9770] (webrtcvoiceengine.cc:553): WebRtcVoiceEngine::Init Done!
07-21 18:17:48.438  9699  9770 I libjingle: [000:020] [9770] (webrtcvideoengine2.cc:505): WebRtcVideoEngine2::Init
07-21 18:17:48.439  9699  9750 I RCTVR_HERMES: [info]: 'Analytics', { default_values_used: false,
07-21 18:17:48.439  9699  9750 I RCTVR_HERMES:   duration_ms: 93,
07-21 18:17:48.439  9699  9750 I RCTVR_HERMES:   payload: '{"sessionless__oculus_search_home_web_search_universe":{"name":"sessionless__oculus_search_home_web_search_button","group":"Control","inExperiment":true,"exposureTtl":3600,"params":{"is_enabled":{"type":1,"value":"0"}},"shouldLog":true,"inDeployGroup":false,"hash":"00a3ca46fede1e19f39e5d314992f1e9"},"sessionless__oculus_vrshell_aui_library_badge_universe":{"name":"qe_default","group":null,"inExperiment":false,"exposureTtl":3600,"params":[],"shouldLog":false,"inDeployGroup":false,"hash":"f2050113b8391293dc4eb5956df0847a"},"sessionless__oculus_explore_show_inline_event_app_download":{"name":"qe_default","group":null,"inExperiment":false,"exposureTtl":3600,"params":[],"shouldLog":false,"inDeployGroup":false,"hash":"f2050113b8391293dc4eb5956df0847a"},"sessionless__oculus_explore_prime_metadata_universe":{"name":"qe_default","group":null,"inExperiment":false,"exposureTtl":3600,"params":[],"shouldLog":false,"inDeployGroup":false,"has
07-21 18:17:48.439  9699  9770 I libjingle: [000:021] [9770] (dtlsidentitystore.cc:53): Generating identity, using keytype 0
07-21 18:17:48.439  9699  9770 I libjingle: [000:021] [9770] (opensslidentity.cc:41): Making key pair
07-21 18:17:48.440  9699  9750 I RCTVR_HERMES: [info]: 'Analytics', { section_name: 'null',
07-21 18:17:48.440  9699  9750 I RCTVR_HERMES:   sub_section_name: 'null',
07-21 18:17:48.440  9699  9750 I RCTVR_HERMES:   destination: undefined,
07-21 18:17:48.440  9699  9750 I RCTVR_HERMES:   source: undefined,
07-21 18:17:48.440  9699  9750 I RCTVR_HERMES:   timerId: undefined,
07-21 18:17:48.440  9699  9750 I RCTVR_HERMES:   first_session_event: true,
07-21 18:17:48.440  9699  9750 I RCTVR_HERMES:   active_duration_ms: 109.5769679993391,
07-21 18:17:48.440  9699  9750 I RCTVR_HERMES:   step: '',
07-21 18:17:48.440  9699  9750 I RCTVR_HERMES:   real_timestamp: 1563747468439,
07-21 18:17:48.440  9699  9750 I RCTVR_HERMES:   type: 'oculus_home_qe_latency' }
07-21 18:17:48.441  9699  9750 I RCTVR_HERMES: [info]: 'Analytics', { section_name: 'null',
07-21 18:17:48.441  9699  9750 I RCTVR_HERMES:   sub_section_name: 'null',
07-21 18:17:48.441  9699  9750 I RCTVR_HERMES:   destination: undefined,
07-21 18:17:48.441  9699  9750 I RCTVR_HERMES:   source: undefined,
07-21 18:17:48.441  9699  9750 I RCTVR_HERMES:   timerId: undefined,
07-21 18:17:48.441  9699  9750 I RCTVR_HERMES:   first_session_event: true,
07-21 18:17:48.441  9699  9750 I RCTVR_HERMES:   active_duration_ms: 110.55733199976385,
07-21 18:17:48.441  9699  9750 I RCTVR_HERMES:   step: '',
07-21 18:17:48.441  9699  9750 I RCTVR_HERMES:   real_timestamp: 1563747468440,
07-21 18:17:48.441  9699  9750 I RCTVR_HERMES:   type: 'oculus_home_init_latency_quick_experiments' }
07-21 18:17:48.441  9699  9723 D OculusLogger: reportQuickExperimentExposure(sessionless__oculus_mobile_explore_prefetching, test_full, 105270740415731)
07-21 18:17:48.442  9699  9750 I RCTVR_HERMES: [info]: 'Home', [ 'Created native prefetcher' ]
07-21 18:17:48.443  9699  9750 I RCTVR_HERMES: [info]: 'Analytics', { section_name: 'null',
07-21 18:17:48.443  9699  9750 I RCTVR_HERMES:   sub_section_name: 'null',
07-21 18:17:48.443  9699  9750 I RCTVR_HERMES:   destination: undefined,
07-21 18:17:48.443  9699  9750 I RCTVR_HERMES:   source: undefined,
07-21 18:17:48.443  9699  9750 I RCTVR_HERMES:   timerId: undefined,
07-21 18:17:48.443  9699  9750 I RCTVR_HERMES:   first_session_event: true,
07-21 18:17:48.443  9699  9750 I RCTVR_HERMES:   active_duration_ms: 0.9929690007120371,
07-21 18:17:48.443  9699  9750 I RCTVR_HERMES:   step: '',
07-21 18:17:48.443  9699  9750 I RCTVR_HERMES:   real_timestamp: 1563747468442,
07-21 18:17:48.443  9699  9750 I RCTVR_HERMES:   type: 'oculus_home_init_latency_native_prefetch' }
07-21 18:17:48.448  9699  9750 W RCTVR_HERMES: [warn]: QEData empty or corrupt for sessionless__oculus_vrshell_aui_library_badge_universe
07-21 18:17:48.448  9699  9750 W RCTVR_HERMES: [warn]: QEData empty or corrupt for sessionless__oculus_mobile_library_badge_updates_category_universe
07-21 18:17:48.455  9699  9723 D QuickPromotionModule: Initialized and enabled.
07-21 18:17:48.456  9699  9750 I RCTVR_HERMES: [info]: 'Relay', [ 'Received prefetch queries',
07-21 18:17:48.456  9699  9750 I RCTVR_HERMES:   [ { docId: '2175137252524019',
07-21 18:17:48.456  9699  9750 I RCTVR_HERMES:       variables: '{"alternativeSource":null,"cursor":null,"count":4,"feedSource":null,"section":"ALL"}' } ] ]
07-21 18:17:48.457  9699  9750 I RCTVR_HERMES: [info]: 'Analytics', { duration_ms: 49,
07-21 18:17:48.457  9699  9750 I RCTVR_HERMES:   status: 'qp_initialize_completed',
07-21 18:17:48.457  9699  9750 I RCTVR_HERMES:   type: 'oculus_config' }
07-21 18:17:48.459  9699  9750 I RCTVR_HERMES: [info]: 'Analytics', { section_name: 'null',
07-21 18:17:48.459  9699  9750 I RCTVR_HERMES:   sub_section_name: 'null',
07-21 18:17:48.459  9699  9750 I RCTVR_HERMES:   destination: undefined,
07-21 18:17:48.459  9699  9750 I RCTVR_HERMES:   source: undefined,
07-21 18:17:48.459  9699  9750 I RCTVR_HERMES:   timerId: undefined,
07-21 18:17:48.459  9699  9750 I RCTVR_HERMES:   first_session_event: true,
07-21 18:17:48.459  9699  9750 I RCTVR_HERMES:   active_duration_ms: 50.646401999518275,
07-21 18:17:48.459  9699  9750 I RCTVR_HERMES:   step: '',
07-21 18:17:48.459  9699  9750 I RCTVR_HERMES:   real_timestamp: 1563747468458,
07-21 18:17:48.459  9699  9750 I RCTVR_HERMES:   type: 'oculus_home_init_latency_quick_promotions' }
07-21 18:17:48.460  9699  9750 W RCTVR_HERMES: [warn]: QEData empty or corrupt for sessionless__oculus_horizon_party_live_streaming_universe
07-21 18:17:48.461  9699  9750 V RCTVR_HERMES: [log]: 'Routing', 'Redirecting to current default route /prime'
07-21 18:17:48.461  8414  9698 I [OAR] AudioMixer: Finishing mono effect
07-21 18:17:48.461  9699  9750 I RCTVR_HERMES: [info]: 'Routing', [ 'REPLACE Navigating to /prime' ]
07-21 18:17:48.461  9699  9750 V RCTVR_HERMES: [log]: 'Routing', [ 'REPLACE: /prime' ]
07-21 18:17:48.461  9699  9750 V RCTVR_HERMES: [log]: 'Routing', 'Referrer', null
07-21 18:17:48.481  8414  9698 I [OAR] AudioMixer: Finishing mono effect
07-21 18:17:48.538  9699  9750 W RCTVR_HERMES: [warn]: QEData empty or corrupt for sessionless__oculus_home_no_internet_indicator_universe
07-21 18:17:48.540  9699  9750 I RCTVR_HERMES: [info]: 'Analytics', { section_name: 'null',
07-21 18:17:48.540  9699  9750 I RCTVR_HERMES:   sub_section_name: 'null',
07-21 18:17:48.540  9699  9750 I RCTVR_HERMES:   spinner_key: 'router_where_to_go_initial',
07-21 18:17:48.540  9699  9750 I RCTVR_HERMES:   spinner_type: 'panel',
07-21 18:17:48.540  9699  9750 I RCTVR_HERMES:   active_duration_ms: 178.8952419999987,
07-21 18:17:48.540  9699  9750 I RCTVR_HERMES:   real_timestamp: 1563747468539,
07-21 18:17:48.540  9699  9750 I RCTVR_HERMES:   type: 'oculus_home_loading_spinner' }
07-21 18:17:48.541  9699  9750 I RCTVR_HERMES: [info]: 'Deeplinking', [ 'StoreIAP: Deeplinking handled: /deeplinking/prime?deeplinkingRoot=1' ]
07-21 18:17:48.552  9699  9723 I RCTVR   : RCTEnvironment
07-21 18:17:48.552  9699  9723 I RCTVR   : env default
07-21 18:17:48.553  9699  9723 I RCTVR   : [TIMESTAMP] : RCTMarker_tti_router_app : 1563747468.55298996
07-21 18:17:48.567  9699  9723 I panelapp: LE reactvr_info
07-21 18:17:48.571  9699  9750 V RCTVR_HERMES: [log]: 'Analytics', 'Section changed from (empty) to explore:default after 0  ms (0 inactive ms).'
07-21 18:17:48.572  9699  9750 I RCTVR_HERMES: [info]: 'Analytics', { section_name: 'explore',
07-21 18:17:48.572  9699  9750 I RCTVR_HERMES:   sub_section_name: 'default',
07-21 18:17:48.572  9699  9750 I RCTVR_HERMES:   inactive_time_ms: 0,
07-21 18:17:48.572  9699  9750 I RCTVR_HERMES:   real_timestamp: 1563747468571,
07-21 18:17:48.572  9699  9750 I RCTVR_HERMES:   type: 'section_entry' }
07-21 18:17:48.572  9699  9750 I RCTVR_HERMES: [info]: 'Routing', [ 'REPLACE Navigating to /prime' ]
07-21 18:17:48.572  9699  9750 V RCTVR_HERMES: [log]: 'Routing', [ 'REPLACE: /prime' ]
07-21 18:17:48.573  9699  9750 V RCTVR_HERMES: [log]: 'Routing', 'Referrer', null
07-21 18:17:48.575  9699  9750 I RCTVR_HERMES: [info]: 'Analytics', { section_name: 'explore',
07-21 18:17:48.575  9699  9750 I RCTVR_HERMES:   sub_section_name: 'default',
07-21 18:17:48.575  9699  9750 I RCTVR_HERMES:   home_version: '151900446/3.60.300/production',
07-21 18:17:48.575  9699  9750 I RCTVR_HERMES:   os_version: 'user-256550.6810.0',
07-21 18:17:48.575  9699  9750 I RCTVR_HERMES:   service_name: 'EXPLORE',
07-21 18:17:48.575  9699  9750 I RCTVR_HERMES:   shell_version: '151557608/3.13.88/',
07-21 18:17:48.575  9699  9750 I RCTVR_HERMES:   startup_latency_ms: 1408.7803390007466,
07-21 18:17:48.575  9699  9750 I RCTVR_HERMES:   tti_type: 'cold_start_first_render',
07-21 18:17:48.575  9699  9750 I RCTVR_HERMES:   real_timestamp: 1563747468574,
07-21 18:17:48.575  9699  9750 I RCTVR_HERMES:   type: 'oculus_home_tti' }
07-21 18:17:48.578  9699  9750 I RCTVR_HERMES: [info]: 'Routing', [ 'REPLACE Navigating to /prime' ]
07-21 18:17:48.578  9699  9750 V RCTVR_HERMES: [log]: 'Routing', [ 'REPLACE: /prime' ]
07-21 18:17:48.579  9699  9750 V RCTVR_HERMES: [log]: 'Routing', 'Referrer', null
07-21 18:17:48.594  9699  9723 D QuickPromotionModule: Enable surface #5643.
07-21 18:17:48.594  9699  9723 D QuickPromotionModule: Enable surface #5259.
07-21 18:17:48.594  9699  9723 D QuickPromotionModule: Signal trigger 'app_foreground'.
07-21 18:17:48.597  9699  9738 I OVR_MemBuffer: Couldn't open assets/oculus-apps-native/VrShell/Home/assets/icons/settings_32x32.ktx
07-21 18:17:48.598  9699  9723 I RCTVR   : [TIMESTAMP] : RCTMarker_tti_explore_panel_contents : 1563747468.59856486
07-21 18:17:48.608  9699  9723 I panelapp: LE reactvr_info
07-21 18:17:48.608  9699  9723 I panelapp: LE reactvr_info
07-21 18:17:48.608  9699  9723 I panelapp: LE reactvr_info
07-21 18:17:48.623  9699  9723 I RCTVR   : [TIMESTAMP] : RCTMarker_tti_explore_panel : 1563747468.62302184
07-21 18:17:48.623  9699  9723 I RCTVR   : Allocated blur texture 9, size 794x65
07-21 18:17:48.635  1896  1896 I [OAR] AnytimeUIAndroidPanelAppBase: actionNavigate - App:  systemux://library, Uri:  
07-21 18:17:48.636  9699  9723 I panelapp: LE reactvr_info
07-21 18:17:48.662  8414  8442 I [OAR] AudioSystem: Starting haptic select1 on device 0
07-21 18:17:48.662  8414  8442 I [OAR] AudioMixer: Creating a new stream for client UiSound5
07-21 18:17:48.662  8414  8442 I [OAR] AudioMixer: PlaySoundEffect: 44252 samples at 11569.362381
07-21 18:17:48.662  8414  8442 I [OAR] SystemUXController: System UX, targetComponent = systemux://library, uri = , returnComponent = 
07-21 18:17:48.662  8414  8442 D [OAR] PanelAppConfigurationUtil: Retrieving panel configuration for com.oculus.vrshell.home - com.oculus.vrshell.home.LibraryService
07-21 18:17:48.664  8414  8442 D [OAR] PanelAppConfigurationUtil: Retrieving panel configuration for com.oculus.vrshell.home - com.oculus.vrshell.home.LibraryService
07-21 18:17:48.666  8414  8442 I [OAR] SystemUXController: Registering pending Shell Application launch for com.oculus.vrshell.home/com.oculus.vrshell.home.LibraryService,- overwriting existing launch? false.
07-21 18:17:48.675  8414  8442 I [OAR] SystemUXController: ProcessPendingLaunch 1
07-21 18:17:48.675  8414  8442 I [OAR] DialogController: CloseDialog old: 0, pendingUri systemux://dialog/none, pendingComponent 
07-21 18:17:48.675  8414  8442 D [OAR] PanelAppConfigurationUtil: Retrieving panel configuration for com.oculus.vrshell.home - com.oculus.vrshell.home.LibraryService
07-21 18:17:48.680  8414  8442 I [OAR] ShellApp: LaunchOrDeepLink() - Falling back to LaunchPrimaryPanelApp - No matching context found for com.oculus.vrshell.home/com.oculus.vrshell.home.LibraryService with uri /library?newDeeplink=1
07-21 18:17:48.680  8414  8442 I [OAR] ShellApp: LaunchPrimaryPanelApp( com.oculus.vrshell.home/com.oculus.vrshell.home.LibraryService )
07-21 18:17:48.680  8414  8442 I [OAR] ShellApp: Background
07-21 18:17:48.680  8414  8442 I [OAR] PanelAppHost: OnBackground
07-21 18:17:48.680  8414  8442 I [OAR] PanelAppHost: Panel app 9 (com.oculus.vrshell.home/com.oculus.vrshell.home.ExploreService) changing state from foreground to background
07-21 18:17:48.681  8414  8442 D [OAR] MainActivity: notify OS to set com.oculus.vrshell.home/com.oculus.vrshell.home.ExploreService to BACKGROUND
07-21 18:17:48.682  8414  8442 I [OAR] PanelAppHost: com.oculus.vrshell.home/com.oculus.vrshell.home.ExploreService:9 is now backgrounded due to: appSwitch
07-21 18:17:48.683  9699  9723 I RCTVR   : AppState backgroundReason [appSwitch]
07-21 18:17:48.683  2013  2025 I VrRuntimeService: nativeDestroyTextureSwapChain 244
07-21 18:17:48.684  8414  8442 I [OAR] ShellApp: ResetComponents
07-21 18:17:48.684  8414  8442 I BaseEnvironment: Clear()
07-21 18:17:48.684  8414  8442 I TrackedUser: Reset
07-21 18:17:48.684  8414  8442 I [OAR] ShellApp: CreatePanelApp( com.oculus.vrshell.home/com.oculus.vrshell.home.LibraryService )
07-21 18:17:48.684  8414  8442 I [OAR] ShellApp: Environment:
07-21 18:17:48.684  8414  8442 I [OAR] ShellApp: uri = /library?newDeeplink=1
07-21 18:17:48.684  8414  8442 I [OAR] PanelAppHost: PanelAppHost( com.oculus.vrshell.home/com.oculus.vrshell.home.LibraryService ) for PanelId 10
07-21 18:17:48.684  8414  8442 I [OAR] PanelAppHost: Panel app 10 (com.oculus.vrshell.home/com.oculus.vrshell.home.LibraryService) changing state from startup to foreground
07-21 18:17:48.686  8414  8442 I [OAR] PanelAppHost: Surface: #main = 0
07-21 18:17:48.688  8414  8442 I [OAR] PanelAppHost: Surface: videos = 0
07-21 18:17:48.688  8414  8442 I [OAR] PanelAppHost: Surface: playerui = 0
07-21 18:17:48.689  8414  8442 I [OAR] PanelAppHost: Surface: reactdebugsurface = 0
07-21 18:17:48.689  8414  8442 I [OAR] PanelAppHost: adding environment string uri
07-21 18:17:48.689  8414  8442 I [OAR] PanelAppHost: adding environment string /library?newDeeplink=1
07-21 18:17:48.689  8414  8442 I [OAR] PanelAppHost: adding environment string _oc_analytics_session_id
07-21 18:17:48.689  8414  8442 I [OAR] PanelAppHost: adding environment string be97a328-8c25-4095-a42f-19995b369a7d
07-21 18:17:48.689  8414  8442 I [OAR] PanelAppHost: adding environment string _oc_device_region
07-21 18:17:48.689  8414  8442 I [OAR] PanelAppHost: adding environment string 0
07-21 18:17:48.689  8414  8442 I [OAR] PanelAppHost: adding environment string _oc_device_type
07-21 18:17:48.689  8414  8442 I [OAR] PanelAppHost: adding environment string 259
07-21 18:17:48.689  8414  8442 I [OAR] PanelAppHost: adding environment string _oc_headset_type
07-21 18:17:48.689  8414  8442 I [OAR] PanelAppHost: adding environment string 256
07-21 18:17:48.689  8414  8442 I [OAR] PanelAppHost: adding environment string _oc_userid
07-21 18:17:48.689  8414  8442 I [OAR] PanelAppHost: adding environment string 105270740415731
07-21 18:17:48.689  8414  8442 I [OAR] PanelAppHost: adding environment string _oc_shell_version_name
07-21 18:17:48.689  8414  8442 I [OAR] PanelAppHost: adding environment string 3.13.88
07-21 18:17:48.689  8414  8442 I [OAR] PanelAppHost: adding environment string _oc_shell_version_code
07-21 18:17:48.689  8414  8442 I [OAR] PanelAppHost: adding environment string 151557608
07-21 18:17:48.689  8414  8442 I [OAR] PanelAppHost: adding environment string _oc_shell_permissions
07-21 18:17:48.689  8414  8442 I [OAR] PanelAppHost: adding environment string permissionsGranted write_storage microphone
07-21 18:17:48.689  8414  8442 I [OAR] PanelAppHost: adding environment string _oc_shell_automation_enabled
07-21 18:17:48.689  8414  8442 I [OAR] PanelAppHost: adding environment string false
07-21 18:17:48.689  8414  8442 I [OAR] PanelAppHost: adding environment string _oc_shell_feature_sets
07-21 18:17:48.689  8414  8442 I [OAR] PanelAppHost: adding environment string multi-layer-v1,mirror-avatar-v1,system-ux-routes-v1,deeplink-nav-v1
07-21 18:17:48.689  8414  8442 I [OAR] PanelAppHost: adding environment string _oc_launch_timestamp
07-21 18:17:48.689  8414  8442 I [OAR] PanelAppHost: adding environment string 11569345.350576
07-21 18:17:48.689  8414  8442 I [OAR] PanelAppHost: adding environment string _oc_gk:oculus_vrshell_core_anytime_ui
07-21 18:17:48.689  8414  8442 I [OAR] PanelAppHost: adding environment string true
07-21 18:17:48.690  8414  8442 I [OAR] PanelAppHost: adding environment string _oc_gk:oculus_mobile_home_panel_services
07-21 18:17:48.690  8414  8442 I [OAR] PanelAppHost: adding environment string true
07-21 18:17:48.690  8414  8442 I [OAR] PanelAppHost: Calling sendApkPanelLaunchIntent for panel app com.oculus.vrshell.home/com.oculus.vrshell.home.LibraryService
