07-21 18:17:48.690  8414  8442 D [OAR] MainActivity: sendApkPanelLaunchIntent: packageName=com.oculus.vrshell.home, serviceClassName=com.oculus.vrshell.home.LibraryService
07-21 18:17:48.695  8414  8442 D [OAR] MainActivity: bindService Intent { cmp=com.oculus.vrshell.home/.LibraryService }
07-21 18:17:48.707  1759  1759 I VRLifecycleSessionManager: Stored session info.
07-21 18:17:48.736  1119  1461 I ActivityManager: Start proc 9778:com.oculus.vrshell.home:library/u0a48 for service com.oculus.vrshell.home/.LibraryService
07-21 18:17:48.737  8414  8442 I InputHooks_Internal: SetInhibitHandleLongPress = false
07-21 18:17:48.737  2013  2032 I GazeTimer: (11569.3986) CancelTimer
07-21 18:17:48.738  8414  8442 I ScreenCaptureHelper: SetScreenCaptureInhibitFlag : enabled
07-21 18:17:48.739  9699  9770 I libjingle: [000:321] [9770] (opensslidentity.cc:82): Returning key pair
07-21 18:17:48.739  9699  9770 I libjingle: [000:321] [9770] (opensslidentity.cc:89): Making certificate for WebRTC
07-21 18:17:48.739  8414  8442 D VRProviderHelper: Could not find provider
07-21 18:17:48.739  8414  8442 I PlatformManager: Resuming live stream
07-21 18:17:48.746  9699  9770 I libjingle: [000:328] [9770] (opensslidentity.cc:137): Returning certificate
07-21 18:17:48.748  1896  1896 I [OAR] AnytimeUIAndroidPanelApp: updateActiveComponent - systemux://library, returnComponent = 
07-21 18:17:48.751  9699  9726 I OVRPlatform: [AndroidPlatformIntegration] Cached SystemVoipState wasn't set, explicitly requesting
07-21 18:17:48.759  9699  9726 I OVRPlatform: [RequestStopwatch] AndroidFinishInitialization took 637.0630 milliseconds
07-21 18:17:48.759   712  8501 I [CT]    : MANAGEMENT:CONSTELLATION: Status=GREEN,, Obj=1330907301555498001,6DOF=1,FusJit=0.02mm,Issues(Cam/min=  0,IMU/min=0), Obj=2083538823622510505,6DOF=1,FusJit=0.0mm,Issues(Cam/min=  0,IMU/min=0)
07-21 18:17:48.762  9699  9726 I OVRPlatform: [RequestStopwatch] AndroidAsyncInitRequest took 642.8590 milliseconds
07-21 18:17:48.766  9699  9732 I OVRPlatform: [RequestStopwatch] GetLoggedInUserRequest took 13.9430 milliseconds
07-21 18:17:48.773  8414  8442 I PlatformManager: isLiveStreaming response:  0
07-21 18:17:48.773  1759  1950 I OVRPlatform: [PartiesAPI] ovr_Party_PluginGetSharedMemHandle: This function is deprecated, do not use
07-21 18:17:48.774  9699  9730 I OVRPlatform: [P2PNetworkTransport] SystemVoip state changed, updating mute
07-21 18:17:48.777  8414  8512 I OVRPlatform: [QueueAsyncResponseHandler] success: {"livestreaming_enabled":false,"is_paused":false,"livestreaming_type":0,"comments_visible":false,"mic_enabled":true}
07-21 18:17:48.782  8414  8414 D [OAR] ShellControlBroadcastReceiver: onReceive with sAppPtr 3498308672 and action com.oculus.systemactivities.LOCAL_STREAM_STATE_UPDATE
07-21 18:17:48.787  8414  8442 I [OAR] ShellApp: 0xd07ff2d0 msg: broadcastIntent:
07-21 18:17:48.787  8414  8442 I [OAR] ShellApp: is_capture_running = 0
07-21 18:17:48.787  8414  8442 I [OAR] ShellApp: intent_action = com.oculus.systemactivities.LOCAL_STREAM_STATE_UPDATE
07-21 18:17:48.787  8414  8442 I [OAR] SystemUXController: OnLocalStreamChanged, enabled?=0
07-21 18:17:48.788  1896  1896 I [OAR] AnytimeUIAndroidPanelAppBase: updateLocalStreamState - false
07-21 18:17:48.796  9699  9750 I RCTVR_HERMES: [info]: 'Analytics', { section_name: 'explore',
07-21 18:17:48.796  9699  9750 I RCTVR_HERMES:   sub_section_name: 'default',
07-21 18:17:48.796  9699  9750 I RCTVR_HERMES:   active_duration_ms: 212.85357300005853,
07-21 18:17:48.796  9699  9750 I RCTVR_HERMES:   real_timestamp: 1563747468785,
07-21 18:17:48.796  9699  9750 I RCTVR_HERMES:   type: 'section_exit' }
07-21 18:17:48.856  1759  1951 I ExternalPlatformNetwork: access token acquired for pkg 'com.oculus.vrshell.home'
07-21 18:17:48.857  9778  9778 W System  : ClassLoader referenced unknown path: /system/app/VrHome/lib/arm
07-21 18:17:48.865  9699  9725 I OVRPlatform: [RequestStopwatch] AccessTokenRequest took 117.5600 milliseconds
07-21 18:17:48.903  9778  9778 I HomeApplication: timestamp onCreate
07-21 18:17:48.909  9699  9723 E libEGL  : call to OpenGL ES API with no current context (logged once per thread)
07-21 18:17:48.913  8414  8442 I [OAR] AudioSystem: Starting haptic hover1 on device 0
07-21 18:17:48.913  8414  8442 I [OAR] AudioMixer: Creating a new stream for client UiSound0
07-21 18:17:48.913  8414  8442 I [OAR] AudioMixer: PlaySoundEffect: 8425 samples at 11569.602381
07-21 18:17:49.025  1896  1896 I [OAR] AnytimeUIAndroidPanelAppBase: actionShowTooltip (sending tooltip request to native layer) - Tooltip Text: "Create a new Guardian boundary for sitting or standing experiences", Host Layer: #main, Host U Coordinate: 0.300000, Host V Coordinate 0.975104, Tooltip Position Top, Tooltip Telemetry ID: taskbar_guardian_stationary_button_tooltip
07-21 18:17:49.030  9778  9778 I HomeApplication: timestamp start SoLoader.init
07-21 18:17:49.034  9778  9778 D SoLoader: init start
07-21 18:17:49.034  9778  9778 D SoLoader: adding system library source: /vendor/lib
07-21 18:17:49.034  9778  9778 D SoLoader: adding system library source: /system/lib
07-21 18:17:49.035  9778  9778 D SoLoader: adding backup source from : com.facebook.soloader.ApkSoSource[root = /data/data/com.oculus.vrshell.home/lib-main flags = 1]
07-21 18:17:49.035  9778  9778 D SoLoader: Preparing SO source: com.facebook.soloader.DirectorySoSource[root = /system/lib flags = 2]
07-21 18:17:49.035  9778  9778 D SoLoader: Preparing SO source: com.facebook.soloader.DirectorySoSource[root = /system/vendor/lib flags = 2]
07-21 18:17:49.035  9778  9778 D SoLoader: Preparing SO source: com.facebook.soloader.ApkSoSource[root = /data/data/com.oculus.vrshell.home/lib-main flags = 1]
07-21 18:17:49.037  9778  9778 V fb-UnpackingSoSource: locked dso store /data/user/0/com.oculus.vrshell.home/lib-main
07-21 18:17:49.038  8414  8442 I [OAR] AudioSystem: Starting haptic hover1 on device 0
07-21 18:17:49.038  8414  8442 I [OAR] AudioMixer: Creating a new stream for client UiSound1
07-21 18:17:49.038  8414  8442 I [OAR] AudioMixer: PlaySoundEffect: 8425 samples at 11569.722381
07-21 18:17:49.038  9778  9778 I fb-UnpackingSoSource: dso store is up-to-date: /data/user/0/com.oculus.vrshell.home/lib-main
07-21 18:17:49.038  9778  9778 V fb-UnpackingSoSource: releasing dso store lock for /data/user/0/com.oculus.vrshell.home/lib-main
07-21 18:17:49.039  9778  9778 D SoLoader: init finish: 3 SO sources prepared
07-21 18:17:49.039  1896  1896 I [OAR] AnytimeUIAndroidPanelAppBase: actionHideTooltip (sending tooltip request to native layer)
07-21 18:17:49.039  9778  9778 D SoLoader: init exiting
07-21 18:17:49.039  9778  9778 I HomeApplication: timestamp start initJni
07-21 18:17:49.039  9778  9778 D SoLoader: About to load: libfbjni.so
07-21 18:17:49.039  9778  9778 D SoLoader: libfbjni.so found on /data/data/com.oculus.vrshell.home/lib-main
07-21 18:17:49.042  9778  9778 D SoLoader: Loading lib dependencies: [libmemalign16.so, liblog.so, libgnustl_shared.so, libdl.so, libc.so]
07-21 18:17:49.042  9778  9778 D SoLoader: About to load: libmemalign16.so
07-21 18:17:49.043  9778  9778 D SoLoader: libmemalign16.so found on /data/data/com.oculus.vrshell.home/lib-main
07-21 18:17:49.047  9778  9778 D SoLoader: Loading lib dependencies: [libgnustl_shared.so, libc.so]
07-21 18:17:49.048  9778  9778 D SoLoader: About to load: libgnustl_shared.so
07-21 18:17:49.049  9778  9778 D SoLoader: libgnustl_shared.so found on /data/data/com.oculus.vrshell.home/lib-main
07-21 18:17:49.050  9778  9778 D SoLoader: Loading lib dependencies: [libm.so, libc.so, libdl.so]
07-21 18:17:49.050  9778  9778 D SoLoader: About to load: libm.so
07-21 18:17:49.051  9778  9778 D SoLoader: libm.so not found on /data/data/com.oculus.vrshell.home/lib-main
07-21 18:17:49.051  9778  9778 D SoLoader: libm.so not found on /system/vendor/lib
07-21 18:17:49.051  9778  9778 D SoLoader: libm.so found on /system/lib
07-21 18:17:49.051  9778  9778 D SoLoader: libm.so loaded implicitly
07-21 18:17:49.051  9778  9778 D SoLoader: Loaded: libm.so
07-21 18:17:49.051  9778  9778 D SoLoader: About to load: libc.so
07-21 18:17:49.051  9778  9778 D SoLoader: libc.so not found on /data/data/com.oculus.vrshell.home/lib-main
07-21 18:17:49.051  9778  9778 D SoLoader: libc.so not found on /system/vendor/lib
07-21 18:17:49.051  9778  9778 D SoLoader: libc.so found on /system/lib
07-21 18:17:49.051  9778  9778 D SoLoader: libc.so loaded implicitly
07-21 18:17:49.051  9778  9778 D SoLoader: Loaded: libc.so
07-21 18:17:49.051  9778  9778 D SoLoader: About to load: libdl.so
07-21 18:17:49.052  9778  9778 D SoLoader: libdl.so not found on /data/data/com.oculus.vrshell.home/lib-main
07-21 18:17:49.052  9778  9778 D SoLoader: libdl.so not found on /system/vendor/lib
07-21 18:17:49.052  9778  9778 D SoLoader: libdl.so found on /system/lib
07-21 18:17:49.052  9778  9778 D SoLoader: libdl.so loaded implicitly
07-21 18:17:49.052  9778  9778 D SoLoader: Loaded: libdl.so
07-21 18:17:49.060  9778  9778 D SoLoader: Loaded: libgnustl_shared.so
07-21 18:17:49.063  9778  9778 D SoLoader: Loaded: libmemalign16.so
07-21 18:17:49.063  9778  9778 D SoLoader: About to load: liblog.so
07-21 18:17:49.063  9778  9778 D SoLoader: liblog.so not found on /data/data/com.oculus.vrshell.home/lib-main
07-21 18:17:49.063  9778  9778 D SoLoader: liblog.so not found on /system/vendor/lib
07-21 18:17:49.063  9778  9778 D SoLoader: liblog.so found on /system/lib
07-21 18:17:49.063  9778  9778 D SoLoader: liblog.so loaded implicitly
07-21 18:17:49.063  9778  9778 D SoLoader: Loaded: liblog.so
07-21 18:17:49.066  9778  9778 D SoLoader: Loaded: libfbjni.so
07-21 18:17:49.067  9778  9778 I HomeApplication: timestamp initJni end
07-21 18:17:49.071  8414  9695 I VrApi   : FPS=72,Prd=44ms,Tear=0,Early=48,Stale=21,VSnc=1,Lat=1,Fov=0,CPU4/GPU=3/4,1958/670MHz,OC=FF,TA=0/E0/0,SP=N/F/N,Mem=1804MHz,Free=1767MB,PSM=0,PLS=0,Temp=36.0C/0.0C,TW=3.23ms,App=5.28ms,GD=2.05ms
07-21 18:17:49.072  8414  9697 I UtilPoller: GPU Util 0.691856 / CPU Util 0.515464 (avg 0.442659)
07-21 18:17:49.081  8414  9698 I [OAR] AudioMixer: Finishing mono effect
07-21 18:17:49.109  9778  9778 D SoLoader: About to load: liboktigon.so
07-21 18:17:49.109  9778  9778 D SoLoader: liboktigon.so found on /data/data/com.oculus.vrshell.home/lib-main
07-21 18:17:49.112  9778  9778 D SoLoader: Loading lib dependencies: [libfb.so, libfbjni.so, libmemalign16.so, liblog.so, libgnustl_shared.so, libc.so]
07-21 18:17:49.113  9778  9778 D SoLoader: About to load: libfb.so
07-21 18:17:49.113  9778  9778 D SoLoader: libfb.so found on /data/data/com.oculus.vrshell.home/lib-main
07-21 18:17:49.117  9778  9778 D SoLoader: Loading lib dependencies: [libfbjni.so, libfbgloginit.so, libmemalign16.so, libbreakpad.so, liblog.so, libdl.so, libglog.so, libgnustl_shared.so, libc.so]
07-21 18:17:49.117  9778  9778 D SoLoader: About to load: libfbgloginit.so
07-21 18:17:49.118  9778  9778 D SoLoader: libfbgloginit.so found on /data/data/com.oculus.vrshell.home/lib-main
07-21 18:17:49.129  9778  9778 D SoLoader: Loading lib dependencies: [libmemalign16.so, liblog.so, libglog.so, libgnustl_shared.so, libc.so]
07-21 18:17:49.130  9778  9778 D SoLoader: About to load: libglog.so
07-21 18:17:49.130  9778  9778 D SoLoader: libglog.so found on /data/data/com.oculus.vrshell.home/lib-main
07-21 18:17:49.131  9778  9778 D SoLoader: Loading lib dependencies: [libmemalign16.so, libgnustl_shared.so, libc.so]
07-21 18:17:49.135  9778  9778 D SoLoader: Loaded: libglog.so
07-21 18:17:49.136  1896  1896 I [OAR] AnytimeUIAndroidPanelAppBase: actionShowTooltip (sending tooltip request to native layer) - Tooltip Text: "Create a new Guardian boundary for sitting or standing experiences", Host Layer: #main, Host U Coordinate: 0.300000, Host V Coordinate 0.975104, Tooltip Position Top, Tooltip Telemetry ID: taskbar_guardian_stationary_button_tooltip
07-21 18:17:49.137  9778  9778 D SoLoader: Loaded: libfbgloginit.so
07-21 18:17:49.137  9778  9778 D SoLoader: About to load: libbreakpad.so
07-21 18:17:49.137  9778  9778 D SoLoader: libbreakpad.so found on /data/data/com.oculus.vrshell.home/lib-main
07-21 18:17:49.139  9778  9778 D SoLoader: Loading lib dependencies: [libmemalign16.so, liblog.so, libgnustl_shared.so, libdl.so, libc.so]
07-21 18:17:49.141  9778  9778 D fb-breakpad-wrapper: Breakpad Client Wrapper JNI_OnLoad
07-21 18:17:49.143  9778  9778 D BreakpadManager: getBreakpadImplementationSoName for current App : /data/user/0/com.oculus.vrshell.home/lib-main/libbreakpad-core.so
07-21 18:17:49.143  9778  9778 D SoLoader: Loaded: libbreakpad.so
07-21 18:17:49.148  9778  9778 D SoLoader: About to load: libfb.so
07-21 18:17:49.148  9778  9778 D SoLoader: libfb.so found on /data/data/com.oculus.vrshell.home/lib-main
07-21 18:17:49.149  8414  8442 I [OAR] AudioSystem: Starting haptic hover1 on device 0
07-21 18:17:49.149  8414  8442 I [OAR] AudioMixer: Creating a new stream for client UiSound2
07-21 18:17:49.149  8414  8442 I [OAR] AudioMixer: PlaySoundEffect: 8425 samples at 11569.842381
07-21 18:17:49.151  9778  9778 D SoLoader: Loading lib dependencies: [libfbjni.so, libfbgloginit.so, libmemalign16.so, libbreakpad.so, liblog.so, libdl.so, libglog.so, libgnustl_shared.so, libc.so]
07-21 18:17:49.151  9778  9778 I art     : Thread[1,tid=9778,Native,Thread*=0xec305400,peer=0x7487c640,"main"] recursive attempt to load library "/data/user/0/com.oculus.vrshell.home/lib-main/libfb.so"
07-21 18:17:49.151  9778  9778 D SoLoader: Loaded: libfb.so
07-21 18:17:49.151  9778  9778 D SoLoader: Loaded: libfb.so
07-21 18:17:49.163  9778  9778 D SoLoader: Loaded: liboktigon.so
07-21 18:17:49.165  1896  1896 I [OAR] AnytimeUIAndroidPanelAppBase: actionHideTooltip (sending tooltip request to native layer)
07-21 18:17:49.166  9778  9778 I HomeApplication: timestamp runAppInitializer
07-21 18:17:49.174  9778  9778 I HomeApplication: process: com.oculus.vrshell.home:library
07-21 18:17:49.174  9778  9778 I HomeApplication: endpoint: https://graph.facebook.com/logging_client_events
07-21 18:17:49.192  9778  9778 I PanelService: onCreate()
07-21 18:17:49.201  9778  9778 I SingletonPanelService: Loading library home
07-21 18:17:49.201  8414  9698 I [OAR] AudioMixer: Finishing mono effect
07-21 18:17:49.206  1896  1896 I [OAR] AnytimeUIAndroidPanelAppBase: actionShowTooltip (sending tooltip request to native layer) - Tooltip Text: "Create a new Guardian boundary for sitting or standing experiences", Host Layer: #main, Host U Coordinate: 0.300000, Host V Coordinate 0.975104, Tooltip Position Top, Tooltip Telemetry ID: taskbar_guardian_stationary_button_tooltip
07-21 18:17:49.219  8414  8442 I [OAR] AudioSystem: Starting haptic hover1 on device 0
07-21 18:17:49.219  8414  8442 I [OAR] AudioMixer: Creating a new stream for client UiSound3
07-21 18:17:49.219  8414  8442 I [OAR] AudioMixer: PlaySoundEffect: 8425 samples at 11569.902381
07-21 18:17:49.250  1896  1896 I [OAR] AnytimeUIAndroidPanelAppBase: actionHideTooltip (sending tooltip request to native layer)
07-21 18:17:49.269  1759  2001 E LibraryDBCacheManager: content://com.oculus.horizon.cache/library_cache
07-21 18:17:49.296   718   718 D wifi_sig_helper: Wifi rssi: -41	
07-21 18:17:49.317  1896  1896 I [OAR] AnytimeUIAndroidPanelAppBase: actionShowTooltip (sending tooltip request to native layer) - Tooltip Text: "Create a new Guardian boundary for sitting or standing experiences", Host Layer: #main, Host U Coordinate: 0.300000, Host V Coordinate 0.975104, Tooltip Position Top, Tooltip Telemetry ID: taskbar_guardian_stationary_button_tooltip
07-21 18:17:49.321  8414  9698 I [OAR] AudioMixer: Finishing mono effect
07-21 18:17:49.330  8414  8442 I [OAR] AudioSystem: Starting haptic hover1 on device 0
07-21 18:17:49.330  8414  8442 I [OAR] AudioMixer: Creating a new stream for client UiSound4
07-21 18:17:49.330  8414  8442 I [OAR] AudioMixer: PlaySoundEffect: 8425 samples at 11570.022381
07-21 18:17:49.331  1896  1896 I [OAR] AnytimeUIAndroidPanelAppBase: actionHideTooltip (sending tooltip request to native layer)
07-21 18:17:49.346  1935  9798 W LibraryStorage: Unable to move cursor to the first position
07-21 18:17:49.346  1935  9798 I LibraryStorage: Successfully cleared 13 entitlements
07-21 18:17:49.346  1935  9798 I LibraryStorage: Saving 12/12 apps due to contents not having changed
07-21 18:17:49.358  8414  8442 I [OAR] AudioSystem: Starting haptic hover1 on device 0
07-21 18:17:49.358  8414  8442 I [OAR] AudioMixer: PlaySoundEffect: 8425 samples at 11570.042381
07-21 18:17:49.372  1935  9798 I LibraryStorage: Successfully saved 12 entitlements. Total entitlements: 12
07-21 18:17:49.373  8414  8442 I [OAR] AudioSystem: Starting haptic hover1 on device 0
07-21 18:17:49.373  8414  8442 I [OAR] AudioMixer: Creating a new stream for client UiSound0
07-21 18:17:49.373  8414  8442 I [OAR] AudioMixer: PlaySoundEffect: 8425 samples at 11570.062381
07-21 18:17:49.374  1935  9798 I LibraryStorage: notifying: content://com.oculus.ocms.library/apps
07-21 18:17:49.381  8414  9698 I [OAR] AudioMixer: Finishing mono effect
07-21 18:17:49.386  9699  9750 I RCTVR_HERMES: [info]: 'Library', [ 'global library update received' ]
07-21 18:17:49.426  2013  2079 W TimeWarp: HandleRequest: late frames: 8%, avg lateness: 11.31 msec
07-21 18:17:49.435  9778  9778 I BaseService: onCreate service type LIBRARY
07-21 18:17:49.435  9778  9778 D CrashReporting: Breakpad for Native crashes enabled
07-21 18:17:49.437  9778  9778 D fb-breakpad-wrapper: load succ: /data/user/0/com.oculus.vrshell.home/lib-main/libbreakpad-core.so
07-21 18:17:49.439  9778  9778 D CrashReporting: ACRA/OculusCrashReporter for Java crashes enabled
07-21 18:17:49.440  9778  9778 D CrashReporting: ACRA/Initializing with endpoint https://www.facebook.com/mobile/generic_android_crash_logs/285486028533521
07-21 18:17:49.443  9778  9778 D ACRA    : ACRA init; app state monitoring:no ;reportURL: https://www.facebook.com/mobile/generic_android_crash_logs/285486028533521
07-21 18:17:49.450  9778  9778 D ACRA    : ACRA is enabled for process com.oculus.vrshell.home:library, initializing...
07-21 18:17:49.467  9778  9778 D ExceptionHandlerManager: ExceptionHandlerManager not explicitly initialized, using default mode
07-21 18:17:49.467  9778  9778 D ExceptionHandlerManager: initializing exception handler manager, prioritized=true
07-21 18:17:49.469  9778  9778 E ACRA    : Skipping ANR Detector for process: com.oculus.vrshell.home:library
07-21 18:17:49.471  9778  9778 D CrashReporting: JavascriptCrashReporter is enabled
07-21 18:17:49.472  9778  9778 I BaseService: Core app versions: {"com.oculus.browser":163136196,"com.oculus.govrnux":0,"com.oculus.home":155442684,"com.oculus.horizon":157891922,"com.oculus.mediaplayer":53624647,"com.oculus.systemactivities":154997655,"com.oculus.systemdriver":154995234,"com.oculus.systemutilities":150513939,"com.oculus.vrshell":151557608,"com.oculus.vrshell.home":151900446}
07-21 18:17:49.485  9778  9778 I OVRLibrary: com.oculus.vrshell.home will use OCMS as the library provider
07-21 18:17:49.501  8414  9698 I [OAR] AudioMixer: Finishing mono effect
07-21 18:17:49.515  9778  9778 I OVRLibrary: com.oculus.vrshell.home will use OCMS as the library provider
07-21 18:17:49.521  8414  9698 I [OAR] AudioMixer: Finishing mono effect
07-21 18:17:49.527   712  8502 I [CT]    : Viper:Map_Manager: State: TRACKING_PERSISTENT, UUID=2aeb8db3-70a9-42f9-8c62-0262073d2436, Num. Persistent maps = 5,  Persistent maps:2aeb8db3-70a9-42f9-8c62-0262073d2436,cb1c403c-024c-4c03-a6a8-0a32ef5ae596,767f5bfb-ef08-4d34-8d03-b01fb143f3ac,8ecd4733-9a52-4612-9892-d700a0f6b5e9,c9887011-ff78-42e0-9d83-b2fd7c581b9c,, Ser. Disabled = 00000000-0000-0000-0000-000000000000
07-21 18:17:49.541  8414  9698 I [OAR] AudioMixer: Finishing mono effect
07-21 18:17:49.542  9778  9778 D OculusLogger:  logEvent(oculus_home_test, {{logging_source=base_service, client_library=oculus_logger_v2}}, false)
07-21 18:17:49.549  9778  9778 E AndroidModule: Android PackageManager returned version code: 151900446, apk version code is: 1
07-21 18:17:49.573  9778  9778 I PanelService: onBind()
07-21 18:17:49.579  8414  8414 D [OAR] PanelServiceConnection: onSeviceConnected - component name (ComponentInfo{com.oculus.vrshell.home/com.oculus.vrshell.home.LibraryService}), panel app id (10)
07-21 18:17:49.579  8414  8414 D [OAR] MainActivity: notify OS to set com.oculus.vrshell.home/com.oculus.vrshell.home.LibraryService to FOREGROUND
07-21 18:17:49.585  8414  8414 I [OAR] PanelServiceConnection: verifyFirstPartyUID(isDeveloperBuildAllowed=true, uid=10048) => isVrRunnable=true, apkSignatureResult=SigCertInfo(isTrusted=true, packageNames=[com.oculus.vrshell.home], signature=3082038d30820275a00302010202041303858a300d06092a864886f70d01010b05003077310b3009060355040613025553310b3009060355040813024341311330110603550407130a4d656e6c6f205061726b31173015060355040a130e4f63756c75732056522c204c4c4331173015060355040b130e4f63756c75732056522c204c4c43311430120603550403130b4f63756c75732041707073301e170d3134313033303231343032315a170d3432303331373231343032315a3077310b3009060355040613025553310b3009060355040813024341311330110603550407130a4d656e6c6f205061726b31173015060355040a130e4f63756c75732056522c204c4c4331173015060355040b130e4f63756c75732056522c204c4c43311430120603550403130b4f63756c7573204170707330820122300d06092a864886f70d01010105000382010f003082010a0282010100a34c7fbd96dea95d811f21a0d760cabca85f2df5dbe19b62aca7a3e3e0b6e48f7e173345f2753c458d639cc2e222eeee4cfb5e89ac1c5060044414056709a43a7f1a6f1e4f2c3d708c48912634be08ad6da1fff92d9c0d4b85e4bc8a8b1c27de84c04eb1e6577c10693500af46beaf7bd2ce72a06a46f4e565859f242cecbef1a431ae8096db712cebe73840bacc64de6b99077ba1ca8c20e5d0b4870bd161f087abbf568dfef58e604068ca6f7cdea183c8681c306bc30cb223e7c5ce3a2fcf00d13e158475b3700ef62dcca46c57baecca4d91052e20b861a1a085d5fc8e99aed8c4a9cfd550d01e54ef5062133befcf7f9ea6a5a1d1575a72cd82279f34030203010001a321301f301d0603551d0e04160414ec7ccdaf8ccdc6dd1b87d4b561582ad8ec397b80300d06092a864886f70d01010b0500038201010014c557ecddc17ba8b979618036e7093b8e7307f624644532c31239f4dc83fd9424267ca7670fa9f78689cbc5bfd8a6312fdc214bd159d614a8753ceec0f2b2d9166217895b13c992e1d10ca625a3153dacfa51dbdb7fde139bd59510f5add29f88be3826b445ce7386dcf06577be72fbdf118fa81179091fad275981409e02d40422d8e86df5827a2c496a4b905b4825c3f1ba0af4cf509bf9b0d4d608cf0b4320ac60d1a8cbcc384de24f11a4c93c0fc5b887cbd6855871af1b1ef729c51a8a123efc6a627b6494e81a264587443b9156ad17772863c2f9685fae9c72a552b333f8ef2822bce5d4d178e45b3a8dd4e321924f6a5ba43f732971a9e74cbf0433), time=2 ms
07-21 18:17:49.598  9778  9778 I HomeApplication: onUserId
07-21 18:17:49.601  9778  9795 D VrSignatureVerifier: No developer OSIG found
07-21 18:17:49.604  1759  1773 I art     : Background sticky concurrent mark sweep GC freed 74132(4MB) AllocSpace objects, 2(40KB) LOS objects, 29% free, 12MB/17MB, paused 5.369ms total 67.895ms
07-21 18:17:49.609  9778  9809 D NetworkSecurityConfig: No Network Security Config specified, using platform default
07-21 18:17:49.619  9778  9809 W FBConfigUtils: Invalid schema hash in flatbuffer. Forcing C++ manager creation.
07-21 18:17:49.620  9778  9809 D SoLoader: About to load: libmobileconfig-jni.so
07-21 18:17:49.620  9778  9809 D SoLoader: libmobileconfig-jni.so found on /data/data/com.oculus.vrshell.home/lib-main
07-21 18:17:49.621  9778  9809 D SoLoader: Loading lib dependencies: [libfolly.so, libfb.so, libfbjni.so, libmemalign16.so, libjniexecutors.so, liblog.so, libandroid.so, libmobileconfig_FBMobileConfigCore_FBMobileConfigCoreAndroid.so, libgnustl_shared.so, libc.so]
07-21 18:17:49.621  9778  9809 D SoLoader: About to load: libfolly.so
07-21 18:17:49.621  9778  9809 D SoLoader: libfolly.so found on /data/data/com.oculus.vrshell.home/lib-main
07-21 18:17:49.621  9778  9809 D SoLoader: Loading lib dependencies: [libmemalign16.so, libglog.so, libdouble-conversion.so, libgnustl_shared.so, libc.so]
07-21 18:17:49.621  9778  9809 D SoLoader: About to load: libdouble-conversion.so
07-21 18:17:49.622  9778  9809 D SoLoader: libdouble-conversion.so found on /data/data/com.oculus.vrshell.home/lib-main
07-21 18:17:49.622  9778  9809 D SoLoader: Loading lib dependencies: [libgnustl_shared.so, libm.so, libc.so]
07-21 18:17:49.623  9778  9809 D SoLoader: Loaded: libdouble-conversion.so
07-21 18:17:49.632  9778  9809 D SoLoader: Loaded: libfolly.so
07-21 18:17:49.632  9778  9809 D SoLoader: About to load: libjniexecutors.so
07-21 18:17:49.632  9778  9809 D SoLoader: libjniexecutors.so found on /data/data/com.oculus.vrshell.home/lib-main
07-21 18:17:49.633  9778  9809 D SoLoader: Loading lib dependencies: [libfb.so, libfbjni.so, libfolly_executorAndroid.so, libmemalign16.so, libglog.so, libfbsystrace.so, libgnustl_shared.so, libc.so]
07-21 18:17:49.633  9778  9809 D SoLoader: About to load: libfolly_executorAndroid.so
07-21 18:17:49.633  9778  9809 D SoLoader: libfolly_executorAndroid.so found on /data/data/com.oculus.vrshell.home/lib-main
07-21 18:17:49.633  9778  9809 D SoLoader: Loading lib dependencies: [libglog.so, libgnustl_shared.so, libc.so]
07-21 18:17:49.638  9778  9809 D SoLoader: Loaded: libfolly_executorAndroid.so
07-21 18:17:49.638  9778  9809 D SoLoader: About to load: libfbsystrace.so
07-21 18:17:49.638  9778  9809 D SoLoader: libfbsystrace.so found on /data/data/com.oculus.vrshell.home/lib-main
07-21 18:17:49.639  9778  9809 D SoLoader: Loading lib dependencies: [libprofiloextapi.so, libgnustl_shared.so, libdl.so, libc.so]
07-21 18:17:49.639  9778  9809 D SoLoader: About to load: libprofiloextapi.so
07-21 18:17:49.639  9778  9809 D SoLoader: libprofiloextapi.so found on /data/data/com.oculus.vrshell.home/lib-main
07-21 18:17:49.639  9778  9809 D SoLoader: Loading lib dependencies: [libc.so]
07-21 18:17:49.644  9778  9809 D SoLoader: Loaded: libprofiloextapi.so
07-21 18:17:49.657  9778  9809 D SoLoader: Loaded: libfbsystrace.so
07-21 18:17:49.677  9778  9809 D SoLoader: Loaded: libjniexecutors.so
07-21 18:17:49.677  9778  9809 D SoLoader: About to load: libandroid.so
07-21 18:17:49.677  9778  9809 D SoLoader: libandroid.so not found on /data/data/com.oculus.vrshell.home/lib-main
07-21 18:17:49.677  9778  9809 D SoLoader: libandroid.so not found on /system/vendor/lib
07-21 18:17:49.677  9778  9809 D SoLoader: libandroid.so found on /system/lib
07-21 18:17:49.677  9778  9809 D SoLoader: libandroid.so loaded implicitly
07-21 18:17:49.677  9778  9809 D SoLoader: Loaded: libandroid.so
07-21 18:17:49.677  9778  9809 D SoLoader: About to load: libmobileconfig_FBMobileConfigCore_FBMobileConfigCoreAndroid.so
07-21 18:17:49.677  9778  9809 D SoLoader: libmobileconfig_FBMobileConfigCore_FBMobileConfigCoreAndroid.so found on /data/data/com.oculus.vrshell.home/lib-main
07-21 18:17:49.678  9778  9809 D SoLoader: Loading lib dependencies: [libfolly.so, libasyncexecutor.so, libfolly_executorAndroid.so, libfbexit.so, libmemalign16.so, libthird-party_yajl_yajlAndroid.so, libsodium.so, libcryptox.so, libz.so, libglog.so, libdouble-conversion.so, libgnustl_shared.so, libm.so, libc.so]
07-21 18:17:49.679  9778  9809 D SoLoader: About to load: libasyncexecutor.so
07-21 18:17:49.679  9778  9809 D SoLoader: libasyncexecutor.so found on /data/data/com.oculus.vrshell.home/lib-main
07-21 18:17:49.679  9778  9809 D SoLoader: Loading lib dependencies: [libfolly_executorAndroid.so, libmemalign16.so, libgnustl_shared.so, libc.so]
07-21 18:17:49.684  9778  9809 D SoLoader: Loaded: libasyncexecutor.so
07-21 18:17:49.684  9778  9809 D SoLoader: About to load: libfbexit.so
07-21 18:17:49.684  9778  9809 D SoLoader: libfbexit.so found on /data/data/com.oculus.vrshell.home/lib-main
07-21 18:17:49.685  9778  9809 D SoLoader: Loading lib dependencies: [libgnustl_shared.so, libc.so]
07-21 18:17:49.686  9778  9809 D SoLoader: Loaded: libfbexit.so
07-21 18:17:49.686  9778  9809 D SoLoader: About to load: libthird-party_yajl_yajlAndroid.so
07-21 18:17:49.686  9778  9809 D SoLoader: libthird-party_yajl_yajlAndroid.so found on /data/data/com.oculus.vrshell.home/lib-main
07-21 18:17:49.687  9778  9809 D SoLoader: Loading lib dependencies: [libmemalign16.so, libgnustl_shared.so, libc.so]
07-21 18:17:49.694   712  8502 I [CT]    : VIPER: Status=6DoF,TRACKING,KF=122,Inl=382,Pts=427,Jit=1mm,Issues(Cam/min=0.1,IMU/min=0.0),Exp=(14.0ms,g=15,I=66)(14.0ms,g=15,I=68)(14.0ms,g=15,I=68)(14.0ms,g=15,I=74),Feat=0.20
07-21 18:17:49.696  9778  9809 D SoLoader: Loaded: libthird-party_yajl_yajlAndroid.so
07-21 18:17:49.696  9778  9809 D SoLoader: About to load: libsodium.so
07-21 18:17:49.696  9778  9809 D SoLoader: libsodium.so found on /data/data/com.oculus.vrshell.home/lib-main
07-21 18:17:49.697  9778  9809 D SoLoader: Loading lib dependencies: [libmemalign16.so, libgnustl_shared.so, libc.so]
07-21 18:17:49.703  9778  9795 I PanelService: verifyVrShellUID(isDeveloperBuildAllowed=true, uid=10024) => isVrRunnable=true, apkSignatureResult=SigCertInfo(isTrusted=true, packageNames=[com.oculus.vrshell], signature=3082038d30820275a00302010202041303858a300d06092a864886f70d01010b05003077310b3009060355040613025553310b3009060355040813024341311330110603550407130a4d656e6c6f205061726b31173015060355040a130e4f63756c75732056522c204c4c4331173015060355040b130e4f63756c75732056522c204c4c43311430120603550403130b4f63756c75732041707073301e170d3134313033303231343032315a170d3432303331373231343032315a3077310b3009060355040613025553310b3009060355040813024341311330110603550407130a4d656e6c6f205061726b31173015060355040a130e4f63756c75732056522c204c4c4331173015060355040b130e4f63756c75732056522c204c4c43311430120603550403130b4f63756c7573204170707330820122300d06092a864886f70d01010105000382010f003082010a0282010100a34c7fbd96dea95d811f21a0d760cabca85f2df5dbe19b62aca7a3e3e0b6e48f7e173345f2753c458d639cc2e222eeee4cfb5e89ac1c5060044414056709a43a7f1a6f1e4f2c3d708c48912634be08ad6da1fff92d9c0d4b85e4bc8a8b1c27de84c04eb1e6577c10693500af46beaf7bd2ce72a06a46f4e565859f242cecbef1a431ae8096db712cebe73840bacc64de6b99077ba1ca8c20e5d0b4870bd161f087abbf568dfef58e604068ca6f7cdea183c8681c306bc30cb223e7c5ce3a2fcf00d13e158475b3700ef62dcca46c57baecca4d91052e20b861a1a085d5fc8e99aed8c4a9cfd550d01e54ef5062133befcf7f9ea6a5a1d1575a72cd82279f34030203010001a321301f301d0603551d0e04160414ec7ccdaf8ccdc6dd1b87d4b561582ad8ec397b80300d06092a864886f70d01010b0500038201010014c557ecddc17ba8b979618036e7093b8e7307f624644532c31239f4dc83fd9424267ca7670fa9f78689cbc5bfd8a6312fdc214bd159d614a8753ceec0f2b2d9166217895b13c992e1d10ca625a3153dacfa51dbdb7fde139bd59510f5add29f88be3826b445ce7386dcf06577be72fbdf118fa81179091fad275981409e02d40422d8e86df5827a2c496a4b905b4825c3f1ba0af4cf509bf9b0d4d608cf0b4320ac60d1a8cbcc384de24f11a4c93c0fc5b887cbd6855871af1b1ef729c51a8a123efc6a627b6494e81a264587443b9156ad17772863c2f9685fae9c72a552b333f8ef2822bce5d4d178e45b3a8dd4e321924f6a5ba43f732971a9e74cbf0433), time=116 ms
07-21 18:17:49.705  9778  9809 D SoLoader: Loaded: libsodium.so
07-21 18:17:49.705  9778  9809 D SoLoader: About to load: libcryptox.so
07-21 18:17:49.705  9778  9809 D SoLoader: libcryptox.so found on /data/data/com.oculus.vrshell.home/lib-main
07-21 18:17:49.706  9778  9809 D SoLoader: Loading lib dependencies: [libmemalign16.so, libgnustl_shared.so, libc.so]
07-21 18:17:49.710  9778  9809 D SoLoader: Loaded: libcryptox.so
07-21 18:17:49.710  9778  9809 D SoLoader: About to load: libz.so
07-21 18:17:49.710  9778  9809 D SoLoader: libz.so not found on /data/data/com.oculus.vrshell.home/lib-main
07-21 18:17:49.710  9778  9809 D SoLoader: libz.so not found on /system/vendor/lib
07-21 18:17:49.710  9778  9809 D SoLoader: libz.so found on /system/lib
07-21 18:17:49.710  9778  9809 D SoLoader: libz.so loaded implicitly
07-21 18:17:49.710  9778  9809 D SoLoader: Loaded: libz.so
07-21 18:17:49.712  9778  9778 I PanelService: Creating panel app with environment {_oc_userid="105270740415731", _oc_gk:oculus_vrshell_core_anytime_ui="true", _oc_shell_permissions="permissionsGranted write_storage microphone", uri="/library?newDeeplink=1", _oc_device_type="259", _oc_shell_version_code="151557608", _oc_shell_version_name="3.13.88", _oc_device_region="0", _oc_launch_timestamp="11569345.350576", _oc_shell_automation_enabled="false", _oc_headset_type="256", _oc_gk:oculus_mobile_home_panel_services="true", _oc_shell_feature_sets="multi-layer-v1,mirror-avatar-v1,system-ux-routes-v1,deeplink-nav-v1", _oc_analytics_session_id="be97a328-8c25-4095-a42f-19995b369a7d", _oc_gearvr_developer_mode="true"}
07-21 18:17:49.714  9778  9813 I panelapp: timestamp Panel_Create numWindows 4
07-21 18:17:49.715  9778  9809 D SoLoader: Loaded: libmobileconfig_FBMobileConfigCore_FBMobileConfigCoreAndroid.so
07-21 18:17:49.718  9778  9809 D SoLoader: Loaded: libmobileconfig-jni.so
07-21 18:17:49.719  9778  9809 D SoLoader: About to load: libxanalyticsadapter-jni.so
07-21 18:17:49.720  9778  9809 D SoLoader: libxanalyticsadapter-jni.so found on /data/data/com.oculus.vrshell.home/lib-main
07-21 18:17:49.721  9778  9809 D SoLoader: Loading lib dependencies: [libfolly.so, libfbjni.so, libmemalign16.so, libfbacore-jni.so, libglog.so, libdouble-conversion.so, libgnustl_shared.so, libm.so, libc.so]
07-21 18:17:49.721  9778  9813 W System  : ClassLoader referenced unknown path: /system/app/Horizon/lib/arm
07-21 18:17:49.721  9778  9809 D SoLoader: About to load: libfbacore-jni.so
07-21 18:17:49.721  9778  9809 D SoLoader: libfbacore-jni.so found on /data/data/com.oculus.vrshell.home/lib-main
07-21 18:17:49.721  9778  9809 D SoLoader: Loading lib dependencies: [libfbjni.so, libmemalign16.so, libgnustl_shared.so, libc.so]
07-21 18:17:49.722  9778  9813 D ApplicationLoaders: ignored Vulkan layer search path /system/app/Horizon/lib/arm:/system/fake-libs:/system/app/Horizon/Horizon.apk!/lib/armeabi-v7a:/system/lib:/vendor/lib for namespace 0xeedcb090
07-21 18:17:49.723  9778  9809 D SoLoader: Loaded: libfbacore-jni.so
07-21 18:17:49.724  9778  9809 D SoLoader: Loaded: libxanalyticsadapter-jni.so
07-21 18:17:49.724  9778  9809 I XAnalyticsAdapterHolder.cpp: XAnalytics: adapter
07-21 18:17:49.725  9778  9809 E mobileconfig: No OTA resource found
07-21 18:17:49.725  9778  9809 I mobileconfig: Using asset manager to stream (merged: NO) params_map.txt
07-21 18:17:49.725  9778  9809 I mobileconfig: Params map streaming - readbytes: 883/883
07-21 18:17:49.725  9778  9809 I mobileconfig: Successfully parsed (merged: NO) params_map.txt
07-21 18:17:49.726  9778  9809 I FBMobileConfigStorageManager.cpp: Initializing FBMobileConfigStorageManager with API version:5
07-21 18:17:49.726  9778  9809 I FBMobileConfigManager.cpp: Manager initialized api2_logging: 0
07-21 18:17:49.726  9778  9809 I mobileconfig: Initialized MobileConfig - directory: /data/user/0/com.oculus.vrshell.home/files, appVersion: 3.60.300, paramHash: a4400c27a8b0fd7a63fe0fb338d541bd,2, readOnly: false
07-21 18:17:49.727  9778  9809 V MobileConfigModule: setConfigReady
07-21 18:17:49.734  9778  9813 I LoaderUtils: PlatformSDK check API compatibility (requested api = 1.1.20.0, implementation = 1.1.36.0)
07-21 18:17:49.736  9778  9813 I Context : ConfigOption DisableFbns =>  1
07-21 18:17:49.736  9778  9813 I RequestStopwatch: ovr_PlatformInitializeAndroidAsynchronous took 1.0650 milliseconds
07-21 18:17:49.737  9778  9813 I panelapp: timestamp request accesstoken
07-21 18:17:49.737  9778  9813 I AnalyticsLogger: Got HashMapClass
07-21 18:17:49.737  9778  9813 I AnalyticsLogger: Got OculusLoggerClass
07-21 18:17:49.737  9778  9813 I AnalyticsLogger: Got reportEventMethod
07-21 18:17:49.737  9778  9813 I AnalyticsLogger: Got reportVersionedEventMethod
07-21 18:17:49.737  9778  9813 I AnalyticsLogger: Got reportQuickExperimentExposureMethod
07-21 18:17:49.737  9778  9813 I panelapp: PanelSize 1400 540
07-21 18:17:49.742  9778  9824 D OVRServiceSynchronous: isServiceAvailable matched: 1
07-21 18:17:49.743  9778  9813 I PackageFiles: Files in package:
07-21 18:17:49.743  9778  9815 D OVR     : Registered OVRPlatformBroadcastReceiver
07-21 18:17:49.743  9778  9815 I OVR     : Initialized OVRPlatform with returnComponent com.oculus.vrshell.home/com.oculus.vrshell.home.LibraryService
07-21 18:17:49.744  9778  9826 D JVM     : JVM::Initialize@[tid=9826]
07-21 18:17:49.744  9778  9826 D JVM     : JVM::JVM@[tid=9826]
07-21 18:17:49.750  9778  9778 D OVRServiceSynchronous: Service connected.
07-21 18:17:49.763  9778  9813 I PackageFiles: Done files in package:
07-21 18:17:49.763  9778  9813 I RCTVR   : language 'en-rUS'
07-21 18:17:49.764  9778  9813 I RCTVR   : [TIMESTAMP] : ReactPlayerCommon : 1563747469.76408291
07-21 18:17:49.764  9778  9813 I RCTVR   : ReactPlayer: config shell version 3.13.88
07-21 18:17:49.764  9778  9813 I RCTVR   : ReactPlayer: config automation enabled false
07-21 18:17:49.764  9778  9813 I RCTVR   : ReactPlayerCommon: Init
07-21 18:17:49.774  1935  9172 W LibraryProvider: Cannot find entitlement for com.oculus.vrshell.home
07-21 18:17:49.775  1759  1912 W OCMSLibrary: null cursor received for query content://com.oculus.ocms.library/apps/com.oculus.vrshell.home
07-21 18:17:49.778  9778  9827 V OVRServiceManager: Registered process token.
07-21 18:17:49.782  9778  9813 I RequestManager: cache /data/user/0/com.oculus.vrshell.home/cache
07-21 18:17:49.784  9778  9813 I RCTVR   : [TIMESTAMP] : ReactPlayer_InitReactNativeContext_Start : 1563747469.78443599
07-21 18:17:49.788  9778  9826 W VideoCapabilities: Unrecognized profile 2130706433 for video/avc
07-21 18:17:49.788  9778  9826 W VideoCapabilities: Unrecognized profile 2130706434 for video/avc
07-21 18:17:49.795  9778  9843 I AsyncFonts: FStart
07-21 18:17:49.795  9778  9843 I ReactNativeContextGL: attempt loading default
07-21 18:17:49.796  9778  9813 I RCTVR   : AsyncLocalStorage '/data/user/0/com.oculus.vrshell.home/files'
07-21 18:17:49.797  9778  9845 I OVR_MemBuffer: Couldn't open assets/audio/sound_def.json
07-21 18:17:49.798  9778  9813 I panelapp: module com/oculus/modules/DeviceEnvironmentModuleImpl, 1
07-21 18:17:49.798  9778  9840 I RCTVR   : JavaScript[0xe4b45078], Avg 8.64510400034487247, Max 8.64510400034487247, MaxInLast 8.64510400034487247
07-21 18:17:49.799  9778  9843 I fontstash: cached fonts //data/user/0/com.oculus.vrshell.home/cache/fonts1427a4291cee5735.tbl
07-21 18:17:49.799  9778  9840 I RCTVR_HERMES: Hermes Mem: numCollections 0, allocatedBytes 139208, heapSize 9289728, va 8388608
07-21 18:17:49.799  9778  9843 I ReactNativeContextGL: attempt loading sans-serif-Medium
07-21 18:17:49.801  9778  9843 I fontstash: cached fonts //data/user/0/com.oculus.vrshell.home/cache/fontsf6223358b1fe4dae.tbl
07-21 18:17:49.801  9778  9843 I ReactNativeContextGL: attempt loading sans-serif-Normal
07-21 18:17:49.801  9778  9813 I panelapp: module com/oculus/modules/InputDeviceModuleImpl, 0
07-21 18:17:49.801  9778  9813 I panelapp: module com/oculus/modules/ServiceModuleImpl, 0
07-21 18:17:49.801  9778  9813 I panelapp: module com/oculus/modules/QuickExperimentsModuleImpl, 1
07-21 18:17:49.802  9778  9813 I panelapp: module com/oculus/modules/QuickPromotionModuleImpl, 1
07-21 18:17:49.802  9778  9843 I fontstash: cached fonts //data/user/0/com.oculus.vrshell.home/cache/fonts1427a4291cee5735.tbl
07-21 18:17:49.802  9778  9843 I ReactNativeContextGL: attempt loading sans-serif-Light
07-21 18:17:49.804  9778  9843 I fontstash: cached fonts //data/user/0/com.oculus.vrshell.home/cache/fontsb5e8da381f45a06d.tbl
07-21 18:17:49.804  9778  9843 I ReactNativeContextGL: attempt loading sans-serif-Bold
07-21 18:17:49.805  9778  9813 I panelapp: module com/oculus/platform/CoreAppAccessTokenFetcherModule, 1
07-21 18:17:49.805  9778  9843 I fontstash: cached fonts //data/user/0/com.oculus.vrshell.home/cache/fonts9ec1e9ec5ea2419d.tbl
07-21 18:17:49.805  9778  9813 I panelapp: module com/oculus/vrshell/home/module/AbuseReportModule, 1
07-21 18:17:49.806  9778  9843 I ReactNativeContextGL: attempt loading emoji
07-21 18:17:49.806  9778  9813 I panelapp: module com/oculus/vrshell/home/module/AccountLinkingModule, 1
07-21 18:17:49.806  9778  9843 I ReactNativeContextGL: attempt loading arabic
07-21 18:17:49.807  9778  9813 I panelapp: module com/oculus/vrshell/home/module/AppLaunchModule, 1
07-21 18:17:49.807  9778  9843 I fontstash: cached fonts //data/user/0/com.oculus.vrshell.home/cache/fonts2029897893acaad.tbl
07-21 18:17:49.807  9778  9843 I ReactNativeContextGL: attempt loading cjk
07-21 18:17:49.807  9778  9813 I panelapp: module com/oculus/vrshell/home/module/BatteryManagerModule, 1
07-21 18:17:49.808  9778  9813 I panelapp: module com/oculus/vrshell/home/module/BluetoothManagerModule, 1
07-21 18:17:49.810  1119  1173 D BluetoothManagerService: Message: 20
07-21 18:17:49.810  1119  1173 D BluetoothManagerService: Added callback: android.bluetooth.IBluetoothManagerCallback$Stub$Proxy@fa0c8c:true
07-21 18:17:49.810  9778  9813 I panelapp: module com/oculus/vrshell/home/module/BugReporterModule, 1
07-21 18:17:49.811  9778  9813 I panelapp: module com/oculus/vrshell/home/module/CellSignalModule, 1
07-21 18:17:49.811  9778  9813 I panelapp: module com/oculus/vrshell/home/module/GateKeepers, 1
07-21 18:17:49.811  9778  9843 I fontstash: cached fonts //data/user/0/com.oculus.vrshell.home/cache/fonts5a87b571bd83812.tbl
07-21 18:17:49.811  9778  9813 I panelapp: module com/oculus/vrshell/home/module/HeadphonesManagerModule, 1
07-21 18:17:49.811  9778  9843 I AsyncFonts: FComplete
07-21 18:17:49.811  9778  9813 I panelapp: module com/oculus/vrshell/home/module/HomeGraphQLPrefetchModule, 1
07-21 18:17:49.812  9778  9813 I panelapp: module com/oculus/vrshell/home/module/HorizonGatekeeperFetcherModule, 1
07-21 18:17:49.812  9778  9813 I panelapp: module com/oculus/vrshell/home/module/LibraryModule, 0
07-21 18:17:49.813  9778  9813 I panelapp: module com/oculus/vrshell/home/module/LivestreamingModule, 1
07-21 18:17:49.813  9778  9813 I panelapp: module com/oculus/vrshell/home/module/LivestreamingCommentsModule, 0
07-21 18:17:49.813  9778  9813 I panelapp: module com/oculus/vrshell/home/module/MobileConfigModule, 0
07-21 18:17:49.813  9778  9813 I panelapp: module com/oculus/vrshell/home/module/NuxPreferencesModule, 1
07-21 18:17:49.814  9778  9813 I panelapp: module com/oculus/vrshell/home/module/OverlaysModule, 1
07-21 18:17:49.815  9778  9813 I panelapp: module com/oculus/vrshell/home/module/OVRPlatformGenericDeeplinkModule, 1
07-21 18:17:49.815  9778  9813 I panelapp: module com/oculus/vrshell/home/module/PartyCallsManagerModule, 1
07-21 18:17:49.815  9778  9813 I panelapp: module com/oculus/vrshell/home/module/RemoteLivestreamingErrorModule, 1
07-21 18:17:49.815  9778  9813 I panelapp: module com/oculus/vrshell/home/module/ScreenCaptureModule, 1
07-21 18:17:49.816  9778  9813 I panelapp: module com/oculus/vrshell/home/module/ShareToFacebookModule, 1
07-21 18:17:49.816  9778  9813 I panelapp: module com/oculus/vrshell/home/module/ShellHomePermissionsModule, 1
07-21 18:17:49.816  9778  9813 I panelapp: module com/oculus/vrshell/home/module/ShutdownIntentModule, 0
07-21 18:17:49.816  9778  9813 I panelapp: module com/oculus/vrshell/home/module/SocialModule, 1
07-21 18:17:49.817  9778  9813 I panelapp: module com/oculus/vrshell/home/module/StorageManagerModule, 0
07-21 18:17:49.817  9778  9813 I panelapp: module com/oculus/vrshell/home/module/SystemActivitiesModule, 1
07-21 18:17:49.817  9778  9813 I panelapp: module com/oculus/vrshell/home/module/ToasterModule, 1
07-21 18:17:49.817  9778  9826 W VideoCapabilities: Unrecognized profile 2130706433 for video/avc
07-21 18:17:49.817  9778  9826 W VideoCapabilities: Unrecognized profile 2130706434 for video/avc
07-21 18:17:49.818  9778  9813 I panelapp: module com/oculus/vrshell/home/module/VolumeModule, 1
07-21 18:17:49.818  9778  9813 I panelapp: module com/oculus/vrshell/home/module/WifiManagerModule, 1
07-21 18:17:49.820  9778  9813 I panelapp: module com/oculus/vrshell/home/module/audio/MicRecorder, 1
07-21 18:17:49.820  9778  9813 I panelapp: module com/oculus/vrshell/home/module/audio/SpeakerPlayer, 1
07-21 18:17:49.821  9778  9813 I MessengerModule: MessengerModule
07-21 18:17:49.821  9778  9813 I MessengerModule: SetAppId 1481000308606657
07-21 18:17:49.821  9778  9778 I MessengerModule: Can't initialise yet, missing: UserId AccessToken Service
07-21 18:17:49.822  9778  9826 W VideoCapabilities: Unrecognized profile 2130706433 for video/avc
07-21 18:17:49.822  9778  9826 W VideoCapabilities: Unrecognized profile 2130706434 for video/avc
07-21 18:17:49.822  9778  9813 I RCTVR   : [TIMESTAMP] : ReactPlayer_InitReactNativeContext_End : 1563747469.82224488
07-21 18:17:49.822  9778  9813 I panelapp: Init start
07-21 18:17:49.822  9778  9813 I panelapp: timestamp Init()
07-21 18:17:49.822  9778  9849 I panelapp: Start
07-21 18:17:49.822  9778  9813 I panelapp: ANativeWindow_setBuffersGeometry()
07-21 18:17:49.822  9778  9849 I RCTVR   : [TIMESTAMP] : ReactPlayer_LoadBundle_Start : 1563747469.82243395
07-21 18:17:49.822  9778  9813 I panelapp: ANativeWindow_setBuffersGeometry()
07-21 18:17:49.822  9778  9849 I RCTVR   : ReactPlayerCommon: start loading bundle
07-21 18:17:49.822  9778  9813 I panelapp: ANativeWindow_setBuffersGeometry()
07-21 18:17:49.822  9778  9813 I panelapp: ANativeWindow_setBuffersGeometry()
07-21 18:17:49.822  9778  9813 I panelapp: ovrPanel::InitGL()
07-21 18:17:49.822  9778  9813 I Adreno  : Found an ESX Settings File: /data/misc/gpu/esx_config.txt
07-21 18:17:49.823  9778  9849 I RCTVR   : [TIMESTAMP] : ReactPlayer_LoadBundle_End : 1563747469.82300401
07-21 18:17:49.823  9778  9849 I panelapp: Complete
07-21 18:17:49.823  9778  9813 I Adreno  : QUALCOMM build                   : b1f8328, I8a36212832
07-21 18:17:49.823  9778  9813 I Adreno  : Build Date                       : 03/05/19
07-21 18:17:49.823  9778  9813 I Adreno  : OpenGL ES Shader Compiler Version: EV031.26.02.00
07-21 18:17:49.823  9778  9813 I Adreno  : Local Branch                     : 
07-21 18:17:49.823  9778  9813 I Adreno  : Remote Branch                    : refs/tags/AU_LINUX_ANDROID_LA.UM.5.7.R1.07.01.01.253.109
07-21 18:17:49.823  9778  9813 I Adreno  : Remote Branch                    : NONE
07-21 18:17:49.823  9778  9813 I Adreno  : Reconstruct Branch               : NOTHING
07-21 18:17:49.823  9778  9813 I Adreno  : Build Config                     : S L 3.8.9 AArch32
07-21 18:17:49.831  9778  9826 W VideoCapabilities: Unrecognized profile/level 0/3 for video/mpeg2
07-21 18:17:49.832  9778  9826 W VideoCapabilities: Unrecognized profile/level 0/3 for video/mpeg2
07-21 18:17:49.834  9778  9813 I Adreno  : Found an ESX Settings File: /data/misc/gpu/esx_config.txt
07-21 18:17:49.835  9778  9813 I Adreno  : Found an ESX Settings File: /data/misc/gpu/esx_config.txt
07-21 18:17:49.835  9778  9826 W VideoCapabilities: Unsupported mime video/x-ms-wmv
07-21 18:17:49.835  9778  9813 I Adreno  : PFP: 0x005ff112, ME: 0x005ff066
07-21 18:17:49.836  9778  9813 I Adreno  : Found an ESX Settings File: /data/misc/gpu/esx_config.txt
07-21 18:17:49.837  9778  9826 W VideoCapabilities: Unsupported mime video/x-ms-wmv
07-21 18:17:49.839  9778  9826 W VideoCapabilities: Unsupported mime video/divx
07-21 18:17:49.840  9778  9826 W VideoCapabilities: Unsupported mime video/divx311
07-21 18:17:49.842  9778  9826 W VideoCapabilities: Unsupported mime video/divx4
07-21 18:17:49.844  9778  9813 I panelapp: GLES3::LoadGLFunctions()
07-21 18:17:49.848  9778  9813 I panelapp: GL_InitExtensions()
07-21 18:17:49.848  9778  9813 I OVR_GlUtils: GL_EXTENSIONS:
07-21 18:17:49.848  9778  9813 I OVR_GlUtils: GL_OES_EGL_image
07-21 18:17:49.848  9778  9813 I OVR_GlUtils: GL_OES_EGL_image_external
07-21 18:17:49.848  9778  9813 I OVR_GlUtils: GL_OES_EGL_sync
07-21 18:17:49.848  9778  9813 I OVR_GlUtils: GL_OES_vertex_half_float
07-21 18:17:49.848  9778  9813 I OVR_GlUtils: GL_OES_framebuffer_object
07-21 18:17:49.848  9778  9813 I OVR_GlUtils: GL_OES_rgb8_rgba8
07-21 18:17:49.848  9778  9813 I OVR_GlUtils: GL_OES_compressed_ETC1_RGB8_texture
07-21 18:17:49.848  9778  9813 I OVR_GlUtils: GL_AMD_compressed_ATC_texture
07-21 18:17:49.848  9778  9813 I OVR_GlUtils: GL_KHR_texture_compression_astc_ldr
07-21 18:17:49.848  9778  9813 I OVR_GlUtils: GL_KHR_texture_compression_astc_hdr
07-21 18:17:49.848  9778  9813 I OVR_GlUtils: GL_OES_texture_compression_astc
07-21 18:17:49.848  9778  9813 I OVR_GlUtils: GL_OES_texture_npot
07-21 18:17:49.848  9778  9813 I OVR_GlUtils: GL_EXT_texture_filter_anisotropic
07-21 18:17:49.848  9778  9813 I OVR_GlUtils: GL_EXT_texture_format_BGRA8888
07-21 18:17:49.848  9778  9813 I OVR_GlUtils: GL_EXT_read_format_bgra
07-21 18:17:49.848  9778  9813 I OVR_GlUtils: GL_OES_texture_3D
07-21 18:17:49.848  9778  9813 I OVR_GlUtils: GL_EXT_color_buffer_float
07-21 18:17:49.848  9778  9813 I OVR_GlUtils: GL_EXT_color_buffer_half_float
07-21 18:17:49.848  9778  9813 I OVR_GlUtils: GL_QCOM_alpha_test
07-21 18:17:49.848  9778  9813 I OVR_GlUtils: GL_OES_depth24
07-21 18:17:49.848  9778  9813 I OVR_GlUtils: GL_OES_packed_depth_stencil
07-21 18:17:49.848  9778  9813 I OVR_GlUtils: GL_OES_depth_texture
07-21 18:17:49.848  9778  9813 I OVR_GlUtils: GL_OES_depth_texture_cube_map
07-21 18:17:49.848  9778  9813 I OVR_GlUtils: GL_EXT_sRGB
07-21 18:17:49.848  9778  9813 I OVR_GlUtils: GL_OES_texture_float
07-21 18:17:49.848  9778  9813 I OVR_GlUtils: GL_OES_texture_float_linear
07-21 18:17:49.848  9778  9813 I OVR_GlUtils: GL_OES_texture_half_float
07-21 18:17:49.848  9778  9813 I OVR_GlUtils: GL_OES_texture_half_float_linear
07-21 18:17:49.848  9778  9813 I OVR_GlUtils: GL_EXT_texture_type_2_10_10_10_REV
07-21 18:17:49.848  9778  9813 I OVR_GlUtils: GL_EXT_texture_sRGB_decode
07-21 18:17:49.848  9778  9813 I OVR_GlUtils: GL_EXT_texture_format_sRGB_override
07-21 18:17:49.848  9778  9813 I OVR_GlUtils: GL_OES_element_index_uint
07-21 18:17:49.848  9778  9813 I OVR_GlUtils: GL_EXT_copy_image
07-21 18:17:49.848  9778  9813 I OVR_GlUtils: GL_EXT_geometry_shader
