07-21 18:17:51.239  8414  8442 W System.err: 	at com.oculus.vrshell.MainActivity.getPanelAppConfiguration(MainActivity.java:1069)
07-21 18:17:51.239  8414  8442 W PanelUtil_JNI: JVM exception occurred: java.lang.IllegalArgumentException: No default service found in application. Package com.beatgames.beatsaber is not a valid Panel Service. - com.beatgames.beatsaber/
07-21 18:17:51.239  8414  8442 D [OAR] PanelAppConfigurationUtil: Retrieving panel configuration for com.beatgames.beatsaber - 
07-21 18:17:51.240  8414  8442 W System.err: java.lang.IllegalArgumentException: No default service found in application. Package com.beatgames.beatsaber is not a valid Panel Service.
07-21 18:17:51.240  8414  8442 W System.err: 	at com.oculus.vrshell.util.PanelAppConfigurationUtil.buildPanelAppConfiguration(PanelAppConfigurationUtil.java:72)
07-21 18:17:51.240  8414  8442 W System.err: 	at com.oculus.vrshell.MainActivity.getPanelAppConfiguration(MainActivity.java:1069)
07-21 18:17:51.240  8414  8442 W PanelUtil_JNI: JVM exception occurred: java.lang.IllegalArgumentException: No default service found in application. Package com.beatgames.beatsaber is not a valid Panel Service. - com.beatgames.beatsaber/
07-21 18:17:51.241  8414  8442 I [OAR] SystemUXController: Registering pending External App launch for com.beatgames.beatsaber - overwriting existing launch? false.
07-21 18:17:51.243  1935  4826 I LibraryStorage: Saving 1/1 apps due to contents not having changed
07-21 18:17:51.265  1935  4826 I LibraryStorage: Successfully saved 1 entitlements. Total entitlements: 12
07-21 18:17:51.266  1935  4826 I LibraryStorage: notifying: content://com.oculus.ocms.library/apps/com.beatgames.beatsaber
07-21 18:17:51.269  9699  9750 I RCTVR_HERMES: [info]: 'Library', [ 'library update received com.beatgames.beatsaber' ]
07-21 18:17:51.270  9778  9840 I RCTVR_HERMES: [info]: 'Library', [ 'library update received com.beatgames.beatsaber' ]
07-21 18:17:51.278  2013  2029 I VrRuntimeService: nativeSetClockLevels 2 4 : wait( 0 )
07-21 18:17:51.278  2013  2029 I VrRuntimeService: nativeSetClockLevels: active client
07-21 18:17:51.279  2013  8494 I Clocks  : ReleaseClocks - start
07-21 18:17:51.281   717   717 D VrApiService: CPU_CLUSTER_0: No client requests exists, release clocks
07-21 18:17:51.281   717   717 D VrApiService: CPU_CLUSTER_1: No client requests exists, release clocks
07-21 18:17:51.281   717   717 D VrApiService: GPU: No client requests exists, release clocks
07-21 18:17:51.282   717   717 D VrApiService: CPUBW: No client requests exists, release clocks
07-21 18:17:51.282  8414  8442 I [OAR] SystemUXController: ProcessPendingLaunch 2
07-21 18:17:51.282  8414  8442 I [OAR] DialogController: CloseDialog old: 0, pendingUri systemux://dialog/none, pendingComponent 
07-21 18:17:51.282  8414  8442 I [OAR] ShellApp: ShellApp::SendLaunchIntent('com.beatgames.beatsaber' '')
07-21 18:17:51.283  8414  8442 D [OAR] MainActivity: sendLaunchIntent: 'com.beatgames.beatsaber' command: ''
07-21 18:17:51.284   717   717 D VrApiService: GPUBW: No client requests exists, release clocks
07-21 18:17:51.285  8414  8442 D [OAR] MainActivity: startActivity Intent { act=android.intent.action.MAIN cat=[android.intent.category.INFO] flg=0x10000000 pkg=com.beatgames.beatsaber cmp=com.beatgames.beatsaber/com.unity3d.player.UnityPlayerActivity (has extras) }
07-21 18:17:51.286  2013  8494 I Clocks  : ReleaseClocks - end (7.3 ms)
07-21 18:17:51.286  2013  8494 I Clocks  : LockClocks( cpu=2, gpu=4 ) - start
07-21 18:17:51.294  2013  8494 I Clocks  : CPU levels [0, 4]
07-21 18:17:51.294  2013  8494 I Clocks  : GPU levels [0, 5]
07-21 18:17:51.295   717  1213 D VrApiService: CPU_CLUSTER_0: Client 2013 sends freq request [21, 21]
07-21 18:17:51.296   717  1213 D VrApiService: CPU_CLUSTER_0: Next Perf Level = (21, 21)
07-21 18:17:51.296   717  1213 D VrApiService: CPU_CLUSTER_1: Client 2013 sends freq request [18, 18]
07-21 18:17:51.296   717  1213 D VrApiService: CPU_CLUSTER_1: Next Perf Level = (18, 18)
07-21 18:17:51.297   717  1213 D VrApiService: CPUBW: Client 2013 sends freq request [8, 11]
07-21 18:17:51.297   717  1213 D VrApiService: CPUBW: Next Perf Level = (8, 11)
07-21 18:17:51.300   717  1213 D VrApiService: GPUBW: Client 2013 sends freq request [9, 11]
07-21 18:17:51.300   717  1213 D VrApiService: GPUBW: Next Perf Level = (9, 11)
07-21 18:17:51.301  8414  8414 D [OAR] MainActivity: onPause()
07-21 18:17:51.301  8414  8414 I [OAR] ShellVideoPlayer: onActivityPaused
07-21 18:17:51.301  8414  8414 D OculusVideoPlayer: onPause()
07-21 18:17:51.302  1119  1519 I MediaFocusControl:  AudioFocus  abandonAudioFocus() from uid/pid 10024/8414 clientId=android.media.AudioManager@87ff408com.oculus.video.OculusVideoPlayer@10587a1
07-21 18:17:51.302   717  1213 D VrApiService: GPU: Client 2013 sends freq request [6, 6]
07-21 18:17:51.302   717  1213 D VrApiService: GPU: Next Perf Level = (6, 6)
07-21 18:17:51.303  2013  8494 I Clocks  : LockClocks( cpu=2, gpu=4 ) - end (16.5 ms)
07-21 18:17:51.303   718   718 D wifi_sig_helper: Wifi rssi: -44	
07-21 18:17:51.305  8414  8442 I Activity: Starting activity from recents: Intent { act=android.intent.action.MAIN cat=[android.intent.category.INFO] flg=0x10010000 pkg=com.beatgames.beatsaber cmp=com.beatgames.beatsaber/com.unity3d.player.UnityPlayerActivity (has extras) }
07-21 18:17:51.307  8414  8442 I [OAR] PanelAppHost: PanelAppHost destructor: id 10 com.oculus.vrshell.home/com.oculus.vrshell.home.LibraryService
07-21 18:17:51.307  8414  8442 I [OAR] PanelAppHost: Panel app 10 (com.oculus.vrshell.home/com.oculus.vrshell.home.LibraryService) changing state from foreground to shutdown
07-21 18:17:51.307  8414  8442 D [OAR] MainActivity: notify OS to set com.oculus.vrshell.home/com.oculus.vrshell.home.LibraryService to BACKGROUND
07-21 18:17:51.312  8414  8442 D [OAR] MainActivity: Unbinding service for panel app id 10
07-21 18:17:51.330  9778  9778 I PanelService: onUnbind()
07-21 18:17:51.330  9778  9778 I CPanelService: DestroyPanelApp waking up watchdog
07-21 18:17:51.331  9778  9814 I CPanelService: Watchdog woke up; starting 5 second watchdog timer
07-21 18:17:51.331  9778  9778 I PanelService: onDestroy()
07-21 18:17:51.331  9778  9778 E NuxPreferencesModule: Trying to unregister nonexistent Receiver. This should be harmless.
07-21 18:17:51.331  9778  9778 D OculusLogger: AnalyticsLogger.flush()
07-21 18:17:51.331  9778  9778 I XAnalyticsAdapterHolder.cpp: XAnalytics: adapter
07-21 18:17:51.332  2013  4498 I VrRuntimeService: nativeDestroyTextureSwapChain 245
07-21 18:17:51.332  8414  8442 I [OAR] PanelAppHost: PanelAppHost destructor: id 9 com.oculus.vrshell.home/com.oculus.vrshell.home.ExploreService
07-21 18:17:51.332  8414  8442 I [OAR] PanelAppHost: Panel app 9 (com.oculus.vrshell.home/com.oculus.vrshell.home.ExploreService) changing state from background to shutdown
07-21 18:17:51.333  8414  8442 D [OAR] MainActivity: notify OS to set com.oculus.vrshell.home/com.oculus.vrshell.home.ExploreService to BACKGROUND
07-21 18:17:51.333  9778  9813 I CPanelService: OVR Shell closed socket; exiting
07-21 18:17:51.333  9778  9813 I CPanelService: Cleaning up panel app; IsAttached? true, PanelDestroy? true, IsMultiInstance? false
07-21 18:17:51.338  9778  9813 I ReactNativeExecutorHermes: Hermes Stopping
07-21 18:17:51.339  9778  9813 I ReactNativeExecutorHermes: Hermes Stopped
07-21 18:17:51.340  9778  9813 I RequestManager: RequestManager::Shutdown start
07-21 18:17:51.343  1119  1540 W ActivityManager: Failed setting process group of 8414 to 1
07-21 18:17:51.343  1119  1540 W System.err: java.lang.IllegalArgumentException: Given thread 2113 does not exist
07-21 18:17:51.343  1119  1540 W System.err: 	at android.os.Process.setThreadPriority(Native Method)
07-21 18:17:51.343  1119  1540 W System.err: 	at com.android.server.am.ActivityManagerService.applyOomAdjLocked(ActivityManagerService.java:20781)
07-21 18:17:51.343  1119  1540 W System.err: 	at com.android.server.am.ActivityManagerService.updateOomAdjLocked(ActivityManagerService.java:21311)
07-21 18:17:51.344  1119  1540 W System.err: 	at com.android.server.am.ActivityManagerService.updateOomAdjLocked(ActivityManagerService.java:21142)
07-21 18:17:51.344  1119  1540 W System.err: 	at com.android.server.am.ActiveServices.serviceDoneExecutingLocked(ActiveServices.java:2388)
07-21 18:17:51.344  1119  1540 W System.err: 	at com.android.server.am.ActiveServices.serviceDoneExecutingLocked(ActiveServices.java:2336)
07-21 18:17:51.344  1119  1540 W System.err: 	at com.android.server.am.ActivityManagerService.serviceDoneExecuting(ActivityManagerService.java:17555)
07-21 18:17:51.344  1119  1540 W System.err: 	at android.app.ActivityManagerNative.onTransact(ActivityManagerNative.java:1177)
07-21 18:17:51.344  1119  1540 W System.err: 	at com.android.server.am.ActivityManagerService.onTransact(ActivityManagerService.java:2846)
07-21 18:17:51.344  1119  1540 W System.err: 	at android.os.Binder.execTransact(Binder.java:565)
07-21 18:17:51.350  8414  8442 D [OAR] MainActivity: Unbinding service for panel app id 9
07-21 18:17:51.361  9778  9813 I RequestManager: RequestManager::Shutdown done
07-21 18:17:51.361  9778  9813 I ReactNativeExecutorHermes: Hermes Stopping
07-21 18:17:51.361  9778  9813 I ReactNativeExecutorHermes: Hermes Stopped
07-21 18:17:51.365  8414  8442 I [OAR] SystemUXController: No known System UX Route for Navigation Route: com.oculus.vrshell/com.oculus.panelapp.anytimeui.AnytimeUIAndroidPanelService
07-21 18:17:51.366  9699  9723 I CPanelService: OVR Shell closed socket; exiting
07-21 18:17:51.366  9699  9724 I CPanelService: Watchdog woke up; starting 5 second watchdog timer
07-21 18:17:51.366  9699  9699 I PanelService: onUnbind()
07-21 18:17:51.367  9699  9699 I CPanelService: DestroyPanelApp waking up watchdog
07-21 18:17:51.367  1896  1896 I [OAR] AnytimeUIAndroidPanelApp: updateActiveComponent - com.oculus.vrshell/com.oculus.panelapp.anytimeui.AnytimeUIAndroidPanelService, returnComponent = 
07-21 18:17:51.368  9699  9723 I CPanelService: Cleaning up panel app; IsAttached? true, PanelDestroy? true, IsMultiInstance? false
07-21 18:17:51.370  2013  2025 I VrRuntimeService: nativeSetClockLevels 3 4 : wait( 0 )
07-21 18:17:51.370  2013  2025 I VrRuntimeService: nativeSetClockLevels: active client
07-21 18:17:51.371  8414  8442 I [OAR] ShellApp: 0xd07ff2d0 msg: pause
07-21 18:17:51.371  8414  8442 I [OAR] ShellApp: ShellApp::LeaveVrMode()
07-21 18:17:51.371  8414  8442 I [OAR] PanelSpaceController: Applying Initial Pose
07-21 18:17:51.371  8414  8442 I VrRuntimeClient: VrRuntimeClient: UpdateLocalSpace: 2 (-0.152392, 0.095897, 0.062954, 0.981640), (0.627868, -0.276238, 1.628805)
07-21 18:17:51.371  2013  8494 I Clocks  : ReleaseClocks - start
07-21 18:17:51.371  2013  2032 I GuardianSystem: GuardianSystem::UpdateLocalSpace src = 2, Local (0.000000, 0.089319, 0.000000, 0.996003) (0.627868, -0.276238, 1.628805)
07-21 18:17:51.371  2013  2032 I GuardianSystem: GuardianSystem::UpdateLocalSpace LocalTilted (-0.152392, 0.095897, 0.062954, 0.981640) (0.627868, -0.276238, 1.628805)
07-21 18:17:51.371  2013  2032 I GuardianSystem: GuardianSystem::UpdateLocalSpace RawFloorHeight() = -1.435510
07-21 18:17:51.371   717  1213 D VrApiService: CPU_CLUSTER_0: No client requests exists, release clocks
07-21 18:17:51.372   717  1213 D VrApiService: CPU_CLUSTER_1: No client requests exists, release clocks
07-21 18:17:51.372   717  1213 D VrApiService: GPU: No client requests exists, release clocks
07-21 18:17:51.372   717  1213 D VrApiService: CPUBW: No client requests exists, release clocks
07-21 18:17:51.373  8414  8442 I [OAR] AudioMixer: Waiting for sound effect to complete
07-21 18:17:51.373   717  1213 D VrApiService: GPUBW: No client requests exists, release clocks
07-21 18:17:51.373  2013  8494 I Clocks  : ReleaseClocks - end (2.2 ms)
07-21 18:17:51.373  2013  8494 I Clocks  : LockClocks( cpu=3, gpu=4 ) - start
07-21 18:17:51.379  2013  8494 I Clocks  : CPU levels [0, 4]
07-21 18:17:51.379  2013  8494 I Clocks  : GPU levels [0, 5]
07-21 18:17:51.380   717  4501 D VrApiService: CPU_CLUSTER_0: Client 2013 sends freq request [21, 21]
07-21 18:17:51.380   717  4501 D VrApiService: CPU_CLUSTER_0: Next Perf Level = (21, 21)
07-21 18:17:51.380   717  4501 D VrApiService: CPU_CLUSTER_1: Client 2013 sends freq request [22, 22]
07-21 18:17:51.380   717  4501 D VrApiService: CPU_CLUSTER_1: Next Perf Level = (22, 22)
07-21 18:17:51.380   717  4501 D VrApiService: CPUBW: Client 2013 sends freq request [8, 11]
07-21 18:17:51.380   717  4501 D VrApiService: CPUBW: Next Perf Level = (8, 11)
07-21 18:17:51.381   717  4501 D VrApiService: GPUBW: Client 2013 sends freq request [9, 11]
07-21 18:17:51.381   717  4501 D VrApiService: GPUBW: Next Perf Level = (9, 11)
07-21 18:17:51.381   717  4501 D VrApiService: GPU: Client 2013 sends freq request [6, 6]
07-21 18:17:51.381   717  4501 D VrApiService: GPU: Next Perf Level = (6, 6)
07-21 18:17:51.381  2013  8494 I Clocks  : LockClocks( cpu=3, gpu=4 ) - end (8.0 ms)
07-21 18:17:51.402  9699  9699 I PanelService: onDestroy()
07-21 18:17:51.413  2013  8513 I Clocks  : SetSchedFifo( tid=8442, pri=0 ) succeeded
07-21 18:17:51.414  2013  8513 I Clocks  : SetSchedFifo( tid=2079, pri=0 ) succeeded
07-21 18:17:51.415  2013  8513 I Clocks  : SetSchedFifo( tid=8521, pri=0 ) succeeded
07-21 18:17:51.416  9699  9723 I ReactNativeExecutorHermes: Hermes Stopping
07-21 18:17:51.419  9699  9723 I ReactNativeExecutorHermes: Hermes Stopped
07-21 18:17:51.419  9699  9723 I RequestManager: RequestManager::Shutdown start
07-21 18:17:51.428  9699  9723 I RequestManager: RequestManager::Shutdown done
07-21 18:17:51.428  9699  9723 I ReactNativeExecutorHermes: Hermes Stopping
07-21 18:17:51.428  9699  9723 I ReactNativeExecutorHermes: Hermes Stopped
07-21 18:17:51.430  9699  9699 E NuxPreferencesModule: Trying to unregister nonexistent Receiver. This should be harmless.
07-21 18:17:51.430  9699  9699 D OculusLogger: AnalyticsLogger.flush()
07-21 18:17:51.431  9699  9699 I XAnalyticsAdapterHolder.cpp: XAnalytics: adapter
07-21 18:17:51.433  9699  9723 E NuxPreferencesModule: Trying to unregister nonexistent Receiver. This should be harmless.
07-21 18:17:51.433  9699  9723 I ShutdownIntentModule: No intent to send
07-21 18:17:51.434  9699  9723 I MessengerModule: shutdownModule
07-21 18:17:51.447  9778  9813 E NuxPreferencesModule: Trying to unregister nonexistent Receiver. This should be harmless.
07-21 18:17:51.447  9778  9813 I ShutdownIntentModule: No intent to send
07-21 18:17:51.448  9778  9813 I MessengerModule: shutdownModule
07-21 18:17:51.462  9778  9813 E libEGL  : call to OpenGL ES API with no current context (logged once per thread)
07-21 18:17:51.473  8414  8442 I [OAR] AudioMixer: Waiting for sound effect to complete
07-21 18:17:51.563  1119  1146 I ActivityManager: Process com.oculus.vrshell.home:library (pid 9778) has died
07-21 18:17:51.563  1119  1146 D ActivityManager: cleanUpApplicationRecord -- 9778
07-21 18:17:51.573  8414  8442 I [OAR] AudioMixer: Waiting for sound effect to complete
07-21 18:17:51.577  1935  4732 W LibraryProvider: Cannot find entitlement for com.oculus.vrshell.home
07-21 18:17:51.581  1759  1951 W OCMSLibrary: null cursor received for query content://com.oculus.ocms.library/apps/com.oculus.vrshell.home
07-21 18:17:51.636  1119  1464 I ActivityManager: Process com.oculus.vrshell.home:explore (pid 9699) has died
07-21 18:17:51.637  1119  1464 D ActivityManager: cleanUpApplicationRecord -- 9699
07-21 18:17:51.648  1935  9173 W LibraryProvider: Cannot find entitlement for com.oculus.vrshell.home
07-21 18:17:51.650  1759  8033 W OCMSLibrary: null cursor received for query content://com.oculus.ocms.library/apps/com.oculus.vrshell.home
07-21 18:17:51.673  8414  8442 I [OAR] AudioMixer: Waiting for sound effect to complete
07-21 18:17:51.759   712  8501 I [CT]    : MANAGEMENT:CONSTELLATION: Status=GREEN,, Obj=1330907301555498001,6DOF=1,FusJit=0.005mm,Issues(Cam/min=  0,IMU/min=0), Obj=2083538823622510505,6DOF=1,FusJit=0.0mm,Issues(Cam/min=  0,IMU/min=0)
07-21 18:17:51.774  8414  8442 I [OAR] AudioMixer: Waiting for sound effect to complete
07-21 18:17:51.803  1119  1167 W ActivityManager: Activity pause timeout for ActivityRecord{f6f710f u0 com.oculus.vrshell/.MainActivity t64}
07-21 18:17:51.874  8414  8442 I [OAR] AudioMixer: Waiting for sound effect to complete
07-21 18:17:51.881  8414  9698 I [OAR] AudioMixer: Forcing fade of mono effect
07-21 18:17:51.974  2013  2079 W TimeWarp: HandleRequest: late frames: 82%, avg lateness: 12.02 msec
07-21 18:17:51.974  8414  8442 I [OAR] AudioEngine: Setting FadeNextBuffer
07-21 18:17:51.981  8414  9698 I [OAR] AudioEngine: Fading final buffer
07-21 18:17:52.066  8414  9695 I VrApi   : FPS=72,Prd=45ms,Tear=0,Early=35,Stale=0,VSnc=1,Lat=1,Fov=0,CPU4/GPU=2/4,1958/670MHz,OC=FF,TA=0/F/0,SP=N/N/N,Mem=1804MHz,Free=1807MB,PSM=0,PLS=0,Temp=36.0C/0.0C,TW=3.90ms,App=9.67ms,GD=2.31ms
07-21 18:17:52.074  8414  8442 I [OAR] AudioEngine: Stopping player
07-21 18:17:52.082  8414  8442 I [OAR] ModelDef: Destroying ModelFileModel assets/questControllerLeft.gltf.ovrscene
07-21 18:17:52.083  8414  8442 I [OAR] ModelDef: Destroying ModelFileModel assets/questControllerRight.gltf.ovrscene
07-21 18:17:52.090  8414  8442 I VrApi   : ---------- vrapi_LeaveVrMode [start] ----------
07-21 18:17:52.090  8414  8442 I TrackingServiceClient: OVR::TrackingService::ClientSetInterface
07-21 18:17:52.091  8414  8442 D TrackingServiceClient: onClientDisconnect
07-21 18:17:52.091  8414  8442 D TrackingServiceConnectionNative: onClientDisconnect
07-21 18:17:52.091   712   805 I TrackingService: Unregistering client by ITrackingService.unregisterClient
07-21 18:17:52.092   712   805 I TrackingService: TrackingServiceHost Unregistering client: pid 8414
07-21 18:17:52.092  8414  8442 D BinderConnection: Disconnecting from TrackingService service
07-21 18:17:52.092  8414  8442 D TrackingServiceConnectionNative: onDisconnected
07-21 18:17:52.092  8414  8442 D TrackingServiceClient: TrackingServiceConnection mConnectedRemotes.clear()
07-21 18:17:52.092  8414  8442 I TrackingServiceClient: OVR::TrackingService::ClientSetInterface
07-21 18:17:52.092  8414  8442 I InputDeviceManager: ovrInputDeviceManager::Shutdown
07-21 18:17:52.103  8414  9694 I InputHooks_Internal: InputHooksThreadRun ShutdownRequest received
07-21 18:17:52.104  8414  8442 D InputHooksJava: Disabling Java Input Hooks
07-21 18:17:52.106  8414  8442 D BatteryReceiver: Unregistering battery receiver
07-21 18:17:52.116  8414  8442 D VrApi   : targetSDKVersion 27
07-21 18:17:52.117  8414  8442 I VrApi   : DEVICE MODEL NUMBER = Quest
07-21 18:17:52.117  8414  8442 I VrApi   : DEVICE HARDWARE = monterey
07-21 18:17:52.117  8414  8442 I VrApi   : DEVICE BUILD NAME = user-256550.6810.0
07-21 18:17:52.117  8414  8442 I VrApi   : DEVICE BUILD TYPE = user
07-21 18:17:52.117  8414  8442 I VrApi   : DEVICE OS VERSION = 7.1.1
07-21 18:17:52.117  8414  8442 I VrApi   : VRAPI VERSION = 1.1.23.0-154995234-154995234 May 17 2019 16:54:05 Development RELEASE
07-21 18:17:52.117  8414  8442 I VrApi   : VRAPI LOADER VERSION = 1.1.16.0
07-21 18:17:52.117  8414  8442 I VrApi   : APP NAME = Oculus App Runtime
07-21 18:17:52.117  8414  8442 I VrApi   : APP VERSION = 3.13.88 versionCode 151557608 internalVersionName 3.13.88.472fa18fbc5b 2019_04_23_17_44
07-21 18:17:52.117  8414  8442 I VrApi   : APP VR TYPE = vr_only
07-21 18:17:52.117  8414  8442 I VrApi   : APP PACKAGE NAME = com.oculus.vrshell
07-21 18:17:52.117  8414  8442 I VrApi   : APP ACTIVITY CLASS = com.oculus.vrshell.MainActivity
07-21 18:17:52.176  1759  1775 W SDKLoggingService: Unable to update activity ms com.oculus.vrshell, not in library.
07-21 18:17:52.184   707   707 D SettingsService: Setting value retrieved from db [managed_device : -1]
07-21 18:17:52.192  8414  9695 I VrApi   : FPS=72,Prd=45ms,Tear=0,Early=35,Stale=0,VSnc=1,Lat=1,Fov=0,CPU4/GPU=2/4,1958/670MHz,OC=FF,TA=0/F/0,SP=N/N/N,Mem=1804MHz,Free=1807MB,PSM=0,PLS=0,Temp=36.0C/0.0C,TW=3.90ms,App=9.67ms,GD=2.31ms
07-21 18:17:52.194  8414  8442 I VrApi   : OVR::Stats thread stopped
07-21 18:17:52.195  2013  2032 I VrRuntimeService: nativeSetClockLevels -1 -1 : wait( 1 )
07-21 18:17:52.195  2013  2032 I VrRuntimeService: nativeSetClockLevels: active client
07-21 18:17:52.195  2013  8494 I Clocks  : ReleaseClocks - start
07-21 18:17:52.196   717   717 D VrApiService: CPU_CLUSTER_0: No client requests exists, release clocks
07-21 18:17:52.196   717   717 D VrApiService: CPU_CLUSTER_1: No client requests exists, release clocks
07-21 18:17:52.196   717   717 D VrApiService: GPU: No client requests exists, release clocks
07-21 18:17:52.196   717   717 D VrApiService: CPUBW: No client requests exists, release clocks
07-21 18:17:52.197   717   717 D VrApiService: GPUBW: No client requests exists, release clocks
07-21 18:17:52.198  2013  8494 I Clocks  : ReleaseClocks - end (3.3 ms)
07-21 18:17:52.199  2013  2029 D VrRuntimeService: this client: 8414:com.oculus.vrshell
07-21 18:17:52.199  2013  2029 D VrRuntimeService: enableRendering: clientWindow: null enable: false
07-21 18:17:52.211  2013  2029 I ClientMgr: ClientMgr::EnableRendering 8414:com.oculus.vrshell : disable
07-21 18:17:52.215  8414  8442 I BufferObject: ovrBufferObjectFactory::Unimport deleting GL buffer=142
07-21 18:17:52.215  8414  8442 I BufferObject: ovrBufferObjectFactory::Unimport deleting GL memory object=32
07-21 18:17:52.215  8414  8442 I VrApi   : ---------- vrapi_LeaveVrMode [end] ----------
07-21 18:17:52.216  8414  8442 I [OAR] ShellFrameAnalytics: ShellFrame frameFunction: 24174us/82407790us, trace: 0us/2us, process commands: 3504us/38118us, system update: 678us/4043us, render 284us/11348us, post render 0us/2us
07-21 18:17:52.316   718   718 D wifi_sig_helper: Wifi rssi: -41	
07-21 18:17:52.525   712  8502 I [CT]    : Viper:Map_Manager: State: TRACKING_PERSISTENT, UUID=2aeb8db3-70a9-42f9-8c62-0262073d2436, Num. Persistent maps = 5,  Persistent maps:2aeb8db3-70a9-42f9-8c62-0262073d2436,cb1c403c-024c-4c03-a6a8-0a32ef5ae596,767f5bfb-ef08-4d34-8d03-b01fb143f3ac,8ecd4733-9a52-4612-9892-d700a0f6b5e9,c9887011-ff78-42e0-9d83-b2fd7c581b9c,, Ser. Disabled = 00000000-0000-0000-0000-000000000000
07-21 18:17:52.692   712  8502 I [CT]    : VIPER: Status=6DoF,TRACKING,KF=122,Inl=351,Pts=427,Jit=0.3mm,Issues(Cam/min=0.1,IMU/min=0.0),Exp=(14.0ms,g=15,I=67)(14.0ms,g=15,I=70)(14.0ms,g=15,I=70)(14.0ms,g=15,I=76),Feat=0.20
07-21 18:17:53.329   718   718 D wifi_sig_helper: Wifi rssi: -41	
07-21 18:17:54.341   718   718 D wifi_sig_helper: Wifi rssi: -41	
07-21 18:17:54.758   712  8501 I [CT]    : MANAGEMENT:CONSTELLATION: Status=GREEN,, Obj=1330907301555498001,6DOF=1,FusJit=0.01mm,Issues(Cam/min=  0,IMU/min=0), Obj=2083538823622510505,6DOF=1,FusJit=0.0mm,Issues(Cam/min=  0,IMU/min=0)
07-21 18:17:55.051   545   594 D audio_hw_primary: out_standby: enter: stream (0xe7253780) usecase(1: low-latency-playback)
07-21 18:17:55.075   545   594 D audio_hw_primary: disable_audio_route: reset and update mixer path: low-latency-playback speaker
07-21 18:17:55.081   545   594 D hardware_info: hw_info_append_hw_type : device_name = speaker
07-21 18:17:55.081   545   594 D audio_hw_primary: disable_snd_device: snd_device(2: speaker)
07-21 18:17:55.081   545   594 D msm8974_platform: platform_split_snd_device: snd_device(2) new_snd_devices (speaker)
07-21 18:17:55.084   545   594 D audio_hw_primary: out_standby: exit
07-21 18:17:55.346   718   718 D wifi_sig_helper: Wifi rssi: -40	
07-21 18:17:55.526   712  8502 I [CT]    : Viper:Map_Manager: State: TRACKING_PERSISTENT, UUID=2aeb8db3-70a9-42f9-8c62-0262073d2436, Num. Persistent maps = 5,  Persistent maps:2aeb8db3-70a9-42f9-8c62-0262073d2436,cb1c403c-024c-4c03-a6a8-0a32ef5ae596,767f5bfb-ef08-4d34-8d03-b01fb143f3ac,8ecd4733-9a52-4612-9892-d700a0f6b5e9,c9887011-ff78-42e0-9d83-b2fd7c581b9c,, Ser. Disabled = 00000000-0000-0000-0000-000000000000
07-21 18:17:55.694   712  8502 I [CT]    : VIPER: Status=6DoF,TRACKING,KF=122,Inl=411,Pts=427,Jit=0.6mm,Issues(Cam/min=0.1,IMU/min=0.0),Exp=(14.0ms,g=15,I=57)(14.0ms,g=15,I=54)(14.0ms,g=15,I=56)(14.0ms,g=15,I=70),Feat=0.20
07-21 18:17:56.362   718   718 D wifi_sig_helper: Wifi rssi: -41	
07-21 18:17:56.424   712  8501 I [CT]    : CONSTELLATION: L: RESET. Keep Cov and Calib States = 1
07-21 18:17:56.462   712  8322 I [CT]    : L:Behavior:HandOverHand: deactivated
07-21 18:17:56.625   712  8322 I [CT]    : L:Behavior:HandOverHand: deactivated
07-21 18:17:56.824  8414  8414 D [OAR] MainActivity: com.oculus.vrshell.MainActivity@5340c4a surfaceDestroyed()
07-21 18:17:56.824  8414  8414 I [OAR] ShellMain:     looperMessageQueue->SendPrintf("surfaceDestroyed ")
07-21 18:17:56.825  8414  8442 I [OAR] ShellApp: 0xd07ff2d0 msg: surfaceDestroyed
07-21 18:17:56.827  8414  8414 I [OAR] ShellMain:     ANativeWindow_release(nativeWindow)
07-21 18:17:56.949  1119  1167 W ActivityManager: Activity stop timeout for ActivityRecord{ffde615 u0 com.beatgames.beatsaber/com.unity3d.player.UnityPlayerActivity t69}
07-21 18:17:56.949  1119  1167 I ActivityManager: Activity reported stop, but no longer stopping: ActivityRecord{ffde615 u0 com.beatgames.beatsaber/com.unity3d.player.UnityPlayerActivity t69} RESUMED
07-21 18:17:57.363   718   718 D wifi_sig_helper: Wifi rssi: -39	
07-21 18:17:57.642   712  8322 I [CT]    : L:Behavior:NearHeadMoving: state transition: TorsoInitialized -> InRange
07-21 18:17:57.760   712  8501 I [CT]    : MANAGEMENT:CONSTELLATION: Status=GREEN,, Obj=1330907301555498001,6DOF=1,FusJit=0.01mm,Issues(Cam/min=  0,IMU/min=0), Obj=2083538823622510505,6DOF=1,FusJit=0.0mm,Issues(Cam/min=  0,IMU/min=0)
07-21 18:17:58.380   718   718 D wifi_sig_helper: Wifi rssi: -39	
07-21 18:17:58.470  1759  1912 I GkService: GK oculus_vrbugreporter_enabled registered, value=false
07-21 18:17:58.474  1119  1168 I ActivityManager: START u0 {act=android.intent.action.MAIN cat=[android.intent.category.HOME] flg=0x10200000 cmp=com.oculus.vrshell/.MainActivity (has extras)} from uid 1000 on display 0
07-21 18:17:58.475  8414  8414 D [OAR] MainActivity: onNewIntent()
07-21 18:17:58.475  8414  8442 I [OAR] ShellApp: 0xd07ff2d0 msg: intent
07-21 18:17:58.475  8414  8442 W [OAR] SystemUXController: Unsupported action: 'android.intent.action.MAIN'
07-21 18:17:58.475  8414  8442 D [OAR] PanelAppConfigurationUtil: Retrieving panel configuration for  - 
07-21 18:17:58.476  8414  8442 W System.err: android.content.pm.PackageManager$NameNotFoundException: 
07-21 18:17:58.476  8414  8442 W System.err: 	at android.app.ApplicationPackageManager.getPackageInfoAsUser(ApplicationPackageManager.java:147)
07-21 18:17:58.477  8414  8442 W System.err: 	at android.app.ApplicationPackageManager.getPackageInfo(ApplicationPackageManager.java:132)
07-21 18:17:58.477  8414  8442 W System.err: 	at com.oculus.vrshell.util.PanelAppConfigurationUtil.buildPanelAppConfiguration(PanelAppConfigurationUtil.java:61)
07-21 18:17:58.477  8414  8442 W System.err: 	at com.oculus.vrshell.MainActivity.getPanelAppConfiguration(MainActivity.java:1069)
07-21 18:17:58.477  8414  8442 W PanelUtil_JNI: JVM exception occurred: android.content.pm.PackageManager$NameNotFoundException:  - /
07-21 18:17:58.477  8414  8442 D [OAR] PanelAppConfigurationUtil: Retrieving panel configuration for  - 
07-21 18:17:58.480  8414  8442 W System.err: android.content.pm.PackageManager$NameNotFoundException: 
07-21 18:17:58.480  8414  8442 W System.err: 	at android.app.ApplicationPackageManager.getPackageInfoAsUser(ApplicationPackageManager.java:147)
07-21 18:17:58.480  8414  8442 W System.err: 	at android.app.ApplicationPackageManager.getPackageInfo(ApplicationPackageManager.java:132)
07-21 18:17:58.480  8414  8442 W System.err: 	at com.oculus.vrshell.util.PanelAppConfigurationUtil.buildPanelAppConfiguration(PanelAppConfigurationUtil.java:61)
07-21 18:17:58.480  8414  8442 W System.err: 	at com.oculus.vrshell.MainActivity.getPanelAppConfiguration(MainActivity.java:1069)
07-21 18:17:58.480  8414  8442 W PanelUtil_JNI: JVM exception occurred: android.content.pm.PackageManager$NameNotFoundException:  - /
07-21 18:17:58.480  8414  8442 W [OAR] SystemUXController: Intent launching an invalid panel app package ''
07-21 18:17:58.495  8414  8414 D [OAR] MainActivity: com.oculus.vrshell.MainActivity@5340c4a surfaceCreated()
07-21 18:17:58.495  8414  8414 I [OAR] ShellMain:     looperMessageQueue->SendPrintf("surfaceCreated ")
07-21 18:17:58.495  8414  8442 I [OAR] ShellApp: 0xd07ff2d0 msg: surfaceCreated
07-21 18:17:58.496  8414  8414 D [OAR] MainActivity: com.oculus.vrshell.MainActivity@5340c4a surfaceChanged() format: 4 width: 2880 height: 1600
07-21 18:17:58.496  8414  8414 I [OAR] ShellMain:     ANativeWindow_release(newNativeWindow)
07-21 18:17:58.507  2013  2013 D VrRuntimeService: onFocusedWindowChanged: topWindowToken=android.os.BinderProxy@17a3114, topWindowUid=10024
07-21 18:17:58.507  2013  2013 W ClientMgr: ClientMgr::SetActiveCompositorClient: No active client
07-21 18:17:58.510  8414  8414 D [OAR] MainActivity: onResume()
07-21 18:17:58.510  8414  8414 I [OAR] ShellVideoPlayer: onActivityResumed
07-21 18:17:58.510  8414  8414 D OculusVideoPlayer: onResume()
07-21 18:17:58.511  1119  1464 I MediaFocusControl:  AudioFocus  requestAudioFocus() from uid/pid 10024/8414 clientId=android.media.AudioManager@87ff408com.oculus.video.OculusVideoPlayer@10587a1 req=1 flags=0x0
07-21 18:17:58.514  8414  8414 D OculusVideoPlayer: requestAudioFocus(): GRANTED audio focus
07-21 18:17:58.518  8414  8442 I [OAR] ShellApp: 0xd07ff2d0 msg: resume
07-21 18:17:58.519  1935  9172 W LibraryProvider: Cannot find entitlement for com.oculus.vrshell
07-21 18:17:58.523  1759  1759 W OCMSLibrary: null cursor received for query content://com.oculus.ocms.library/apps/com.oculus.vrshell
07-21 18:17:58.523  1759  1759 I PlatformPluginManager: onAppStart com.oculus.vrshell false
07-21 18:17:58.525  1759  1759 I OVRPlatform: [PartiesAPI] ovr_Party_PluginGetSharedMemHandle: This function is deprecated, do not use
07-21 18:17:58.527   712  8502 I [CT]    : Viper:Map_Manager: State: TRACKING_PERSISTENT, UUID=2aeb8db3-70a9-42f9-8c62-0262073d2436, Num. Persistent maps = 5,  Persistent maps:2aeb8db3-70a9-42f9-8c62-0262073d2436,cb1c403c-024c-4c03-a6a8-0a32ef5ae596,767f5bfb-ef08-4d34-8d03-b01fb143f3ac,8ecd4733-9a52-4612-9892-d700a0f6b5e9,c9887011-ff78-42e0-9d83-b2fd7c581b9c,, Ser. Disabled = 00000000-0000-0000-0000-000000000000
07-21 18:17:58.528  1759  1759 E OVRMediaServiceManager: Not initialized
07-21 18:17:58.537  8414  8442 I [OAR] ShellApp: ---------- ShellApp::EnterVrMode() ----------
07-21 18:17:58.537  8414  8442 I [OAR] ShellApp: phone is in developer mode
07-21 18:17:58.537  8414  8442 I [OAR] ShellApp: vrapi_EnterVrMode()
07-21 18:17:58.537  8414  8442 I VrApi   : ---------- vrapi_EnterVrMode [start] ----------
07-21 18:17:58.539  8414  8442 D InputHooksJava: Enabling Java Input Hooks
07-21 18:17:58.539  8414  8442 I InputDeviceManager: ovrInputDeviceManager::Initialize
07-21 18:17:58.541  8414  8442 I ScreenCaptureHelper: GetScreenCaptureInhibitFlagFromVrHelper
07-21 18:17:58.555  8414  8442 D VRProviderHelper: Could not find provider
07-21 18:17:58.558  8414  8442 D TrackingServiceConnectionNative: onClientConnect
07-21 18:17:58.558  8414  8442 D BinderConnection: Connecting to TrackingService
07-21 18:17:58.562  8414  8442 D TrackingServiceConnectionNative: onConnected
07-21 18:17:58.562   712   801 I TrackingService: TrackingService::getSharedMemoryFileDescriptor
07-21 18:17:58.564  8414  8442 I TrackingServiceClient: OVR::TrackingService::ClientSetInterface
07-21 18:17:58.565  8414  8442 I TrackingServiceClient: TrackingService client: roFd(102)
07-21 18:17:58.565  8414  8442 I TrackingServiceClient: TrackingService client: connected to interface version 7.
07-21 18:17:58.565  8414  8442 I TrackingServiceClient: TrackingService client: last prediction time is 0.005249 seconds old
07-21 18:17:58.565  8414  8442 I TrackingServiceClient: TrackingService client: provided by pid=712
07-21 18:17:58.565   712  5067 I TrackingService: TrackingService::registerClient
07-21 18:17:58.566   712  5067 I TrackingService: Registering client with TrackingServiceHost
07-21 18:17:58.566   712  5067 I TrackingService: Notifying client pid 8414 of new remote 1cea378561c147a9
07-21 18:17:58.567  8414  8442 D TrackingServiceClient: TrackingServiceClient onRemoteConnected 1cea378561c147a9
07-21 18:17:58.567   712  5067 I TrackingService: Notifying client pid 8414 of new remote 12785523aa306c11
07-21 18:17:58.567  8414  8442 D TrackingServiceClient: TrackingServiceClient onRemoteConnected 12785523aa306c11
07-21 18:17:58.568   712  5067 I TrackingService: TrackingServiceHost GetSharedMemoryFileDescriptor for client pid 8414
07-21 18:17:58.568   712  5067 I TrackingService: TrackingServiceHost registered common client; there are 0 secure clients
07-21 18:17:58.568  8414  8442 I TrackingServiceClient: ClientConnectComplete
07-21 18:17:58.570  8414  8442 D VrApi   : targetSDKVersion 27
07-21 18:17:58.572   712  8322 I [CT]    : L:Behavior:NearHeadMoving: state transition: InRange -> Active
07-21 18:17:58.572   712  8322 I [CT]    : L:Behavior:NearHeadMoving: activated
07-21 18:17:58.572   712  8322 I [CT]    : L:Behavior:NearHeadMoving: using reliablePoseInWorld
07-21 18:17:58.572   712  8322 I [CT]    : AdHocPatch: [Right] t = 877.348s, behavior transition: None -> NearHeadMoving at 875.397s
07-21 18:17:58.572  8414  8442 I VrApi   : DEVICE MODEL NUMBER = Quest
07-21 18:17:58.572  8414  8442 I VrApi   : DEVICE HARDWARE = monterey
07-21 18:17:58.573  8414  8442 I VrApi   : DEVICE BUILD NAME = user-256550.6810.0
07-21 18:17:58.573  8414  8442 I VrApi   : DEVICE BUILD TYPE = user
07-21 18:17:58.573  8414  8442 I VrApi   : DEVICE OS VERSION = 7.1.1
07-21 18:17:58.573  8414  8442 I VrApi   : VRAPI VERSION = 1.1.23.0-154995234-154995234 May 17 2019 16:54:05 Development RELEASE
07-21 18:17:58.573  8414  8442 I VrApi   : VRAPI LOADER VERSION = 1.1.16.0
07-21 18:17:58.573  8414  8442 I VrApi   : APP NAME = Oculus App Runtime
07-21 18:17:58.573  8414  8442 I VrApi   : APP VERSION = 3.13.88 versionCode 151557608 internalVersionName 3.13.88.472fa18fbc5b 2019_04_23_17_44
07-21 18:17:58.573  8414  8442 I VrApi   : APP VR TYPE = vr_only
07-21 18:17:58.573  8414  8442 I VrApi   : APP PACKAGE NAME = com.oculus.vrshell
07-21 18:17:58.573  8414  8442 I VrApi   : APP ACTIVITY CLASS = com.oculus.vrshell.MainActivity
07-21 18:17:58.573  8414  8442 I VrApi   : ovrModeParms::VRAPI_MODE_FLAG_ALLOW_POWER_SAVE = 1
07-21 18:17:58.573  8414  8442 I VrApi   : ovrModeParms::VRAPI_MODE_FLAG_RESET_WINDOW_FULLSCREEN = 1
07-21 18:17:58.573  8414  8442 I VrApi   : ovrModeParms::VRAPI_MODE_FLAG_NATIVE_WINDOW = 1
07-21 18:17:58.573  8414  8442 I VrApi   : ovrModeParms::VRAPI_MODE_FLAG_FRONT_BUFFER_PROTECTED = 0
07-21 18:17:58.573  8414  8442 I VrApi   : ovrModeParms::VRAPI_MODE_FLAG_FRONT_BUFFER_565 = 0
07-21 18:17:58.574  8414  8442 I VrApi   : ovrModeParms::VRAPI_MODE_FLAG_FRONT_BUFFER_SRGB = 1
07-21 18:17:58.574  8414  8442 I VrApi   : ovrModeParms::VRAPI_MODE_FLAG_CREATE_CONTEXT_NO_ERROR = 0
07-21 18:17:58.574  8414  8442 I VrApi   : HMD sensor attached.
07-21 18:17:58.576  8414  8442 I VrApi   : ovr_GetDisplayRefreshRate: display refresh rate = 72.00 Hz for display 0
07-21 18:17:58.577  8414  8442 D BatteryReceiver: Registering battery receiver
07-21 18:17:58.586  8414  8442 D HeadsetReceiver: getCurrentHeadsetState: false
07-21 18:17:58.586  8414  8442 I DeviceStatus_Android: nativeHeadsetEvent(0)
07-21 18:17:58.588  8414  8442 I DeviceStatus_Android: nativeGamepadListener(0)
07-21 18:17:58.588  8414  8442 D VrRuntimeClient: VrRuntimeClient: enableRendering: activity client
07-21 18:17:58.588  8414  8442 D VrRuntimeClient: VrRuntimeClient: enableRendering: Using clientWindow=android.os.BinderProxy@c534a80
07-21 18:17:58.593  2013  4498 I ClientMgr: ClientMgr::SetActiveCompositorClient: com.oculus.vrshell
07-21 18:17:58.593  2013  4498 I GuardianSystem: SetCurrentPackageName: com.oculus.vrshell
07-21 18:17:58.593  2013  4498 D VrRuntimeService: this client: 8414:com.oculus.vrshell
07-21 18:17:58.593  2013  4498 D VrRuntimeService: enableRendering: clientWindow: android.os.BinderProxy@17a3114 enable: true
07-21 18:17:58.593  2013  4498 I ClientMgr: ClientMgr::EnableRendering 8414:com.oculus.vrshell : enable
07-21 18:17:58.593  2013  4498 I TimeWarp: CheckProfilerConnected: profiler 0
07-21 18:17:58.594  8414  8442 I VrRuntimeClient: CreateWarp: ImportGles: Fd=55, BufferSize=4096, AllocSize=9568
07-21 18:17:58.595  8414  8442 I VrRuntimeClient: CreateWarp: ImportGles: bo.Gl.BufferId=149, bo.Gl.MemoryObject=32
07-21 18:17:58.597  8414  8442 I ScreenCaptureHelper: Advertising com.oculus.vrshell as streamable
07-21 18:17:58.598  1759  1759 I OVRMediaService: onStartCommand Received message type: set_package_name, caller package: null
07-21 18:17:58.598  1759  1759 I OVRMediaService: Got package name intent (com.oculus.vrshell)
07-21 18:17:58.600  8414  8442 I VrApi   : OVR::Stats thread started
07-21 18:17:58.603  8414  8442 I VrApi   : System brightness = 255
07-21 18:17:58.606  1935  5354 W LibraryProvider: Cannot find entitlement for com.oculus.vrshell
07-21 18:17:58.607  8414  8442 I VrApi   : Set brightness to 255
07-21 18:17:58.607  1759  1759 W OCMSLibrary: null cursor received for query content://com.oculus.ocms.library/apps/com.oculus.vrshell
07-21 18:17:58.607  1759  1759 I PlatformPluginManager: onAppStart com.oculus.vrshell false
07-21 18:17:58.608  1759  1759 I OVRPlatform: [PartiesAPI] ovr_Party_PluginGetSharedMemHandle: This function is deprecated, do not use
07-21 18:17:58.609  8414  8442 I VrApi   : Set DND mode to false
07-21 18:17:58.610  8414  9892 D VrApi   : targetSDKVersion 27
07-21 18:17:58.614  8414  9892 I Metrics : device name = Oculus Quest
07-21 18:17:58.617  1759  1759 E OVRMediaServiceManager: Not initialized
07-21 18:17:58.622   707  1206 D SettingsService: Setting value retrieved from db [managed_device : -1]
07-21 18:17:58.623   712  8322 I [CT]    : L:Behavior:HandOverHand: deactivated
07-21 18:17:58.624  8414  8442 I VrApi   : System DND mode = false
07-21 18:17:58.624  8414  8442 I InputDeviceManager: ovrInputDeviceManager::SetRemoteConnected - hardwareID = 12785523aa306c11, modelID = 4000
07-21 18:17:58.624  8414  8442 I InputDeviceManager: ovrInputDeviceManager::CreateDevice - hardwareID = 12785523aa306c11, modelID = 4000
07-21 18:17:58.624  8414  8442 I InputDeviceManager: ovrInputDeviceManager::AllocDevice - hardwareID = 12785523aa306c11, modelID = 4000
07-21 18:17:58.625  8414  8442 I InputDeviceManager: ovrInputDeviceManager::SetRemoteConnected - hardwareID = 1cea378561c147a9, modelID = 4000
07-21 18:17:58.625  8414  8442 I InputDeviceManager: ovrInputDeviceManager::CreateDevice - hardwareID = 1cea378561c147a9, modelID = 4000
07-21 18:17:58.625  8414  8442 I InputDeviceManager: ovrInputDeviceManager::AllocDevice - hardwareID = 1cea378561c147a9, modelID = 4000
07-21 18:17:58.625  8414  8442 I VrApi   : ---------- vrapi_EnterVrMode [end] ----------
07-21 18:17:58.633  8414  8442 I DynamicClockLevelScaler: Start: forcing GPU utilization
07-21 18:17:58.634  8414  8442 I PowerLevelSwitcherLayer: PowerLevelSwitcher_vrapi_EnterVrMode: com.oculus.vrshell: 0
07-21 18:17:58.634  8414  8442 I InputHooks_Internal: SetInhibitHandleHomeKey = true
07-21 18:17:58.635  8414  8442 I InputHooks_Internal: SetInhibitHandleLongPress = true
07-21 18:17:58.636  2013  2032 I GazeTimer: (11579.2971) CancelTimer
07-21 18:17:58.636  8414  8442 I InputHooks_Internal: SetBlockRemoteButtonsWhenNotEmulatingHMT = false
07-21 18:17:58.636  8414  8442 I InputHooks_Internal: SetReorientHMDOnControllerRecenter = true
07-21 18:17:58.637  8414  8442 I [OAR] ShellApp: Setting clock levels to cpu=2, gpu=4
07-21 18:17:58.637  8414  8442 I [OAR] ShellApp: Setting perf thread tids to main=8442, render=unset
07-21 18:17:58.637  8414  8442 I Compositor: Initializing Compositor: 1216x1344, srgb=1, multiview=1
07-21 18:17:58.637  8414  8442 I [OAR] ShellApp: FramebufferIsSrgb: true
07-21 18:17:58.637  8414  8442 I [OAR] ShellApp: FramebufferIsProtected: false
07-21 18:17:58.638  8414  8442 I libOpenSLES: Emulating old channel mask behavior (ignoring positional mask 0x3, using default mask 0x3 based on channel count of 2)
07-21 18:17:58.639   545  2519 I AudioPolicyManagerCustom: Direct PCM is disabled for this request
07-21 18:17:58.642   545   545 E voice_extn: voice_extn_compress_voip_out_get_parameters: COMPRESS_VOIP_ENABLED is not defined
07-21 18:17:58.660   545  8274 W AudioFlinger: createTrack_l(): mismatch between requested flags (00000104) and output flags (00000006)
07-21 18:17:58.666  8414  8442 D AudioTrack: Client defaulted notificationFrames to 192 for frameCount 384
07-21 18:17:58.668  1759  1759 I PlatformPluginManager: enforcePartyChatStateConsistency - User not in a party.
07-21 18:17:58.668  1759  1759 I PlatformPluginManager: stopPartyChat
07-21 18:17:58.668  1759  1759 I PlatformPlugin: [PlatformPluginManager] Stopping party chat
07-21 18:17:58.672  8414  8442 D AudioTrack: updateAppOpsPlayAudio: checkOp OP_PLAY_AUDIO for com.oculus.vrshell returns: 0 (ALLOWED)
07-21 18:17:58.672  8414  8442 I [OAR] SystemUXController: Recentering for launch - 0, , 
07-21 18:17:58.672  8414  8442 I [OAR] PanelSpaceController: ResetNextFrame
07-21 18:17:58.673   545   594 D audio_hw_primary: start_output_stream: enter: stream(0xe7253780)usecase(1: low-latency-playback) devices(0x2)
07-21 18:17:58.673   545   594 E audio_hw_extn: audio_extn_perf_lock_acquire: Incorrect params, Failed to acquire perf lock, err 
07-21 18:17:58.673   545   594 D audio_hw_primary: select_devices for use case (low-latency-playback)
07-21 18:17:58.673   545   594 E audio_hw_primary: voice_extn_compress_voip_is_active: COMPRESS_VOIP_ENABLED is not defined
07-21 18:17:58.673  8414  8442 I [OAR] InputManager: Adding controller deviceId = 0 type = 4
07-21 18:17:58.673   545   594 E msm8974_platform: voice_extn_compress_voip_is_active: COMPRESS_VOIP_ENABLED is not defined
07-21 18:17:58.673   545   594 D audio_hw_primary: select_devices: out_snd_device(2: speaker) in_snd_device(0: )
07-21 18:17:58.673   545   594 I msm8974_platform: platform_check_and_set_codec_backend_cfg:becf: afe: bitwidth 16, samplerate 48000 channels 2, backend_idx 0 usecase = 1 device (speaker)
07-21 18:17:58.673   545   594 D msm8974_platform: platform_split_snd_device: snd_device(2) new_snd_devices (speaker)
07-21 18:17:58.673   545   594 I msm8974_platform: platform_check_and_set_codec_backend_cfg: new_snd_devices[0] is 2
07-21 18:17:58.673   545   594 I msm8974_platform: platform_check_codec_backend_cfg:becf: afe: bitwidth 16, samplerate 48000 channels 2, backend_idx 0 usecase = 1 device (speaker)
07-21 18:17:58.673   545   594 D msm8974_platform: platform_check_codec_backend_cfg:becf: afe: playback on codec device not supporting native playback set default Sample Rate(48k)
07-21 18:17:58.673   545   594 I msm8974_platform: platform_check_codec_backend_cfg:becf: afe: Codec selected backend: 0 updated bit width: 16 and sample rate: 48000
07-21 18:17:58.673   545   594 D audio_hw_primary: check_usecases_codec_backend:becf: force routing 0
07-21 18:17:58.673   545   594 E msm8974_platform: platform_check_backends_match: Invalid snd_device = 
07-21 18:17:58.673   545   594 D audio_hw_primary: check_usecases_codec_backend:becf: (44) check_usecases curr device: speaker, usecase device: backends match 0
07-21 18:17:58.673   545   594 D audio_hw_primary: check_usecases_codec_backend:becf: check_usecases num.of Usecases to switch 0
07-21 18:17:58.673  8414  8414 D [OAR] MainActivity: Updating companion server prefs
07-21 18:17:58.673   545   594 D hardware_info: hw_info_append_hw_type : device_name = speaker
07-21 18:17:58.673   545   594 D msm8974_platform: platform_split_snd_device: snd_device(2) new_snd_devices (speaker)
07-21 18:17:58.673   545   594 D audio_hw_primary: enable_snd_device: snd_device(2: speaker)
07-21 18:17:58.676  8414  8414 D InputHooksJava: HOME BUTTON 0
07-21 18:17:58.676  8414  8414 I InputHooks_Internal: InputHooks::nativeSetHomeButtonDown(11579.336914): 1698898178
07-21 18:17:58.677  2013  4498 I RecenterTimer: (11579.3382) StartTimer(1.00 0.50)
07-21 18:17:58.678  1119  1540 W InputMethodManagerService: Window already focused, ignoring focus gain of: com.android.internal.view.IInputMethodClient$Stub$Proxy@26893c1 attribute=null, token = android.os.BinderProxy@bd988d0
07-21 18:17:58.690   545   594 D audio_hw_utils: audio_extn_utils_send_app_type_cfg: usecase->out_snd_device speaker
07-21 18:17:58.690   545   594 D msm8974_platform: platform_split_snd_device: snd_device(2) new_snd_devices (speaker)
07-21 18:17:58.690   545   594 I audio_hw_utils: send_app_type_cfg_for_device PLAYBACK app_type 69936, acdb_dev_id 15, sample_rate 48000, snd_device_be_idx 43
07-21 18:17:58.691   545   594 D msm8974_platform: platform_split_snd_device: snd_device(2) new_snd_devices (speaker)
07-21 18:17:58.691   545   594 D ACDB-LOADER: ACDB -> send_audio_cal, acdb_id = 15, path = 0, app id = 0x11130, sample rate = 48000
07-21 18:17:58.691   545   594 D ACDB-LOADER: ACDB -> send_asm_topology
07-21 18:17:58.691   545   594 D ACDB-LOADER: ACDB -> ACDB_CMD_GET_AUDPROC_STREAM_TOPOLOGY_ID
07-21 18:17:58.691   545   594 D ACDB-LOADER: ACDB -> send_adm_topology
07-21 18:17:58.691   545   594 D ACDB-LOADER: ACDB -> ACDB_CMD_GET_AUDPROC_COMMON_TOPOLOGY_ID
07-21 18:17:58.691   545   594 D ACDB-LOADER: ACDB -> send_audtable
07-21 18:17:58.691   545   594 D ACDB-LOADER: ACDB -> ACDB_CMD_GET_AUDPROC_COMMON_TABLE_SIZE
07-21 18:17:58.691   545   594 D ACDB-LOADER: ACDB -> ACDB_CMD_GET_AUDPROC_COMMON_TABLE
07-21 18:17:58.691   545   594 D ACDB-LOADER: ACDB -> AUDIO_SET_AUDPROC_CAL
07-21 18:17:58.691   545   594 D ACDB-LOADER: ACDB -> send_audvoltable
07-21 18:17:58.691   545   594 D ACDB-LOADER: ACDB -> ACDB_CMD_GET_AUDPROC_GAIN_DEP_STEP_TABLE, vol index 0
07-21 18:17:58.691   545   594 D         : Failed to fetch the lookup information of the device 0000000F 
07-21 18:17:58.691   545   594 E ACDB-LOADER: Error: ACDB AudProc vol returned = -19
07-21 18:17:58.691   545   594 D ACDB-LOADER: ACDB -> AUDIO_SET_VOL_CAL cal type = 12
07-21 18:17:58.691   545   594 D ACDB-LOADER: ACDB -> send_audstrmtable
07-21 18:17:58.691   545   594 D ACDB-LOADER: ACDB -> ACDB_CMD_GET_AUDPROC_STREAM_TABLE_V2
07-21 18:17:58.691   545   594 D ACDB-LOADER: ACDB -> audstrm_cal->cal_type.cal_data.cal_size = 16
07-21 18:17:58.691   545   594 D ACDB-LOADER: ACDB -> send_afe_topology
07-21 18:17:58.691   545   594 D ACDB-LOADER: ACDB -> ACDB_CMD_GET_AFE_TOPOLOGY_ID
07-21 18:17:58.691   545   594 D ACDB-LOADER: ACDB -> GET_AFE_TOPOLOGY_ID for adcd_id 15, Topology Id 112fc
07-21 18:17:58.691   545   594 D ACDB-LOADER: ACDB -> send_afe_cal
07-21 18:17:58.691   545   594 D ACDB-LOADER: ACDB -> ACDB_CMD_GET_AFE_COMMON_TABLE
07-21 18:17:58.691   545   594 D         : Failed to fetch the lookup information of the device 0000000F 
07-21 18:17:58.691   545   594 E ACDB-LOADER: Error: ACDB AFE returned = -19
07-21 18:17:58.691   545   594 D ACDB-LOADER: ACDB -> AUDIO_SET_AFE_CAL
07-21 18:17:58.691   545   594 D ACDB-LOADER: ACDB -> send_hw_delay : acdb_id = 15 path = 0
07-21 18:17:58.691   545   594 D ACDB-LOADER: ACDB -> ACDB_AVSYNC_INFO: ACDB_CMD_GET_DEVICE_PROPERTY
07-21 18:17:58.691   545   594 D audio_hw_primary: enable_audio_route: apply mixer and update path: low-latency-playback speaker
07-21 18:17:58.695   712  8502 I [CT]    : VIPER: Status=6DoF,TRACKING,KF=123,Inl=193,Pts=449,Jit=2mm,Issues(Cam/min=0.1,IMU/min=0.0),Exp=(14.0ms,g=15,I=62)(14.0ms,g=15,I=56)(14.0ms,g=15,I=61)(14.0ms,g=15,I=74),Feat=0.28
07-21 18:17:58.696   545   594 D audio_hw_primary: select_devices: done
07-21 18:17:58.699   545   594 D msm8974_platform: platform_set_channel_map mixer_ctl_name:Playback Channel Map13
07-21 18:17:58.699   545   594 D msm8974_platform: platform_set_channel_map: set mapping(1 2 0 0 0 0 0 0) for channel:2
07-21 18:17:58.699  1759  1931 I UploadManager: Scheduling jobbId 2131296745 within interval (900000, 2700000)
07-21 18:17:58.701  1759  1759 I PlatformPluginManager: enforcePartyChatStateConsistency - User not in a party.
07-21 18:17:58.701  1759  1759 I PlatformPluginManager: stopPartyChat
07-21 18:17:58.701  1759  1759 I PlatformPlugin: [PlatformPluginManager] Stopping party chat
07-21 18:17:58.701  8414  8442 I [OAR] ModelFile: LoadModelFileFromMemory assets/questControllerRight.gltf.ovrscene 1517928
07-21 18:17:58.701  8414  8442 I [OAR] ModelFile: LoadModelFileFromMemory zfp = 0xccc7c700
07-21 18:17:58.701  8414  8442 I OVR_LogTimer: Loading GLTF file took 0.0000 seconds
07-21 18:17:58.702  8414  8442 I OVR_LogTimer: Loading buffers took 0.0001 seconds
07-21 18:17:58.705  8414  8414 D InputHooksJava: HOME BUTTON 1
07-21 18:17:58.705  8414  8414 I InputHooks_Internal: InputHooks::nativeSetHomeButtonUp(11579.366211): 1698898178
07-21 18:17:58.707  8414  8414 D InputHooksJava: HOME BUTTON 0
07-21 18:17:58.707  8414  8414 I InputHooks_Internal: InputHooks::nativeSetHomeButtonDown(11579.369141): 1698898178
07-21 18:17:58.709  8414  8414 D InputHooksJava: HOME BUTTON 1
07-21 18:17:58.710  8414  8414 I InputHooks_Internal: InputHooks::nativeSetHomeButtonUp(11579.371094): 1698898178
07-21 18:17:58.712  8414  8414 D InputHooksJava: HOME BUTTON 0
07-21 18:17:58.712  8414  8414 I InputHooks_Internal: InputHooks::nativeSetHomeButtonDown(11579.373047): 1698898178
07-21 18:17:58.713  2013  2032 I RecenterTimer: (11579.3741) StartTimer(1.00 0.50)
07-21 18:17:58.713  8414  8442 I OVR_LogTimer: Loading image textures took 0.0114 seconds
07-21 18:17:58.713  8414  8442 I [OAR] ModelFile_glTF: LoadModelFile_glTF_Json parsing assets/questControllerRight.gltf.ovrscene
