07-21 18:17:49.848  9778  9813 I OVR_GlUtils: GL_EXT_tessellation_shader
07-21 18:17:49.848  9778  9813 I OVR_GlUtils: GL_OES_texture_stencil8
07-21 18:17:49.848  9778  9813 I OVR_GlUtils: GL_EXT_shader_io_blocks
07-21 18:17:49.848  9778  9813 I OVR_GlUtils: GL_OES_shader_image_atomic
07-21 18:17:49.848  9778  9813 I OVR_GlUtils: GL_OES_sample_variables
07-21 18:17:49.848  9778  9813 I OVR_GlUtils: GL_EXT_texture_border_clamp
07-21 18:17:49.848  9778  9813 I OVR_GlUtils: GL_EXT_EGL_image_external_wrap_modes
07-21 18:17:49.848  9778  9813 I OVR_GlUtils: GL_EXT_multisampled_render_to_texture
07-21 18:17:49.848  9778  9813 I OVR_GlUtils: GL_EXT_multisampled_render_to_texture2
07-21 18:17:49.848  9778  9813 I OVR_GlUtils: GL_OES_shader_multisample_interpolation
07-21 18:17:49.848  9778  9813 I OVR_GlUtils: GL_EXT_texture_cube_map_array
07-21 18:17:49.848  9778  9813 I OVR_GlUtils: GL_EXT_draw_buffers_indexed
07-21 18:17:49.848  9778  9813 I OVR_GlUtils: GL_EXT_gpu_shader5
07-21 18:17:49.848  9778  9813 I OVR_GlUtils: GL_EXT_robustness
07-21 18:17:49.848  9778  9813 I OVR_GlUtils: GL_EXT_texture_buffer
07-21 18:17:49.848  9778  9813 I OVR_GlUtils: GL_EXT_shader_framebuffer_fetch
07-21 18:17:49.848  9778  9813 I OVR_GlUtils: GL_ARM_shader_framebuffer_fetch_depth_stencil
07-21 18:17:49.848  9778  9813 I OVR_GlUtils: GL_OES_texture_storage_multisample_2d_array
07-21 18:17:49.848  9778  9813 I OVR_GlUtils: GL_OES_sample_shading
07-21 18:17:49.848  9778  9813 I OVR_GlUtils: GL_OES_get_program_binary
07-21 18:17:49.848  9778  9813 I OVR_GlUtils: GL_EXT_debug_label
07-21 18:17:49.848  9778  9813 I OVR_GlUtils: GL_KHR_blend_equation_advanced
07-21 18:17:49.848  9778  9813 I OVR_GlUtils: GL_KHR_blend_equation_advanced_coherent
07-21 18:17:49.848  9778  9813 I OVR_GlUtils: GL_QCOM_tiled_rendering
07-21 18:17:49.848  9778  9813 I OVR_GlUtils: GL_ANDROID_extension_pack_es31a
07-21 18:17:49.848  9778  9813 I OVR_GlUtils: GL_EXT_primitive_bounding_box
07-21 18:17:49.848  9778  9813 I OVR_GlUtils: GL_OES_standard_derivatives
07-21 18:17:49.848  9778  9813 I OVR_GlUtils: GL_OES_vertex_array_object
07-21 18:17:49.848  9778  9813 I OVR_GlUtils: GL_EXT_disjoint_timer_query
07-21 18:17:49.848  9778  9813 I OVR_GlUtils: GL_KHR_debug
07-21 18:17:49.848  9778  9813 I OVR_GlUtils: GL_EXT_YUV_target
07-21 18:17:49.848  9778  9813 I OVR_GlUtils: GL_EXT_sRGB_write_control
07-21 18:17:49.848  9778  9813 I OVR_GlUtils: GL_EXT_texture_norm16
07-21 18:17:49.848  9778  9813 I OVR_GlUtils: GL_EXT_discard_framebuffer
07-21 18:17:49.848  9778  9813 I OVR_GlUtils: GL_OES_surfaceless_context
07-21 18:17:49.848  9778  9813 I OVR_GlUtils: GL_OVR_multiview
07-21 18:17:49.848  9778  9813 I OVR_GlUtils: GL_OVR_multiview2
07-21 18:17:49.848  9778  9813 I OVR_GlUtils: GL_EXT_texture_sRGB_R8
07-21 18:17:49.848  9778  9813 I OVR_GlUtils: GL_KHR_no_error
07-21 18:17:49.848  9778  9813 I OVR_GlUtils: GL_EXT_debug_marker
07-21 18:17:49.848  9778  9813 I OVR_GlUtils: GL_OES_EGL_image_external_essl3
07-21 18:17:49.848  9778  9813 I OVR_GlUtils: GL_OVR_multiview_multisampled_render_to_texture
07-21 18:17:49.848  9778  9813 I OVR_GlUtils: GL_EXT_buffer_storage
07-21 18:17:49.848  9778  9813 I OVR_GlUtils: GL_EXT_external_buffer
07-21 18:17:49.848  9778  9813 I OVR_GlUtils: GL_EXT_blit_framebuffer_params
07-21 18:17:49.848  9778  9813 I OVR_GlUtils: GL_EXT_clip_cull_distance
07-21 18:17:49.848  9778  9813 I OVR_GlUtils: GL_EXT_protected_textures
07-21 18:17:49.848  9778  9813 I OVR_GlUtils: GL_EXT_shader_non_constant_global_initializers
07-21 18:17:49.848  9778  9813 I OVR_GlUtils: GL_QCOM_texture_foveated
07-21 18:17:49.848  9778  9813 I OVR_GlUtils: GL_QCOM_shader_framebuffer_fetch_noncoherent
07-21 18:17:49.848  9778  9813 I OVR_GlUtils: GL_QCOM_shader_framebuffer_fetch_rate
07-21 18:17:49.848  9778  9813 I OVR_GlUtils: GL_EXT_memory_object
07-21 18:17:49.848  9778  9813 I OVR_GlUtils: GL_EXT_memory_object_fd
07-21 18:17:49.848  9778  9813 I OVR_GlUtils: GL_EXT_EGL_image_array
07-21 18:17:49.848  9778  9813 I OVR_GlUtils: GL_NV_shader_noperspective_interpolation
07-21 18:17:49.848  9778  9813 I OVR_GlUtils: GL_KHR_robust_buffer_access_behavior
07-21 18:17:49.848  9778  9813 I OVR_GlUtils: GL_EXT_EGL_image_storage
07-21 18:17:49.848  9778  9813 I OVR_GlUtils: GL_EXT_blend_func_extended
07-21 18:17:49.848  9778  9813 I OVR_GlUtils: GL_EXT_clip_control
07-21 18:17:49.848  9778  9813 I OVR_GlUtils: GL_OES_texture_view
07-21 18:17:49.848  9778  9813 I OVR_GlUtils: GL_EXT_fragment_invocation_density
07-21 18:17:49.848  9778  9813 I OVR_GlUtils: es3 = TRUE
07-21 18:17:49.848  9778  9813 I OVR_GlUtils: Found: GL_EXT_discard_framebuffer
07-21 18:17:49.848  9778  9813 I OVR_GlUtils: Found: GL_EXT_multisampled_render_to_texture
07-21 18:17:49.848  9778  9813 I OVR_GlUtils: Found: GL_OES_vertex_array_object
07-21 18:17:49.848  9778  9813 I OVR_GlUtils: Found: GL_QCOM_tiled_rendering
07-21 18:17:49.848  9778  9813 I OVR_GlUtils: Found: GL_EXT_disjoint_timer_query
07-21 18:17:49.848  9778  9813 I OVR_GlUtils: Found: GL_EXT_texture_sRGB_decode
07-21 18:17:49.848  9778  9813 I OVR_GlUtils: Found: GL_EXT_texture_border_clamp
07-21 18:17:49.849  9778  9813 I OVR_GlUtils: Found: GL_EXT_texture_filter_anisotropic
07-21 18:17:49.849  9778  9813 I OVR_GlUtils: Found: GL_OVR_multiview2
07-21 18:17:49.849  9778  9813 I OVR_GlUtils: Found: GL_OVR_multiview_multisampled_render_to_texture
07-21 18:17:49.849  9778  9813 I OVR_GlUtils: GL_MAX_TEXTURE_SIZE = 16384
07-21 18:17:49.849  9778  9813 I OVR_GlUtils: GL_MAX_VERTEX_UNIFORM_VECTORS = 256
07-21 18:17:49.849  9778  9813 I OVR_GlUtils: GL_MAX_FRAGMENT_UNIFORM_VECTORS = 256
07-21 18:17:49.849  9778  9813 I RCTVR   : ReactPlayerCommon: InitGfx
07-21 18:17:49.850  9778  9813 I GLSharedContext_Android: Current EGL_CONTEXT_CLIENT_VERSION:3
07-21 18:17:49.851  9778  9813 I GLSharedContext_Android: GLSharedContext pbuffer: 0xc747edc0
07-21 18:17:49.853  9778  9813 I panelapp: Init complete
07-21 18:17:49.853  9778  9813 I RCTVR   : Create root
07-21 18:17:49.853  9778  9813 I RCTVR   : ReactPlayerCommon: reloaded RootView 'main', tag: 1
07-21 18:17:49.863  9778  9813 I RCTVRMEM: Total Allocated Space: 17683104, Total Free Space: 2764128, JavaScript Heap Size: 139208
07-21 18:17:49.865  9778  9826 W VideoCapabilities: Unsupported mime video/mp4v-esdp
07-21 18:17:49.874  8414  8442 I [OAR] PanelRenderLayer: ResetSurface 1400 x 540 - shape:2 stereo:0
07-21 18:17:49.874  8414  8442 I [OAR] PanelAppAnalytics: First frame latency: 1.190 for id 10 com.oculus.vrshell.home/com.oculus.vrshell.home.LibraryService
07-21 18:17:49.876  9778  9813 I RvrPnl  : FPS=1.27898e-09/44.8109/44.8109, MSPF=7.81874e+08/22.316/22.316, MEMALLOC=16.8639
07-21 18:17:49.884  9778  9826 I VideoCapabilities: Unsupported profile 4 for video/mp4v-es
07-21 18:17:49.889  9778  9826 I org.webrtc.Logging: MediaCodecVideoEncoder: Found target encoder for mime video/x-vnd.on2.vp8 : OMX.qcom.video.encoder.vp8. Color: 0x15
07-21 18:17:49.889  9778  9826 W VideoCapabilities: Unrecognized profile 2130706433 for video/avc
07-21 18:17:49.889  9778  9826 W VideoCapabilities: Unrecognized profile 2130706434 for video/avc
07-21 18:17:49.890  9778  9826 I org.webrtc.Logging: MediaCodecVideoEncoder: Found target encoder for mime video/avc : OMX.qcom.video.encoder.avc. Color: 0x15
07-21 18:17:49.891  9778  9826 I org.webrtc.Logging: MediaCodecVideoDecoder: Trying to find HW decoder for mime video/x-vnd.on2.vp8
07-21 18:17:49.891  9778  9826 I org.webrtc.Logging: MediaCodecVideoDecoder: Found candidate decoder OMX.qcom.video.decoder.vp8
07-21 18:17:49.892  9778  9826 I org.webrtc.Logging: MediaCodecVideoDecoder: Found target decoder OMX.qcom.video.decoder.vp8. Color: 0x13
07-21 18:17:49.892  9778  9826 I org.webrtc.Logging: MediaCodecVideoDecoder: Trying to find HW decoder for mime video/x-vnd.on2.vp9
07-21 18:17:49.892  9778  9826 I org.webrtc.Logging: MediaCodecVideoDecoder: Found candidate decoder OMX.qcom.video.decoder.vp9
07-21 18:17:49.893  9778  9826 I org.webrtc.Logging: MediaCodecVideoDecoder: Found target decoder OMX.qcom.video.decoder.vp9. Color: 0x13
07-21 18:17:49.893  9778  9826 I org.webrtc.Logging: MediaCodecVideoDecoder: Trying to find HW decoder for mime video/avc
07-21 18:17:49.893  9778  9826 I org.webrtc.Logging: MediaCodecVideoDecoder: Found candidate decoder OMX.qcom.video.decoder.avc
07-21 18:17:49.893  9778  9826 W VideoCapabilities: Unrecognized profile 2130706433 for video/avc
07-21 18:17:49.893  9778  9826 W VideoCapabilities: Unrecognized profile 2130706434 for video/avc
07-21 18:17:49.893  9778  9826 I org.webrtc.Logging: MediaCodecVideoDecoder: Found target decoder OMX.qcom.video.decoder.avc. Color: 0x13
07-21 18:17:49.897  9778  9815 I RequestStopwatch: AndroidPlatformIntegration-Constructor took 160.0140 milliseconds
07-21 18:17:49.904  9778  9840 I RCTVR_HERMES: [info]: 'Analytics', { status: 'gk_read_started', type: 'oculus_config' }
07-21 18:17:49.905  9778  9840 I OVR_MemBuffer: Couldn't open assets/en_US.json
07-21 18:17:49.905  9778  9840 I PackageFiles: File 'assets/en_US.json' not found in apk!
07-21 18:17:49.905  9778  9840 I RCTVR   : Failed to load url 'assets/en_US.json'
07-21 18:17:49.905  9778  9840 I OVR_MemBuffer: Couldn't open assets/node_modules/intl/locale-data/jsonp/en.js.dat
07-21 18:17:49.905  9778  9840 I RCTI18n : getDictionaryForFBTCodeAsync en
07-21 18:17:49.905  9778  9840 I RCTVR_HERMES: [info]: 'Library', [ 'global library update received' ]
07-21 18:17:49.906  9778  9840 I RCTVR_HERMES: [info]: 'Analytics', { type: 'oculus_config', status: 'qe_read_started' }
07-21 18:17:49.906  9778  9840 I RCTVR_HERMES: [info]: QuickExperiments.initialize with options:
07-21 18:17:49.906  9778  9840 I RCTVR_HERMES: [info]: { useNativeQEModule: true }
07-21 18:17:49.907  9778  9840 I RCTVR_HERMES: [info]: 'Home', [ 'Starting up with service type LIBRARY' ]
07-21 18:17:49.909  9778  9840 I RCTVR   : [TIMESTAMP] : HermesReady : 1563747469.90921497
07-21 18:17:49.910  9778  9840 I RCTVR_HERMES: [info]: 'Analytics', { section_name: 'null',
07-21 18:17:49.910  9778  9840 I RCTVR_HERMES:   sub_section_name: 'null',
07-21 18:17:49.910  9778  9840 I RCTVR_HERMES:   destination: undefined,
07-21 18:17:49.910  9778  9840 I RCTVR_HERMES:   source: undefined,
07-21 18:17:49.910  9778  9840 I RCTVR_HERMES:   timerId: undefined,
07-21 18:17:49.910  9778  9840 I RCTVR_HERMES:   first_session_event: true,
07-21 18:17:49.910  9778  9840 I RCTVR_HERMES:   active_duration_ms: 5.889165999367833,
07-21 18:17:49.910  9778  9840 I RCTVR_HERMES:   step: '',
07-21 18:17:49.910  9778  9840 I RCTVR_HERMES:   real_timestamp: 1563747469909,
07-21 18:17:49.910  9778  9840 I RCTVR_HERMES:   type: 'oculus_home_init_latency_connected_controller' }
07-21 18:17:49.910  9778  9840 I RCTVR_HERMES: [info]: 'Analytics', { section_name: 'null',
07-21 18:17:49.910  9778  9840 I RCTVR_HERMES:   sub_section_name: 'null',
07-21 18:17:49.910  9778  9840 I RCTVR_HERMES:   destination: undefined,
07-21 18:17:49.910  9778  9840 I RCTVR_HERMES:   source: undefined,
07-21 18:17:49.910  9778  9840 I RCTVR_HERMES:   timerId: undefined,
07-21 18:17:49.910  9778  9840 I RCTVR_HERMES:   first_session_event: true,
07-21 18:17:49.910  9778  9840 I RCTVR_HERMES:   active_duration_ms: 4.941092999652028,
07-21 18:17:49.910  9778  9840 I RCTVR_HERMES:   step: '',
07-21 18:17:49.910  9778  9840 I RCTVR_HERMES:   real_timestamp: 1563747469910,
07-21 18:17:49.910  9778  9840 I RCTVR_HERMES:   type: 'oculus_home_init_latency_library' }
07-21 18:17:49.911  9778  9840 I RCTVR_HERMES: [info]: 'Analytics', { section_name: 'null',
07-21 18:17:49.911  9778  9840 I RCTVR_HERMES:   sub_section_name: 'null',
07-21 18:17:49.911  9778  9840 I RCTVR_HERMES:   destination: undefined,
07-21 18:17:49.911  9778  9840 I RCTVR_HERMES:   source: undefined,
07-21 18:17:49.911  9778  9840 I RCTVR_HERMES:   timerId: undefined,
07-21 18:17:49.911  9778  9840 I RCTVR_HERMES:   first_session_event: true,
07-21 18:17:49.911  9778  9840 I RCTVR_HERMES:   active_duration_ms: 3.8131760004907846,
07-21 18:17:49.911  9778  9840 I RCTVR_HERMES:   step: '',
07-21 18:17:49.911  9778  9840 I RCTVR_HERMES:   real_timestamp: 1563747469911,
07-21 18:17:49.911  9778  9840 I RCTVR_HERMES:   type: 'oculus_home_init_latency_sync_steps' }
07-21 18:17:49.914  9778  9840 I RCTVR_HERMES: [info]: 'Analytics', { section_name: 'null',
07-21 18:17:49.914  9778  9840 I RCTVR_HERMES:   sub_section_name: 'null',
07-21 18:17:49.914  9778  9840 I RCTVR_HERMES:   destination: undefined,
07-21 18:17:49.914  9778  9840 I RCTVR_HERMES:   source: undefined,
07-21 18:17:49.914  9778  9840 I RCTVR_HERMES:   timerId: undefined,
07-21 18:17:49.914  9778  9840 I RCTVR_HERMES:   first_session_event: true,
07-21 18:17:49.914  9778  9840 I RCTVR_HERMES:   active_duration_ms: 3.4863009992986917,
07-21 18:17:49.914  9778  9840 I RCTVR_HERMES:   step: '',
07-21 18:17:49.914  9778  9840 I RCTVR_HERMES:   real_timestamp: 1563747469911,
07-21 18:17:49.914  9778  9840 I RCTVR_HERMES:   type: 'oculus_home_init_latency_shell_permissions' }
07-21 18:17:49.915  9778  9840 I RCTVR_HERMES: [info]: 'Analytics', { section_name: 'null',
07-21 18:17:49.915  9778  9840 I RCTVR_HERMES:   sub_section_name: 'null',
07-21 18:17:49.915  9778  9840 I RCTVR_HERMES:   destination: undefined,
07-21 18:17:49.915  9778  9840 I RCTVR_HERMES:   source: undefined,
07-21 18:17:49.915  9778  9840 I RCTVR_HERMES:   timerId: undefined,
07-21 18:17:49.915  9778  9840 I RCTVR_HERMES:   first_session_event: true,
07-21 18:17:49.915  9778  9840 I RCTVR_HERMES:   active_duration_ms: 5.722707999870181,
07-21 18:17:49.915  9778  9840 I RCTVR_HERMES:   step: '',
07-21 18:17:49.915  9778  9840 I RCTVR_HERMES:   real_timestamp: 1563747469915,
07-21 18:17:49.915  9778  9840 I RCTVR_HERMES:   type: 'oculus_home_init_latency_home_networking' }
07-21 18:17:49.917  9778  9840 I RCTVR_HERMES: [info]: Running application "main" with appParams: {"rootTag":1,"initialProps":{"surfaceWidth":1400,"surfaceHeight":540}}. __DEV__ === false, development-level warning are OFF, performance optimizations are ON
07-21 18:17:49.917  9778  9813 I panelapp: LE reactvr_info
07-21 18:17:49.920  9778  9813 W Settings: Setting adb_enabled has moved from android.provider.Settings.Secure to android.provider.Settings.Global.
07-21 18:17:49.936  9778  9840 I RCTVR_HERMES: [info]: 'Analytics', { section_name: 'null',
07-21 18:17:49.936  9778  9840 I RCTVR_HERMES:   sub_section_name: 'null',
07-21 18:17:49.936  9778  9840 I RCTVR_HERMES:   network_status: 'WIFI',
07-21 18:17:49.936  9778  9840 I RCTVR_HERMES:   real_timestamp: 1563747469936,
07-21 18:17:49.936  9778  9840 I RCTVR_HERMES:   type: 'oculus_home_network_status' }
07-21 18:17:49.944  9778  9840 W RCTVR_HERMES: [warn]: 'Home', [ 'Error fetching translations: ',
07-21 18:17:49.944  9778  9840 W RCTVR_HERMES:   { [Error: No dictionary for 'en_US'] framesToPop: 1 } ]
07-21 18:17:49.946  9778  9840 I RCTVR_HERMES: [info]: 'Analytics', { section_name: 'null',
07-21 18:17:49.946  9778  9840 I RCTVR_HERMES:   sub_section_name: 'null',
07-21 18:17:49.946  9778  9840 I RCTVR_HERMES:   destination: undefined,
07-21 18:17:49.946  9778  9840 I RCTVR_HERMES:   source: undefined,
07-21 18:17:49.946  9778  9840 I RCTVR_HERMES:   timerId: undefined,
07-21 18:17:49.946  9778  9840 I RCTVR_HERMES:   first_session_event: true,
07-21 18:17:49.946  9778  9840 I RCTVR_HERMES:   active_duration_ms: 40.593798000365496,
07-21 18:17:49.946  9778  9840 I RCTVR_HERMES:   step: '',
07-21 18:17:49.946  9778  9840 I RCTVR_HERMES:   real_timestamp: 1563747469945,
07-21 18:17:49.946  9778  9840 I RCTVR_HERMES:   type: 'oculus_home_init_latency_localization' }
07-21 18:17:49.946  9778  9828 I OVR_MemBuffer: Couldn't open assets/src/ocicon/assets/oc_icon_library_2_24_fff.png
07-21 18:17:49.947  9778  9830 I OVR_MemBuffer: Couldn't open assets/src/ocui/assets/background_disco.png
07-21 18:17:49.947  9778  9840 I RCTVR_HERMES: [info]: 'Analytics', { section_name: 'null',
07-21 18:17:49.947  9778  9840 I RCTVR_HERMES:   sub_section_name: 'null',
07-21 18:17:49.947  9778  9840 I RCTVR_HERMES:   destination: undefined,
07-21 18:17:49.947  9778  9840 I RCTVR_HERMES:   source: undefined,
07-21 18:17:49.947  9778  9840 I RCTVR_HERMES:   timerId: undefined,
07-21 18:17:49.947  9778  9840 I RCTVR_HERMES:   first_session_event: true,
07-21 18:17:49.947  9778  9840 I RCTVR_HERMES:   active_duration_ms: 38.6055159997195,
07-21 18:17:49.947  9778  9840 I RCTVR_HERMES:   step: '',
07-21 18:17:49.947  9778  9840 I RCTVR_HERMES:   real_timestamp: 1563747469946,
07-21 18:17:49.947  9778  9840 I RCTVR_HERMES:   type: 'oculus_home_init_latency_sessions_in_vr' }
07-21 18:17:49.952  9778  9813 I RCTVR   : [TIMESTAMP] : RCTMarker_tti_library_react_root : 1563747469.95291781
07-21 18:17:49.953  9778  9813 I RCTVR   : [TIMESTAMP] : RCTMarker_tti_router_app_initializing : 1563747469.95304489
07-21 18:17:49.953  9778  9813 I RCTVR   : [TIMESTAMP] : RCTMarker_tti_home_where_to_go : 1563747469.95309186
07-21 18:17:49.953  9778  9840 I RCTVR_HERMES: [info]: 'Analytics', { section_name: 'null',
07-21 18:17:49.953  9778  9840 I RCTVR_HERMES:   sub_section_name: 'null',
07-21 18:17:49.953  9778  9840 I RCTVR_HERMES:   destination: undefined,
07-21 18:17:49.953  9778  9840 I RCTVR_HERMES:   source: undefined,
07-21 18:17:49.953  9778  9840 I RCTVR_HERMES:   timerId: undefined,
07-21 18:17:49.953  9778  9840 I RCTVR_HERMES:   first_session_event: true,
07-21 18:17:49.953  9778  9840 I RCTVR_HERMES:   active_duration_ms: 48.99692199937999,
07-21 18:17:49.953  9778  9840 I RCTVR_HERMES:   step: '',
07-21 18:17:49.953  9778  9840 I RCTVR_HERMES:   real_timestamp: 1563747469952,
07-21 18:17:49.953  9778  9840 I RCTVR_HERMES:   type: 'oculus_home_init_latency_client_preferences' }
07-21 18:17:49.953  9778  9840 V RCTVR_HERMES: [log]: 'Home', 'Initial URL: apk://com.oculus.vrshell.home/?_oc_shell_version_code=151557608&_oc_headset_type=256&_oc_launch_timestamp=11569345.350576&_oc_gearvr_developer_mode=true&_oc_shell_version_name=3.13.88&uri=%2Flibrary%3FnewDeeplink%3D1&_oc_analytics_session_id=be97a328-8c25-4095-a42f-19995b369a7d&_oc_shell_automation_enabled=false&_oc_shell_permissions=permissionsGranted%20write_storage%20microphone&_oc_gk:oculus_vrshell_core_anytime_ui=true&_oc_shell_feature_sets=multi-layer-v1%2Cmirror-avatar-v1%2Csystem-ux-routes-v1%2Cdeeplink-nav-v1&_oc_userid=105270740415731&_oc_device_type=259&_oc_device_region=0&_oc_gk:oculus_mobile_home_panel_services=true'
07-21 18:17:49.954  9778  9840 I RCTVR_HERMES: [info]: 'Home', [ 'Deeplinking URI: /deeplinking/library?newDeeplink=1&deeplinkingRoot=1' ]
07-21 18:17:49.955  9778  9815 I libjingle: [000:000] [9815] (WebRtcPeerConnectionFactory.cpp:119): WebRtcPeerConnectionFactory::WebRtcPeerConnectionFactory
07-21 18:17:49.957  9778  9840 I RCTVR_HERMES: [info]: 'Analytics', { section_name: 'null',
07-21 18:17:49.957  9778  9840 I RCTVR_HERMES:   sub_section_name: 'null',
07-21 18:17:49.957  9778  9840 I RCTVR_HERMES:   destination: undefined,
07-21 18:17:49.957  9778  9840 I RCTVR_HERMES:   source: undefined,
07-21 18:17:49.957  9778  9840 I RCTVR_HERMES:   timerId: undefined,
07-21 18:17:49.957  9778  9840 I RCTVR_HERMES:   first_session_event: true,
07-21 18:17:49.957  9778  9840 I RCTVR_HERMES:   active_duration_ms: 52.65551600046456,
07-21 18:17:49.957  9778  9840 I RCTVR_HERMES:   step: '',
07-21 18:17:49.957  9778  9840 I RCTVR_HERMES:   real_timestamp: 1563747469956,
07-21 18:17:49.957  9778  9840 I RCTVR_HERMES:   type: 'oculus_home_init_latency_deeplinking' }
07-21 18:17:49.961  9778  9856 I libjingle: [000:007] [9856] (WebRtcPeerConnectionFactory.cpp:98): SetThreadCPUAffinity failed for thread 0, cpu mask 15 err=Invalid argument 22
07-21 18:17:49.961  9778  9857 I libjingle: [000:007] [9857] (WebRtcPeerConnectionFactory.cpp:98): SetThreadCPUAffinity failed for thread 0, cpu mask 15 err=Invalid argument 22
07-21 18:17:49.962  9778  9815 I libjingle: [000:008] [9815] (WebRtcPeerConnectionFactory.cpp:164): WebRtcPeerConnectionFactory::WebRtcPeerConnectionFactory enc 0xe2067ca0 dec 0xc71b6c90
07-21 18:17:49.962  9778  9857 D JVM     : AttachCurrentThreadIfNeeded::ctor@[tid=9857]
07-21 18:17:49.962  9778  9857 D JVM     : Attaching thread to JVM
07-21 18:17:49.962  9778  9857 D JVM     : JVM::environment@[tid=9857]
07-21 18:17:49.962  9778  9857 D JVM     : JNIEnvironment::ctor@[tid=9857]
07-21 18:17:49.962  9778  9857 D AudioManager: ctor@[tid=9857]
07-21 18:17:49.962  9778  9857 D JVM     : JNIEnvironment::RegisterNatives(org/webrtc/voiceengine/WebRtcAudioManager)
07-21 18:17:49.962  9778  9857 D JVM     : NativeRegistration::ctor@[tid=9857]
07-21 18:17:49.962  9778  9857 D JVM     : NativeRegistration::NewObject@[tid=9857]
07-21 18:17:49.963  9778  9857 I org.webrtc.Logging: WebRtcAudioManager: ctor@[name=Thread-8, id=263]
07-21 18:17:49.963  9778  9857 I org.webrtc.Logging: WebRtcAudioManager: Sample rate is set to 48000 Hz
07-21 18:17:49.965  9778  9840 I RCTVR_HERMES: [info]: 'Analytics', { default_values_used: true,
07-21 18:17:49.965  9778  9840 I RCTVR_HERMES:   duration_ms: 54,
07-21 18:17:49.965  9778  9840 I RCTVR_HERMES:   payload: '[{"name":"dash_events","isPassing":"false"},{"name":"feed_content_creators","isPassing":"false"},{"name":"oc_cinema_can_view_unpublished_video","isPassing":"unknown"},{"name":"oc_explore_enable_video_stereo_mono_control","isPassing":"unknown"},{"name":"oc_preview_video","isPassing":"unknown"},{"name":"oc_referral_system_web","isPassing":"false"},{"name":"oculus_abuse_recording_overlay_software_button","isPassing":"false"},{"name":"oculus_abuse_report_recording_by_default","isPassing":"true"},{"name":"oculus_action_on_press","isPassing":"false"},{"name":"oculus_avatar_deeplink","isPassing":"true"},{"name":"oculus_avatar_expressive_editor","isPassing":"true"},{"name":"oculus_avatar_use_update_ipc","isPassing":"true"},{"name":"oculus_avatar_v2_upsell","isPassing":"true"},{"name":"oculus_core2_avatar_v2_enabled","isPassing":"true"},{"name":"oculus_cornerstone_edit_avatar_button_deeplink","isPassing":"true"},{"name":"oculus_dash_joys
07-21 18:17:49.970  9778  9857 I org.webrtc.Logging: WebRtcAudioEffects: canUseAcousticEchoCanceler: true
07-21 18:17:49.971  9778  9813 I panelapp: LE reactvr_info
07-21 18:17:49.971  9778  9813 I panelapp: LE reactvr_info
07-21 18:17:49.971  9778  9813 I panelapp: LE reactvr_info
07-21 18:17:49.972  9778  9813 I panelapp: LE reactvr_info
07-21 18:17:49.972  9778  9813 I panelapp: LE reactvr_info
07-21 18:17:49.972  8414  8442 I [OAR] PanelRenderLayer: New SurfaceLayer 1400 x 540
07-21 18:17:49.973  2013  2029 I VrRuntimeService: nativeCreateTextureSwapChain 66048 0 35907 1400 540 11 3 1
07-21 18:17:49.977  9778  9857 I org.webrtc.Logging: WebRtcAudioEffects: canUseAutomaticGainControl: false
07-21 18:17:49.979  9778  9840 I RCTVR_HERMES: [info]: 'Analytics', { section_name: 'null',
07-21 18:17:49.979  9778  9840 I RCTVR_HERMES:   sub_section_name: 'null',
07-21 18:17:49.979  9778  9840 I RCTVR_HERMES:   destination: undefined,
07-21 18:17:49.979  9778  9840 I RCTVR_HERMES:   source: undefined,
07-21 18:17:49.979  9778  9840 I RCTVR_HERMES:   timerId: undefined,
07-21 18:17:49.979  9778  9840 I RCTVR_HERMES:   first_session_event: true,
07-21 18:17:49.979  9778  9840 I RCTVR_HERMES:   active_duration_ms: 74.60874300077558,
07-21 18:17:49.979  9778  9840 I RCTVR_HERMES:   step: '',
07-21 18:17:49.979  9778  9840 I RCTVR_HERMES:   real_timestamp: 1563747469978,
07-21 18:17:49.979  9778  9840 I RCTVR_HERMES:   type: 'oculus_home_init_latency_gatekeepers' }
07-21 18:17:49.980  9778  9840 I RCTVR_HERMES: [info]: 'Analytics', { status: 'qp_initialize_started', type: 'oculus_config' }
07-21 18:17:49.980  2013  2029 I VrRuntimeServer: CreateTextureSwapChain: result importswapchaingles 1
07-21 18:17:49.984  9778  9857 I org.webrtc.Logging: WebRtcAudioEffects: canUseNoiseSuppressor: true
07-21 18:17:49.986  9778  9857 D AudioManager: OnCacheAudioParameters@[tid=9857]
07-21 18:17:49.986  9778  9857 D AudioManager: hardware_aec: 1
07-21 18:17:49.986  9778  9857 D AudioManager: hardware_agc: 0
07-21 18:17:49.986  9778  9857 D AudioManager: hardware_ns: 1
07-21 18:17:49.986  9778  9857 D AudioManager: low_latency_output: 1
07-21 18:17:49.986  9778  9857 D AudioManager: sample_rate: 48000
07-21 18:17:49.986  9778  9857 D AudioManager: channels: 1
07-21 18:17:49.986  9778  9857 D AudioManager: output_buffer_size: 192
07-21 18:17:49.986  9778  9857 D AudioManager: input_buffer_size: 1920
07-21 18:17:49.986  9778  9857 D JVM     : GlobalRef::ctor@[tid=9857]
07-21 18:17:49.986  9778  9857 D AudioManager: JavaAudioManager::ctor@[tid=9857]
07-21 18:17:49.986  9778  9857 D JVM     : AttachCurrentThreadIfNeeded::ctor@[tid=9857]
07-21 18:17:49.986  9778  9857 D JVM     : JVM::environment@[tid=9857]
07-21 18:17:49.986  9778  9857 D JVM     : JNIEnvironment::ctor@[tid=9857]
07-21 18:17:49.986  9778  9857 D AudioTrackJni: ctor@[tid=9857]
07-21 18:17:49.986  9778  9857 D JVM     : JNIEnvironment::RegisterNatives(org/webrtc/voiceengine/WebRtcAudioTrack)
07-21 18:17:49.986  9778  9857 D JVM     : NativeRegistration::ctor@[tid=9857]
07-21 18:17:49.986  9778  9857 D JVM     : NativeRegistration::NewObject@[tid=9857]
07-21 18:17:49.987  9778  9857 I org.webrtc.Logging: WebRtcAudioTrack: ctor@[name=Thread-8, id=263]
07-21 18:17:49.987  9778  9857 D JVM     : GlobalRef::ctor@[tid=9857]
07-21 18:17:49.987  9778  9857 D AudioManager: SetActiveAudioLayer(5)@[tid=9857]
07-21 18:17:49.987  9778  9857 D AudioManager: delay_estimate_in_milliseconds: 150
07-21 18:17:49.987  9778  9857 D AudioTrackJni: AttachAudioBuffer@[tid=9857]
07-21 18:17:49.987  9778  9857 D AudioTrackJni: SetPlayoutSampleRate(48000)
07-21 18:17:49.987  9778  9857 D AudioTrackJni: SetPlayoutChannels(1)
07-21 18:17:49.987  9778  9857 I libjingle: [000:033] [9857] (AudioRecordWrapper.cpp:53): Attached an audio buffer to AudioRecordWrapper
07-21 18:17:49.990  9778  9857 I libjingle: [000:036] [9857] (webrtcvoiceengine.cc:245): WebRtc VoiceEngine codecs:
07-21 18:17:49.991  9778  9857 I libjingle: [000:036] [9857] (webrtcvoiceengine.cc:272): ISAC/16000/1 (103)
07-21 18:17:49.991  9778  9857 I libjingle: [000:036] [9857] (webrtcvoiceengine.cc:272): PCMU/8000/1 (0)
07-21 18:17:49.991  9778  9857 I libjingle: [000:036] [9857] (webrtcvoiceengine.cc:272): PCMA/8000/1 (8)
07-21 18:17:49.991  9778  9857 W libjingle: [000:036] [9857] (webrtcvoiceengine.cc:296): Unexpected codec: PCMU/8000/2 (110)
07-21 18:17:49.991  9778  9857 W libjingle: [000:036] [9857] (webrtcvoiceengine.cc:296): Unexpected codec: PCMA/8000/2 (118)
07-21 18:17:49.991  9778  9857 I libjingle: [000:037] [9857] (webrtcvoiceengine.cc:272): ILBC/8000/1 (102)
07-21 18:17:49.991  9778  9857 I libjingle: [000:037] [9857] (webrtcvoiceengine.cc:272): G722/8000/1 (9)
07-21 18:17:49.991  9778  9857 W libjingle: [000:037] [9857] (webrtcvoiceengine.cc:296): Unexpected codec: G722/8000/2 (119)
07-21 18:17:49.991  9778  9857 I libjingle: [000:037] [9857] (webrtcvoiceengine.cc:272): opus/48000/2 (111)
07-21 18:17:49.991  9778  9857 I libjingle: [000:037] [9857] (webrtcvoiceengine.cc:272): CN/8000/1 (13)
07-21 18:17:49.991  9778  9857 I libjingle: [000:037] [9857] (webrtcvoiceengine.cc:272): CN/16000/1 (105)
07-21 18:17:49.991  9778  9857 I libjingle: [000:037] [9857] (webrtcvoiceengine.cc:272): CN/32000/1 (106)
07-21 18:17:49.991  9778  9857 I libjingle: [000:037] [9857] (webrtcvoiceengine.cc:272): telephone-event/8000/1 (126)
07-21 18:17:49.991  9778  9857 I libjingle: [000:037] [9857] (webrtcvoiceengine.cc:272): red/8000/1 (127)
07-21 18:17:49.991  9778  9857 I libjingle: [000:037] [9857] (webrtcvideoengine2.cc:496): WebRtcVideoEngine2::WebRtcVideoEngine2()
07-21 18:17:49.992  9778  9857 I libjingle: [000:038] [9857] (webrtcvoiceengine.cc:550): WebRtcVoiceEngine::Init
07-21 18:17:49.992  9778  9857 I libjingle: [000:038] [9857] (webrtcvoiceengine.cc:574): VoiceEngine 4.1.0
07-21 18:17:49.992  9778  9857 I libjingle: [000:038] [9857] (voe_base_impl.cc:244): Init: An external ADM implementation will be used in VoiceEngine
07-21 18:17:49.992  9778  9857 D AudioManager: Init@[tid=9857]
07-21 18:17:49.992  9778  9857 I org.webrtc.Logging: WebRtcAudioManager: init@[name=Thread-8, id=263]
07-21 18:17:49.994  9778  9857 I org.webrtc.Logging: WebRtcAudioManager: audio mode is: MODE_NORMAL
07-21 18:17:49.994  9778  9857 D AudioTrackJni: Init@[tid=9857]
07-21 18:17:49.994  9778  9857 I libjingle: [000:040] [9857] (webrtcvoiceengine.cc:1065): webrtc: output: available=0
07-21 18:17:49.994  9778  9857 E libjingle: [000:040] [9857] (webrtcvoiceengine.cc:1065): webrtc: stereo playout is not supported
07-21 18:17:49.994  9778  9857 W libjingle: [000:040] [9857] (webrtcvoiceengine.cc:1065): webrtc: Init() failed to set mono/stereo playout mode (error=8090)
07-21 18:17:49.994  9778  9857 I libjingle: [000:040] [9857] (webrtcvoiceengine.cc:1065): webrtc: output: available=0
07-21 18:17:49.994  9778  9857 E libjingle: [000:040] [9857] (webrtcvoiceengine.cc:1065): webrtc: recording in stereo is not supported
07-21 18:17:49.994  9778  9857 W libjingle: [000:040] [9857] (webrtcvoiceengine.cc:1065): webrtc: Init() failed to set mono/stereo recording mode (error=8090)
07-21 18:17:49.994  9778  9857 I libjingle: [000:040] [9857] (webrtcvoiceengine.cc:1065): webrtc: TransmitMixer::SetAudioProcessingModule(audioProcessingModule=0xc7551480)
07-21 18:17:49.994  9778  9857 I libjingle: [000:040] [9857] (webrtcvoiceengine.cc:1065): webrtc: OutputMixer::SetAudioProcessingModule(audioProcessingModule=0xc7551480)
07-21 18:17:49.994  9778  9857 E libjingle: [000:040] [9857] (voe_base_impl.cc:371): Init: Failed to set agc to enabled: 0
07-21 18:17:49.994  9778  9857 I libjingle: [000:040] [9857] (webrtcvoiceengine.cc:647): ApplyOptions: AudioOptions {aec: true, agc: true, ns: true, hf: true, swap: false, audio_jitter_buffer_max_packets: 50, audio_jitter_buffer_fast_accelerate: false, typing: true, agc_delta: 0, experimental_agc: false, extended_filter_aec: false, delay_agnostic_aec: false, experimental_ns: false, }
07-21 18:17:49.994  9778  9857 I SharedMicrophoneAudioRecord: EnableBuiltInEffect(): called to enable effect 0
07-21 18:17:49.994  9778  9857 I libjingle: [000:040] [9857] (webrtcvoiceengine.cc:721): Disabling EC since built-in EC will be used instead
07-21 18:17:49.994  9778  9857 I libjingle: [000:040] [9857] (webrtcvoiceengine.cc:728): Echo control set to 0 with mode 4
07-21 18:17:49.994  9778  9857 I libjingle: [000:040] [9857] (webrtcvoiceengine.cc:763): Auto gain set to 0 with mode 4
07-21 18:17:49.994  9778  9857 I SharedMicrophoneAudioRecord: EnableBuiltInEffect(): called to enable effect 2
07-21 18:17:49.994  9778  9857 I libjingle: [000:040] [9857] (webrtcvoiceengine.cc:803): Disabling NS since built-in NS will be used instead
07-21 18:17:49.994  9778  9857 I libjingle: [000:040] [9857] (webrtcvoiceengine.cc:810): Noise suppression set to 0 with mode 5
07-21 18:17:49.994  9778  9857 I libjingle: [000:040] [9857] (webrtcvoiceengine.cc:816): High pass filter enabled? 0
07-21 18:17:49.994  9778  9857 I libjingle: [000:040] [9857] (webrtcvoiceengine.cc:824): Stereo swapping enabled? 0
07-21 18:17:49.994  9778  9857 I libjingle: [000:040] [9857] (webrtcvoiceengine.cc:833): NetEq capacity is 50
07-21 18:17:49.994  9778  9857 I libjingle: [000:040] [9857] (webrtcvoiceengine.cc:841): NetEq fast mode? 0
07-21 18:17:49.994  9778  9857 I libjingle: [000:040] [9857] (webrtcvoiceengine.cc:849): Typing detection is enabled? 0
07-21 18:17:49.994  9778  9857 E libjingle: [000:040] [9857] (voe_audio_processing_impl.cc:955): SetTypingDetectionStatus: not supported
07-21 18:17:49.994  9778  9857 W libjingle: [000:040] [9857] (webrtcvoiceengine.cc:853): SetTypingDetectionStatus(0) failed, err=8003
07-21 18:17:49.994  9778  9857 I libjingle: [000:040] [9857] (webrtcvoiceengine.cc:858): Adjust agc delta is 0
07-21 18:17:49.994  9778  9857 I libjingle: [000:040] [9857] (webrtcvoiceengine.cc:1090): Adjusting AGC level from default -3dB to -3dB
07-21 18:17:49.994  9778  9857 I libjingle: [000:040] [9857] (webrtcvoiceengine.cc:869): Delay agnostic aec is enabled? 0
07-21 18:17:49.994  9778  9857 I libjingle: [000:040] [9857] (webrtcvoiceengine.cc:878): Extended filter aec is enabled? 0
07-21 18:17:49.994  9778  9857 I libjingle: [000:040] [9857] (webrtcvoiceengine.cc:887): Experimental ns is enabled? 0
07-21 18:17:49.994  9778  9857 I libjingle: [000:040] [9857] (webrtcvoiceengine.cc:610): WebRtc VoiceEngine codecs:
07-21 18:17:49.994  9778  9857 I libjingle: [000:040] [9857] (webrtcvoiceengine.cc:612): opus/48000/2 (111)
07-21 18:17:49.994  9778  9857 I libjingle: [000:040] [9857] (webrtcvoiceengine.cc:612): ISAC/16000/1 (103)
07-21 18:17:49.994  9778  9857 I libjingle: [000:040] [9857] (webrtcvoiceengine.cc:612): G722/8000/1 (9)
07-21 18:17:49.994  9778  9857 I libjingle: [000:040] [9857] (webrtcvoiceengine.cc:612): ILBC/8000/1 (102)
07-21 18:17:49.994  9778  9857 I libjingle: [000:040] [9857] (webrtcvoiceengine.cc:612): PCMU/8000/1 (0)
07-21 18:17:49.994  9778  9857 I libjingle: [000:040] [9857] (webrtcvoiceengine.cc:612): PCMA/8000/1 (8)
07-21 18:17:49.994  9778  9857 I libjingle: [000:040] [9857] (webrtcvoiceengine.cc:612): CN/32000/1 (106)
07-21 18:17:49.994  9778  9857 I libjingle: [000:040] [9857] (webrtcvoiceengine.cc:612): CN/16000/1 (105)
07-21 18:17:49.995  9778  9857 I libjingle: [000:040] [9857] (webrtcvoiceengine.cc:612): CN/8000/1 (13)
07-21 18:17:49.995  9778  9857 I libjingle: [000:040] [9857] (webrtcvoiceengine.cc:612): red/8000/1 (127)
07-21 18:17:49.995  9778  9857 I libjingle: [000:040] [9857] (webrtcvoiceengine.cc:612): telephone-event/8000/1 (126)
07-21 18:17:49.995  9778  9857 I libjingle: [000:040] [9857] (webrtcvoiceengine.cc:960): Setting microphone to (id=0) and speaker to (id=0)
07-21 18:17:49.995  9778  9857 W libjingle: [000:040] [9857] (webrtcvoiceengine.cc:1065): webrtc: SetRecordingChannel() unable to set the recording channel (error=10028)
07-21 18:17:49.995  9778  9857 E libjingle: [000:040] [9857] (webrtcvoiceengine.cc:1065): webrtc: recording in stereo is not supported
07-21 18:17:49.995  9778  9857 W libjingle: [000:040] [9857] (webrtcvoiceengine.cc:1065): webrtc: SetRecordingDevice() failed to set mono recording mode (error=8090)
07-21 18:17:49.995  9778  9857 E libjingle: [000:040] [9857] (webrtcvoiceengine.cc:1065): webrtc: stereo playout is not supported
07-21 18:17:49.995  9778  9857 W libjingle: [000:041] [9857] (webrtcvoiceengine.cc:1065): webrtc: SetPlayoutDevice() failed to set stereo playout mode (error=8090)
07-21 18:17:49.995  9778  9857 I libjingle: [000:041] [9857] (webrtcvoiceengine.cc:980): Set microphone to (id=0) and speaker to (id=0)
07-21 18:17:49.995  9778  9857 I libjingle: [000:041] [9857] (webrtcvoiceengine.cc:553): WebRtcVoiceEngine::Init Done!
07-21 18:17:49.995  9778  9857 I libjingle: [000:041] [9857] (webrtcvideoengine2.cc:505): WebRtcVideoEngine2::Init
07-21 18:17:49.995  9778  9840 I RCTVR_HERMES: [info]: QuickExperiments loaded native cached QEs.
07-21 18:17:49.995  9778  9840 I RCTVR_HERMES: [info]: Overrides: [object Object]
07-21 18:17:49.995  9778  9857 I libjingle: [000:041] [9857] (dtlsidentitystore.cc:53): Generating identity, using keytype 0
07-21 18:17:49.995  9778  9857 I libjingle: [000:041] [9857] (opensslidentity.cc:41): Making key pair
07-21 18:17:50.010  9778  9840 I RCTVR_HERMES: [info]: 'Analytics', { default_values_used: false,
07-21 18:17:50.010  9778  9840 I RCTVR_HERMES:   duration_ms: 89,
07-21 18:17:50.010  9778  9840 I RCTVR_HERMES:   payload: '{"sessionless__oculus_search_home_web_search_universe":{"name":"sessionless__oculus_search_home_web_search_button","group":"Control","inExperiment":true,"exposureTtl":3600,"params":{"is_enabled":{"type":1,"value":"0"}},"shouldLog":true,"inDeployGroup":false,"hash":"00a3ca46fede1e19f39e5d314992f1e9"},"sessionless__oculus_vrshell_aui_library_badge_universe":{"name":"qe_default","group":null,"inExperiment":false,"exposureTtl":3600,"params":[],"shouldLog":false,"inDeployGroup":false,"hash":"f2050113b8391293dc4eb5956df0847a"},"sessionless__oculus_explore_show_inline_event_app_download":{"name":"qe_default","group":null,"inExperiment":false,"exposureTtl":3600,"params":[],"shouldLog":false,"inDeployGroup":false,"hash":"f2050113b8391293dc4eb5956df0847a"},"sessionless__oculus_explore_prime_metadata_universe":{"name":"qe_default","group":null,"inExperiment":false,"exposureTtl":3600,"params":[],"shouldLog":false,"inDeployGroup":false,"has
07-21 18:17:50.012  9778  9840 I RCTVR_HERMES: [info]: 'Analytics', { section_name: 'null',
07-21 18:17:50.012  9778  9840 I RCTVR_HERMES:   sub_section_name: 'null',
07-21 18:17:50.012  9778  9840 I RCTVR_HERMES:   destination: undefined,
07-21 18:17:50.012  9778  9840 I RCTVR_HERMES:   source: undefined,
07-21 18:17:50.012  9778  9840 I RCTVR_HERMES:   timerId: undefined,
07-21 18:17:50.012  9778  9840 I RCTVR_HERMES:   first_session_event: true,
07-21 18:17:50.012  9778  9840 I RCTVR_HERMES:   active_duration_ms: 105.21202000044286,
07-21 18:17:50.012  9778  9840 I RCTVR_HERMES:   step: '',
07-21 18:17:50.012  9778  9840 I RCTVR_HERMES:   real_timestamp: 1563747470011,
07-21 18:17:50.012  9778  9840 I RCTVR_HERMES:   type: 'oculus_home_qe_latency' }
07-21 18:17:50.012  9778  9840 I RCTVR_HERMES: [info]: 'Analytics', { section_name: 'null',
07-21 18:17:50.012  9778  9840 I RCTVR_HERMES:   sub_section_name: 'null',
07-21 18:17:50.012  9778  9840 I RCTVR_HERMES:   destination: undefined,
07-21 18:17:50.012  9778  9840 I RCTVR_HERMES:   source: undefined,
07-21 18:17:50.012  9778  9840 I RCTVR_HERMES:   timerId: undefined,
07-21 18:17:50.012  9778  9840 I RCTVR_HERMES:   first_session_event: true,
07-21 18:17:50.012  9778  9840 I RCTVR_HERMES:   active_duration_ms: 106.17936399951577,
07-21 18:17:50.012  9778  9840 I RCTVR_HERMES:   step: '',
07-21 18:17:50.012  9778  9840 I RCTVR_HERMES:   real_timestamp: 1563747470012,
07-21 18:17:50.012  9778  9840 I RCTVR_HERMES:   type: 'oculus_home_init_latency_quick_experiments' }
07-21 18:17:50.013  9778  9840 I RCTVR_HERMES: [info]: 'Home', [ 'Created native prefetcher' ]
07-21 18:17:50.014  9778  9840 I RCTVR_HERMES: [info]: 'Analytics', { section_name: 'null',
07-21 18:17:50.014  9778  9840 I RCTVR_HERMES:   sub_section_name: 'null',
07-21 18:17:50.014  9778  9840 I RCTVR_HERMES:   destination: undefined,
07-21 18:17:50.014  9778  9840 I RCTVR_HERMES:   source: undefined,
07-21 18:17:50.014  9778  9840 I RCTVR_HERMES:   timerId: undefined,
07-21 18:17:50.014  9778  9840 I RCTVR_HERMES:   first_session_event: true,
07-21 18:17:50.014  9778  9840 I RCTVR_HERMES:   active_duration_ms: 1.0357820000499487,
07-21 18:17:50.014  9778  9840 I RCTVR_HERMES:   step: '',
07-21 18:17:50.014  9778  9840 I RCTVR_HERMES:   real_timestamp: 1563747470014,
07-21 18:17:50.014  9778  9840 I RCTVR_HERMES:   type: 'oculus_home_init_latency_native_prefetch' }
07-21 18:17:50.015  9778  9813 D OculusLogger: reportQuickExperimentExposure(sessionless__oculus_mobile_explore_prefetching, test_full, 105270740415731)
07-21 18:17:50.020  9778  9840 W RCTVR_HERMES: [warn]: QEData empty or corrupt for sessionless__oculus_vrshell_aui_library_badge_universe
07-21 18:17:50.020  9778  9840 W RCTVR_HERMES: [warn]: QEData empty or corrupt for sessionless__oculus_mobile_library_badge_updates_category_universe
07-21 18:17:50.021  9778  9840 I RCTVR_HERMES: [info]: 'Relay', [ 'Received prefetch queries', [] ]
07-21 18:17:50.029  9778  9813 D QuickPromotionModule: Initialized and enabled.
07-21 18:17:50.030  9778  9840 I RCTVR_HERMES: [info]: 'Analytics', { duration_ms: 50,
07-21 18:17:50.030  9778  9840 I RCTVR_HERMES:   status: 'qp_initialize_completed',
07-21 18:17:50.030  9778  9840 I RCTVR_HERMES:   type: 'oculus_config' }
07-21 18:17:50.031  9778  9840 I RCTVR_HERMES: [info]: 'Analytics', { section_name: 'null',
07-21 18:17:50.031  9778  9840 I RCTVR_HERMES:   sub_section_name: 'null',
07-21 18:17:50.031  9778  9840 I RCTVR_HERMES:   destination: undefined,
07-21 18:17:50.031  9778  9840 I RCTVR_HERMES:   source: undefined,
07-21 18:17:50.031  9778  9840 I RCTVR_HERMES:   timerId: undefined,
07-21 18:17:50.031  9778  9840 I RCTVR_HERMES:   first_session_event: true,
07-21 18:17:50.031  9778  9840 I RCTVR_HERMES:   active_duration_ms: 51.18436999991536,
07-21 18:17:50.031  9778  9840 I RCTVR_HERMES:   step: '',
07-21 18:17:50.031  9778  9840 I RCTVR_HERMES:   real_timestamp: 1563747470031,
07-21 18:17:50.031  9778  9840 I RCTVR_HERMES:   type: 'oculus_home_init_latency_quick_promotions' }
07-21 18:17:50.032  9778  9840 V RCTVR_HERMES: [log]: 'Routing', 'Redirecting to current default route /library/INSTALLED'
07-21 18:17:50.034  9778  9840 I RCTVR_HERMES: [info]: 'Routing', [ 'REPLACE Navigating to /library/INSTALLED' ]
07-21 18:17:50.034  9778  9840 V RCTVR_HERMES: [log]: 'Routing', [ 'REPLACE: /library/INSTALLED' ]
07-21 18:17:50.034  9778  9840 V RCTVR_HERMES: [log]: 'Routing', 'Referrer', null
07-21 18:17:50.044  1896  1896 I [OAR] AnytimeUIAndroidPanelAppBase: actionNavigate - App:  systemux://library, Uri:  
07-21 18:17:50.058  9778  9840 W RCTVR_HERMES: [warn]: QEData empty or corrupt for sessionless__oculus_home_no_internet_indicator_universe
07-21 18:17:50.060  9778  9840 I RCTVR_HERMES: [info]: 'Analytics', { section_name: 'null',
07-21 18:17:50.060  9778  9840 I RCTVR_HERMES:   sub_section_name: 'null',
07-21 18:17:50.060  9778  9840 I RCTVR_HERMES:   spinner_key: 'router_where_to_go_initial',
07-21 18:17:50.060  9778  9840 I RCTVR_HERMES:   spinner_type: 'panel',
07-21 18:17:50.060  9778  9840 I RCTVR_HERMES:   active_duration_ms: 124.09910199977458,
07-21 18:17:50.060  9778  9840 I RCTVR_HERMES:   real_timestamp: 1563747470059,
07-21 18:17:50.060  9778  9840 I RCTVR_HERMES:   type: 'oculus_home_loading_spinner' }
07-21 18:17:50.061  9778  9840 I RCTVR_HERMES: [info]: 'Deeplinking', [ 'StoreIAP: Deeplinking handled: /deeplinking/library?newDeeplink=1&deeplinkingRoot=1' ]
07-21 18:17:50.062  9778  9840 I RCTVR_HERMES: [info]: 'Routing', [ 'REPLACE Navigating to /deeplinking/library' ]
07-21 18:17:50.062  9778  9840 V RCTVR_HERMES: [log]: 'Routing', [ 'REPLACE: /deeplinking/library' ]
07-21 18:17:50.063  9778  9840 V RCTVR_HERMES: [log]: 'Routing', 'Referrer', null
07-21 18:17:50.064  9778  9840 I RCTVR_HERMES: [info]: 'Routing', [ 'REPLACE Navigating to /library/INSTALLED' ]
07-21 18:17:50.064  9778  9840 V RCTVR_HERMES: [log]: 'Routing', [ 'REPLACE: /library/INSTALLED' ]
07-21 18:17:50.064  9778  9840 V RCTVR_HERMES: [log]: 'Routing', 'Referrer', null
07-21 18:17:50.067  8414  9695 I VrApi   : FPS=67,Prd=45ms,Tear=0,Early=58,Stale=6,VSnc=1,Lat=1,Fov=0,CPU4/GPU=3/4,1958/670MHz,OC=FF,TA=0/E0/0,SP=N/F/N,Mem=1804MHz,Free=1736MB,PSM=0,PLS=0,Temp=36.0C/0.0C,TW=3.05ms,App=4.36ms,GD=2.27ms
07-21 18:17:50.068  8414  8442 I [OAR] AudioSystem: Starting haptic select1 on device 0
07-21 18:17:50.068  8414  8442 I [OAR] AudioMixer: Creating a new stream for client UiSound1
07-21 18:17:50.068  8414  8442 I [OAR] AudioMixer: PlaySoundEffect: 44252 samples at 11570.762381
07-21 18:17:50.068  8414  8442 I [OAR] SystemUXController: System UX, targetComponent = systemux://library, uri = , returnComponent = 
07-21 18:17:50.068  8414  8442 D [OAR] PanelAppConfigurationUtil: Retrieving panel configuration for com.oculus.vrshell.home - com.oculus.vrshell.home.LibraryService
07-21 18:17:50.071  8414  8442 D [OAR] PanelAppConfigurationUtil: Retrieving panel configuration for com.oculus.vrshell.home - com.oculus.vrshell.home.LibraryService
07-21 18:17:50.073  8414  8442 I [OAR] SystemUXController: Registering pending Shell Application launch for com.oculus.vrshell.home/com.oculus.vrshell.home.LibraryService,- overwriting existing launch? false.
07-21 18:17:50.082  8414  8442 I [OAR] SystemUXController: ProcessPendingLaunch 1
07-21 18:17:50.082  8414  8442 I [OAR] DialogController: CloseDialog old: 0, pendingUri systemux://dialog/none, pendingComponent 
07-21 18:17:50.082  8414  8442 D [OAR] PanelAppConfigurationUtil: Retrieving panel configuration for com.oculus.vrshell.home - com.oculus.vrshell.home.LibraryService
07-21 18:17:50.084  8414  8442 I [OAR] ShellApp: LaunchOrDeepLink() - Executing deep link on top of stack panel app com.oculus.vrshell.home/com.oculus.vrshell.home.LibraryService with uri /library
07-21 18:17:50.085  1896  1896 I [OAR] AnytimeUIAndroidPanelApp: updateActiveComponent - systemux://library, returnComponent = 
07-21 18:17:50.086  8414  9697 I UtilPoller: GPU Util 0.702886 / CPU Util 0.415842 (avg 0.359447)
07-21 18:17:50.087  9778  9813 I RCTVR   : [TIMESTAMP] : DeeplinkingReceived : 1563747470.08711982
07-21 18:17:50.088  9778  9840 I RCTVR_HERMES: [info]: 'Deeplinking', [ 'AUI: Deeplinking URL Updated: /deeplinking/library' ]
07-21 18:17:50.091  9778  9840 I RCTVR_HERMES: [info]: 'Deeplinking', [ 'StoreIAP: Deeplinking handled: /deeplinking/library' ]
07-21 18:17:50.092  9778  9840 I RCTVR_HERMES: [info]: 'Routing', [ 'PUSH Navigating to /deeplinking/library' ]
07-21 18:17:50.093  9778  9840 V RCTVR_HERMES: [log]: 'Routing', [ 'REPLACE: /library/INSTALLED', 'PUSH: /deeplinking/library' ]
07-21 18:17:50.093  9778  9840 V RCTVR_HERMES: [log]: 'Routing', 'Referrer', null
07-21 18:17:50.093  9778  9840 I RCTVR_HERMES: [info]: 'Routing', [ 'REPLACE Navigating to /library/INSTALLED' ]
07-21 18:17:50.094  9778  9840 V RCTVR_HERMES: [log]: 'Routing', [ 'REPLACE: /library/INSTALLED', 'REPLACE: /library/INSTALLED' ]
07-21 18:17:50.094  9778  9840 V RCTVR_HERMES: [log]: 'Routing', 'Referrer', null
07-21 18:17:50.097  9778  9840 W RCTVR_HERMES: [warn]: 'Analytics', [ 'startTimer(\'oculus_home_deeplink_latency\') called while timer is still running.' ]
07-21 18:17:50.098  9778  9813 I RCTVR   : RCTEnvironment
07-21 18:17:50.098  9778  9813 I RCTVR   : env default
07-21 18:17:50.099  9778  9813 I RCTVR   : [TIMESTAMP] : RCTMarker_tti_router_app : 1563747470.09947896
07-21 18:17:50.113  9778  9813 I panelapp: LE reactvr_info
07-21 18:17:50.126  1896  1896 I [OAR] AnytimeUIAndroidPanelApp: updateActiveComponent - systemux://library, returnComponent = 
07-21 18:17:50.166  9778  9813 D OculusLogger: reportQuickExperimentExposure(sessionless__oculus_home_saved_universe, saved_enabled2, 105270740415731)
07-21 18:17:50.187  9778  9840 W RCTVR_HERMES: [warn]: QEData empty or corrupt for sessionless__oculus_mobile_home_disco_search_bar_universe
07-21 18:17:50.200  9778  9857 I libjingle: [000:246] [9857] (opensslidentity.cc:82): Returning key pair
07-21 18:17:50.200  9778  9857 I libjingle: [000:246] [9857] (opensslidentity.cc:89): Making certificate for WebRTC
07-21 18:17:50.203  9778  9857 I libjingle: [000:248] [9857] (opensslidentity.cc:137): Returning certificate
07-21 18:17:50.204  9778  9815 I OVRPlatform: [AndroidPlatformIntegration] Cached SystemVoipState wasn't set, explicitly requesting
07-21 18:17:50.204  9778  9818 I OVRPlatform: [RequestStopwatch] GetLoggedInUserRequest took 0.4170 milliseconds
07-21 18:17:50.205  9778  9815 I OVRPlatform: [RequestStopwatch] AndroidFinishInitialization took 468.0180 milliseconds
07-21 18:17:50.205  9778  9815 I OVRPlatform: [RequestStopwatch] AndroidAsyncInitRequest took 468.5240 milliseconds
07-21 18:17:50.212  9778  9813 I AnalyticsLogger: AnalyticsLogger received user 105270740415731 -> flushing 45 pending events
07-21 18:17:50.215  9778  9813 D OculusLogger:  logEvent(oculus_home_init, {{session_id=be97a328-8c25-4095-a42f-19995b369a7d, step=panel_configure, device_region=UNSPECIFIED, device_type=MONTEREY, headset_type=MONTEREY, id=105270740415731, real_timestamp=1563747469737}}, true)
07-21 18:17:50.215  9778  9813 D OculusLogger:  logEvent(reactvr_info, {{device_type=MONTEREY, execute_time=79, headset_type=MONTEREY, engine=hermes, id=105270740415731, session_id=be97a328-8c25-4095-a42f-19995b369a7d, name=assets/reactnative.LIBRARY.bcbundle, device_region=UNSPECIFIED, type=js_engine, real_timestamp=1563747469909}}, false)
07-21 18:17:50.215  9778  9813 D OculusLogger:  logEvent(oculus_config, {{from_pkg=com.oculus.vrshell, device_type=MONTEREY, headset_type=MONTEREY, status=gk_read_started, id=105270740415731, session_id=be97a328-8c25-4095-a42f-19995b369a7d, device_region=UNSPECIFIED, service_type=LIBRARY}}, false)
07-21 18:17:50.215  9778  9813 D OculusLogger:  logEvent(vrshell_info, {{from_pkg=com.oculus.vrshell, device_type=MONTEREY, headset_type=MONTEREY, id=105270740415731, data=["global library update received"], session_id=be97a328-8c25-4095-a42f-19995b369a7d, device_region=UNSPECIFIED, service_type=LIBRARY}}, false)
07-21 18:17:50.215  9778  9813 D OculusLogger:  logEvent(oculus_config, {{from_pkg=com.oculus.vrshell, device_type=MONTEREY, headset_type=MONTEREY, status=qe_read_started, id=105270740415731, session_id=be97a328-8c25-4095-a42f-19995b369a7d, device_region=UNSPECIFIED, service_type=LIBRARY}}, false)
07-21 18:17:50.215  9778  9813 D OculusLogger:  logEvent(vrshell_info, {{from_pkg=com.oculus.vrshell, device_type=MONTEREY, headset_type=MONTEREY, id=105270740415731, data=["Starting up with service type LIBRARY"], session_id=be97a328-8c25-4095-a42f-19995b369a7d, device_region=UNSPECIFIED, service_type=LIBRARY}}, false)
07-21 18:17:50.216  9778  9813 D OculusLogger:  logEvent(oculus_home_init_latency_connected_controller, {{from_pkg=com.oculus.vrshell, device_type=MONTEREY, step=, destination=, headset_type=MONTEREY, source=, timerId=, section_name=null, service_type=LIBRARY, id=105270740415731, session_id=be97a328-8c25-4095-a42f-19995b369a7d, device_region=UNSPECIFIED, first_session_event=true, sub_section_name=null, active_duration_ms=5.889165999367833, real_timestamp=1563747469909}}, false)
