07-21 17:44:33.506   712  7377 W [CT]    : VIPER:DF: Background job still running when calling reset() on the DepthFilterManager.
07-21 17:44:33.506   712  7377 I [CT]    : VIPER: MapperDeleter (0x7f5cbfec40) scheduled for deletion
07-21 17:44:33.506   712  7376 W [CT]    : VIPER: Could not retrieve historic velocity from buffer. [Velocity not available]
07-21 17:44:33.508   712  7394 I [CT]    : VIPER: MapperDeleter (0x7f5cbfec40) thread took 1927.34 us
07-21 17:44:33.528   712  7377 I [CT]    : VIPER:RELOC: Doing relocalization on 5 maps for 149 more frames.
07-21 17:44:33.531   712  7377 I [CT]    : VIPER: Initial map with 280 points.
07-21 17:44:33.532   712  7377 I [CT]    : VIPER: Constructing estimator: MPE
07-21 17:44:33.533   712  7377 I [CT]    : VIPER: Constructing TrackTracker: HEADSET1
07-21 17:44:33.533   712  7377 W [CT]    : VIPER:DF: Background job still running when calling reset() on the DepthFilterManager.
07-21 17:44:33.533   712  7377 I [CT]    : VIPER:MAPPER: == Mapper with map '12059795-4ed0-485b-b881-1ed93db54f60' started ==
07-21 17:44:33.533   712  7377 I [CT]    : VIPER: Entering state: VALIDATE_MAP
07-21 17:44:33.535   712  7648 W [CT]    : VIPER: Can't detect groundplane because map has no gravity direction.
07-21 17:44:33.538   712  7377 E [CT]    : VIPER:SWE: Pose optimization did not converge, losing tracking
07-21 17:44:33.539   712  7377 I [CT]    : VIPER: NO TRACKING: too few inliers. num_inliers = 0 < 10
07-21 17:44:33.539   712  7377 I [CT]    : VIPER:TRACKSTATUS: BAD TRACKING: num_inliers too low (0 < 16)
07-21 17:44:33.539   712  7377 E [CT]    : VIPER: Map Validation: Rejecting map due to bad tracking.
07-21 17:44:33.539   712  7377 I [CT]    : VIPER:MAPPER: == Mapper with map '12059795-4ed0-485b-b881-1ed93db54f60' stopping ==
07-21 17:44:33.539   712  7377 I [CT]    : VIPER: Entering state: TRACK_INITIAL_FEATURES
07-21 17:44:33.539   712  7377 W [CT]    : VIPER:DF: Background job still running when calling reset() on the DepthFilterManager.
07-21 17:44:33.539   712  7377 I [CT]    : VIPER: MapperDeleter (0x7f7720c750) scheduled for deletion
07-21 17:44:33.539   712  7376 W [CT]    : VIPER: Could not retrieve historic velocity from buffer. [Velocity not available]
07-21 17:44:33.543   712  7394 I [CT]    : VIPER: MapperDeleter (0x7f7720c750) thread took 1576.77 us
07-21 17:44:33.561   712  7377 I [CT]    : VIPER:RELOC: Doing relocalization on 5 maps for 149 more frames.
07-21 17:44:33.564   712  7377 I [CT]    : VIPER: Initial map with 222 points.
07-21 17:44:33.565   712  7377 I [CT]    : VIPER: Constructing estimator: MPE
07-21 17:44:33.565   712  7377 I [CT]    : VIPER: Constructing TrackTracker: HEADSET1
07-21 17:44:33.566   712  7377 W [CT]    : VIPER:DF: Background job still running when calling reset() on the DepthFilterManager.
07-21 17:44:33.566   712  7377 I [CT]    : VIPER:MAPPER: == Mapper with map '53935f95-ac68-43a5-a8ce-49a43fabe798' started ==
07-21 17:44:33.566   712  7377 I [CT]    : VIPER: Entering state: VALIDATE_MAP
07-21 17:44:33.568   712  7650 W [CT]    : VIPER: Can't detect groundplane because map has no gravity direction.
07-21 17:44:33.571   712  7377 W [CT]    : VIPER:TRACKER: Big Search recovered tracking successfully.
07-21 17:44:33.572   712  7377 I [CT]    : VIPER:TRACKSTATUS: BAD TRACKING: prediction-to-fusion translation too high (0.0203655 m > 0.012 m)
07-21 17:44:33.572   712  7377 I [CT]    : Viper:Map_Manager: State: LOST_TRACKING, UUID=00000000-0000-0000-0000-000000000000, Num. Persistent maps = 5,  Persistent maps:2aeb8db3-70a9-42f9-8c62-0262073d2436,cb1c403c-024c-4c03-a6a8-0a32ef5ae596,767f5bfb-ef08-4d34-8d03-b01fb143f3ac,8ecd4733-9a52-4612-9892-d700a0f6b5e9,c9887011-ff78-42e0-9d83-b2fd7c581b9c,, Ser. Disabled = 00000000-0000-0000-0000-000000000000
07-21 17:44:33.572   712  7376 W [CT]    : VIPER: Could not retrieve historic velocity from buffer. [Velocity not available]
07-21 17:44:33.595   712  7377 I [CT]    : VIPER:RELOC: Doing relocalization on 5 maps for 148 more frames.
07-21 17:44:33.604   712  7377 I [CT]    : VIPER:TRACKSTATUS: BAD TRACKING: prediction-to-fusion translation too high (0.0162457 m > 0.012 m)
07-21 17:44:33.605   712  7377 W [CT]    : VIPER: Status=3DoF,VALIDATING,KF=4,Inl=23,Pts=222,Jit=2mm,Issues(Cam/min=0.0,IMU/min=0.0),Exp=(14.0ms,g=15,I=42)(14.0ms,g=15,I=30)(14.0ms,g=15,I=9)(14.0ms,g=15,I=33),Feat=nan
07-21 17:44:33.605   712  7377 W [CT]    : Image too dark! 
07-21 17:44:33.606   712  7376 W [CT]    : VIPER: Could not retrieve historic velocity from buffer. [Velocity not available]
07-21 17:44:33.628   712  7377 I [CT]    : VIPER:RELOC: Doing relocalization on 5 maps for 147 more frames.
07-21 17:44:33.638   712  7377 I [CT]    : VIPER:TRACKSTATUS: BAD TRACKING: gravity estimate uncertainty too high (0.00997698 > 0.0005)
07-21 17:44:33.639   712  7376 W [CT]    : VIPER: Could not retrieve historic velocity from buffer. [Velocity not available]
07-21 17:44:33.661   712  7377 I [CT]    : VIPER:RELOC: Doing relocalization on 5 maps for 146 more frames.
07-21 17:44:33.672   712  7377 I [CT]    : VIPER:TRACKSTATUS: BAD TRACKING: prediction-to-fusion translation too high (0.0186937 m > 0.012 m)
07-21 17:44:33.673   712  7376 W [CT]    : VIPER: Could not retrieve historic velocity from buffer. [Velocity not available]
07-21 17:44:33.694   712  7377 I [CT]    : VIPER:RELOC: Doing relocalization on 5 maps for 145 more frames.
07-21 17:44:33.703   712  7377 I [CT]    : VIPER:TRACKER: Tracker Gravity Alignment: 0.785935 deg: [RPY]: -0.513 -0.595 -0.00661 
07-21 17:44:33.703   712  7377 I [CT]    : VIPER: NO TRACKING: too few inliers. num_inliers = 6 < 10
07-21 17:44:33.703   712  7377 I [CT]    : VIPER:TRACKSTATUS: BAD TRACKING: num_inliers too low (6 < 16)
07-21 17:44:33.703   712  7377 E [CT]    : VIPER: Map Validation: Rejecting map due to bad tracking.
07-21 17:44:33.704   712  7377 I [CT]    : VIPER:MAPPER: == Mapper with map '53935f95-ac68-43a5-a8ce-49a43fabe798' stopping ==
07-21 17:44:33.704   712  7377 I [CT]    : VIPER: Entering state: TRACK_INITIAL_FEATURES
07-21 17:44:33.704   712  7377 W [CT]    : VIPER:DF: Background job still running when calling reset() on the DepthFilterManager.
07-21 17:44:33.704   712  7377 I [CT]    : VIPER: MapperDeleter (0x7f5cbfeb50) scheduled for deletion
07-21 17:44:33.706   712  7394 I [CT]    : VIPER: MapperDeleter (0x7f5cbfeb50) thread took 1683.54 us
07-21 17:44:33.706   712  7376 W [CT]    : VIPER: Could not retrieve historic velocity from buffer. [Velocity not available]
07-21 17:44:33.728   712  7377 I [CT]    : VIPER:RELOC: Doing relocalization on 5 maps for 149 more frames.
07-21 17:44:33.730   712  7377 I [CT]    : VIPER: Initial map with 223 points.
07-21 17:44:33.732   712  7377 I [CT]    : VIPER: Constructing estimator: MPE
07-21 17:44:33.732   712  7377 I [CT]    : VIPER: Constructing TrackTracker: HEADSET1
07-21 17:44:33.732   712  7377 W [CT]    : VIPER:DF: Background job still running when calling reset() on the DepthFilterManager.
07-21 17:44:33.732   712  7377 I [CT]    : VIPER:MAPPER: == Mapper with map '3350c569-159b-49db-b21a-a85b3f062f54' started ==
07-21 17:44:33.732   712  7377 I [CT]    : VIPER: Entering state: VALIDATE_MAP
07-21 17:44:33.735   712  7652 W [CT]    : VIPER: Can't detect groundplane because map has no gravity direction.
07-21 17:44:33.736   712  7377 W [CT]    : VIPER:TRACKER: Big Search recovered tracking successfully.
07-21 17:44:33.737   712  7377 I [CT]    : VIPER:TRACKSTATUS: BAD TRACKING: prediction-to-fusion translation too high (0.0367745 m > 0.012 m)
07-21 17:44:33.739   712  7376 W [CT]    : VIPER: Could not retrieve historic velocity from buffer. [Velocity not available]
07-21 17:44:33.761   712  7377 I [CT]    : VIPER:RELOC: Doing relocalization on 5 maps for 148 more frames.
07-21 17:44:33.764   712  7377 I [CT]    : VIPER:RelocalizationManager: Relocalization step failed, trying again.
07-21 17:44:33.770   712  7337 I [CT]    : VIPER:RelocalizationManager: Doing relocalization on 5 maps.
07-21 17:44:33.771   712  7377 I [CT]    : VIPER: NO TRACKING: too few inliers. num_inliers = 4 < 10
07-21 17:44:33.771   712  7377 I [CT]    : VIPER:TRACKSTATUS: BAD TRACKING: num_inliers too low (4 < 16)
07-21 17:44:33.771   712  7377 E [CT]    : VIPER: Map Validation: Rejecting map due to bad tracking.
07-21 17:44:33.771   712  7377 I [CT]    : VIPER:MAPPER: == Mapper with map '3350c569-159b-49db-b21a-a85b3f062f54' stopping ==
07-21 17:44:33.771   712  7377 I [CT]    : VIPER: Entering state: TRACK_INITIAL_FEATURES
07-21 17:44:33.772   712  7377 W [CT]    : VIPER:DF: Background job still running when calling reset() on the DepthFilterManager.
07-21 17:44:33.772   712  7377 I [CT]    : VIPER: MapperDeleter (0x7f7720c138) scheduled for deletion
07-21 17:44:33.773   712  7376 W [CT]    : VIPER: Could not retrieve historic velocity from buffer. [Velocity not available]
07-21 17:44:33.774   712  7394 I [CT]    : VIPER: MapperDeleter (0x7f7720c138) thread took 1545.1 us
07-21 17:44:33.794   712  7377 I [CT]    : VIPER:RELOC: Doing relocalization on 5 maps for 149 more frames.
07-21 17:44:33.797   712  7377 I [CT]    : VIPER: Initial map with 232 points.
07-21 17:44:33.798   712  7377 I [CT]    : VIPER: Constructing estimator: MPE
07-21 17:44:33.799   712  7377 I [CT]    : VIPER: Constructing TrackTracker: HEADSET1
07-21 17:44:33.799   712  7377 W [CT]    : VIPER:DF: Background job still running when calling reset() on the DepthFilterManager.
07-21 17:44:33.799   712  7377 I [CT]    : VIPER:MAPPER: == Mapper with map '95c434cb-288e-4dc1-9165-f8793fba79ca' started ==
07-21 17:44:33.799   712  7377 I [CT]    : VIPER: Entering state: VALIDATE_MAP
07-21 17:44:33.800   712  7654 W [CT]    : VIPER: Can't detect groundplane because map has no gravity direction.
07-21 17:44:33.803   712  7377 W [CT]    : VIPER:TRACKER: Big Search recovered tracking successfully.
07-21 17:44:33.803   712  7377 I [CT]    : VIPER:TRACKSTATUS: BAD TRACKING: prediction-to-fusion translation too high (0.031291 m > 0.012 m)
07-21 17:44:33.806   712  7376 W [CT]    : VIPER: Could not retrieve historic velocity from buffer. [Velocity not available]
07-21 17:44:33.828   712  7377 I [CT]    : VIPER:RELOC: Doing relocalization on 5 maps for 148 more frames.
07-21 17:44:33.836   712  7377 I [CT]    : VIPER: NO TRACKING: too few inliers. num_inliers = 6 < 10
07-21 17:44:33.836   712  7377 I [CT]    : VIPER:TRACKSTATUS: BAD TRACKING: num_inliers too low (6 < 16)
07-21 17:44:33.836   712  7377 E [CT]    : VIPER: Map Validation: Rejecting map due to bad tracking.
07-21 17:44:33.836   712  7377 I [CT]    : VIPER:MAPPER: == Mapper with map '95c434cb-288e-4dc1-9165-f8793fba79ca' stopping ==
07-21 17:44:33.836   712  7377 I [CT]    : VIPER: Entering state: TRACK_INITIAL_FEATURES
07-21 17:44:33.837   712  7377 W [CT]    : VIPER:DF: Background job still running when calling reset() on the DepthFilterManager.
07-21 17:44:33.837   712  7377 I [CT]    : VIPER: MapperDeleter (0x7f5cbfe990) scheduled for deletion
07-21 17:44:33.839   712  7394 I [CT]    : VIPER: MapperDeleter (0x7f5cbfe990) thread took 1751.56 us
07-21 17:44:33.839   712  7376 W [CT]    : VIPER: Could not retrieve historic velocity from buffer. [Velocity not available]
07-21 17:44:33.861   712  7377 I [CT]    : VIPER:RELOC: Doing relocalization on 5 maps for 149 more frames.
07-21 17:44:33.864   712  7377 I [CT]    : VIPER: Initial map with 244 points.
07-21 17:44:33.865   712  7377 I [CT]    : VIPER: Constructing estimator: MPE
07-21 17:44:33.865   712  7377 I [CT]    : VIPER: Constructing TrackTracker: HEADSET1
07-21 17:44:33.866   712  7377 W [CT]    : VIPER:DF: Background job still running when calling reset() on the DepthFilterManager.
07-21 17:44:33.866   712  7377 I [CT]    : VIPER:MAPPER: == Mapper with map '5db689d5-864e-43f7-a896-71b193677522' started ==
07-21 17:44:33.866   712  7377 I [CT]    : VIPER: Entering state: VALIDATE_MAP
07-21 17:44:33.867   712  7656 W [CT]    : VIPER: Can't detect groundplane because map has no gravity direction.
07-21 17:44:33.870   712  7377 W [CT]    : VIPER:TRACKER: Big Search recovered tracking successfully.
07-21 17:44:33.870   712  7377 I [CT]    : VIPER:TRACKSTATUS: BAD TRACKING: prediction-to-fusion translation too high (0.0229667 m > 0.012 m)
07-21 17:44:33.872   712  7376 W [CT]    : VIPER: Could not retrieve historic velocity from buffer. [Velocity not available]
07-21 17:44:33.894   712  7377 I [CT]    : VIPER:RELOC: Doing relocalization on 5 maps for 148 more frames.
07-21 17:44:33.902   712  7377 I [CT]    : VIPER: NO TRACKING: too few inliers. num_inliers = 7 < 10
07-21 17:44:33.902   712  7377 I [CT]    : VIPER:TRACKSTATUS: BAD TRACKING: num_inliers too low (7 < 16)
07-21 17:44:33.903   712  7377 E [CT]    : VIPER: Map Validation: Rejecting map due to bad tracking.
07-21 17:44:33.903   712  7377 I [CT]    : VIPER:MAPPER: == Mapper with map '5db689d5-864e-43f7-a896-71b193677522' stopping ==
07-21 17:44:33.903   712  7377 I [CT]    : VIPER: Entering state: TRACK_INITIAL_FEATURES
07-21 17:44:33.903   712  7377 W [CT]    : VIPER:DF: Background job still running when calling reset() on the DepthFilterManager.
07-21 17:44:33.903   712  7377 I [CT]    : VIPER: MapperDeleter (0x7f7720c1e0) scheduled for deletion
07-21 17:44:33.905   712  7394 I [CT]    : VIPER: MapperDeleter (0x7f7720c1e0) thread took 1760.73 us
07-21 17:44:33.906   712  7376 W [CT]    : VIPER: Could not retrieve historic velocity from buffer. [Velocity not available]
07-21 17:44:33.928   712  7377 I [CT]    : VIPER:RELOC: Doing relocalization on 5 maps for 149 more frames.
07-21 17:44:33.931   712  7377 I [CT]    : VIPER: Initial map with 262 points.
07-21 17:44:33.933   712  7377 I [CT]    : VIPER: Constructing estimator: MPE
07-21 17:44:33.933   712  7377 I [CT]    : VIPER: Constructing TrackTracker: HEADSET1
07-21 17:44:33.933   712  7377 W [CT]    : VIPER:DF: Background job still running when calling reset() on the DepthFilterManager.
07-21 17:44:33.933   712  7377 I [CT]    : VIPER:MAPPER: == Mapper with map '3be03e04-58e6-43e2-8dcb-374f5e8e5aee' started ==
07-21 17:44:33.934   712  7377 I [CT]    : VIPER: Entering state: VALIDATE_MAP
07-21 17:44:33.938   712  7377 E [CT]    : VIPER:SWE: Pose optimization did not converge, losing tracking
07-21 17:44:33.938   712  7377 I [CT]    : VIPER: NO TRACKING: too few inliers. num_inliers = 0 < 10
07-21 17:44:33.939   712  7377 I [CT]    : VIPER:TRACKSTATUS: BAD TRACKING: num_inliers too low (0 < 16)
07-21 17:44:33.939   712  7377 E [CT]    : VIPER: Map Validation: Rejecting map due to bad tracking.
07-21 17:44:33.939   712  7377 I [CT]    : VIPER:MAPPER: == Mapper with map '3be03e04-58e6-43e2-8dcb-374f5e8e5aee' stopping ==
07-21 17:44:33.939   712  7377 I [CT]    : VIPER: Entering state: TRACK_INITIAL_FEATURES
07-21 17:44:33.939   712  7377 W [CT]    : VIPER:DF: Background job still running when calling reset() on the DepthFilterManager.
07-21 17:44:33.939   712  7377 I [CT]    : VIPER: MapperDeleter (0x7f5cbfea38) scheduled for deletion
07-21 17:44:33.939   712  7376 W [CT]    : VIPER: Could not retrieve historic velocity from buffer. [Velocity not available]
07-21 17:44:33.946   718   718 D wifi_sig_helper: Wifi rssi: -52	
07-21 17:44:33.947   712  7394 I [CT]    : VIPER: MapperDeleter (0x7f5cbfea38) thread took 7040.36 us
07-21 17:44:33.961   712  7377 I [CT]    : VIPER:RELOC: Doing relocalization on 5 maps for 149 more frames.
07-21 17:44:33.964   712  7377 I [CT]    : VIPER: Initial map with 285 points.
07-21 17:44:33.966   712  7377 I [CT]    : VIPER: Constructing estimator: MPE
07-21 17:44:33.966   712  7377 I [CT]    : VIPER: Constructing TrackTracker: HEADSET1
07-21 17:44:33.966   712  7377 W [CT]    : VIPER:DF: Background job still running when calling reset() on the DepthFilterManager.
07-21 17:44:33.966   712  7377 I [CT]    : VIPER:MAPPER: == Mapper with map 'c4aaed37-6e1a-46df-b67d-2123b57d7423' started ==
07-21 17:44:33.966   712  7377 I [CT]    : VIPER: Entering state: VALIDATE_MAP
07-21 17:44:33.970   712  7660 W [CT]    : VIPER: Can't detect groundplane because map has no gravity direction.
07-21 17:44:33.971   712  7377 W [CT]    : VIPER:TRACKER: Big Search recovered tracking successfully.
07-21 17:44:33.972   712  7377 I [CT]    : VIPER:TRACKSTATUS: BAD TRACKING: prediction-to-fusion translation too high (0.0321835 m > 0.012 m)
07-21 17:44:33.973   712  7376 W [CT]    : VIPER: Could not retrieve historic velocity from buffer. [Velocity not available]
07-21 17:44:33.994   712  7377 I [CT]    : VIPER:RELOC: Doing relocalization on 5 maps for 148 more frames.
07-21 17:44:34.002   712  7377 I [CT]    : VIPER:TRACKSTATUS: BAD TRACKING: num_inliers too low (14 < 16)
07-21 17:44:34.003  7481  7533 I UtilPoller: GPU Util 0.387375 / CPU Util 0.200000 (avg 0.139176)
07-21 17:44:34.006   712  7376 W [CT]    : VIPER: Could not retrieve historic velocity from buffer. [Velocity not available]
07-21 17:44:34.028   712  7377 I [CT]    : VIPER:RELOC: Doing relocalization on 5 maps for 147 more frames.
07-21 17:44:34.031   712  7377 I [CT]    : VIPER:RelocalizationManager: Relocalization step failed, trying again.
07-21 17:44:34.040   712  7376 W [CT]    : VIPER: Could not retrieve historic velocity from buffer. [Velocity not available]
07-21 17:44:34.040   712  7337 I [CT]    : VIPER:RelocalizationManager: Doing relocalization on 5 maps.
07-21 17:44:34.040   712  7377 I [CT]    : VIPER:TRACKSTATUS: BAD TRACKING: num_inliers too low (10 < 16)
07-21 17:44:34.061   712  7377 I [CT]    : VIPER:RELOC: Doing relocalization on 5 maps for 146 more frames.
07-21 17:44:34.071   712  7377 I [CT]    : VIPER: NO TRACKING: too few inliers. num_inliers = 8 < 10
07-21 17:44:34.071   712  7377 I [CT]    : VIPER:TRACKSTATUS: BAD TRACKING: num_inliers too low (8 < 16)
07-21 17:44:34.071   712  7377 E [CT]    : VIPER: Map Validation: Rejecting map due to bad tracking.
07-21 17:44:34.071   712  7377 I [CT]    : VIPER:MAPPER: == Mapper with map 'c4aaed37-6e1a-46df-b67d-2123b57d7423' stopping ==
07-21 17:44:34.071   712  7377 I [CT]    : VIPER: Entering state: TRACK_INITIAL_FEATURES
07-21 17:44:34.072   712  7377 W [CT]    : VIPER:DF: Background job still running when calling reset() on the DepthFilterManager.
07-21 17:44:34.072   712  7377 I [CT]    : VIPER: MapperDeleter (0x7f7720c2a0) scheduled for deletion
07-21 17:44:34.073   712  7376 W [CT]    : VIPER: Could not retrieve historic velocity from buffer. [Velocity not available]
07-21 17:44:34.074   712  7394 I [CT]    : VIPER: MapperDeleter (0x7f7720c2a0) thread took 1264.69 us
07-21 17:44:34.094   712  7377 I [CT]    : VIPER:RELOC: Doing relocalization on 5 maps for 149 more frames.
07-21 17:44:34.098   712  7377 I [CT]    : VIPER: Initial map with 287 points.
07-21 17:44:34.099   712  7377 I [CT]    : VIPER: Constructing estimator: MPE
07-21 17:44:34.099   712  7377 I [CT]    : VIPER: Constructing TrackTracker: HEADSET1
07-21 17:44:34.100   712  7377 W [CT]    : VIPER:DF: Background job still running when calling reset() on the DepthFilterManager.
07-21 17:44:34.100   712  7377 I [CT]    : VIPER:MAPPER: == Mapper with map '95655b24-dcc3-46b7-a390-70461ae027a3' started ==
07-21 17:44:34.100   712  7377 I [CT]    : VIPER: Entering state: VALIDATE_MAP
07-21 17:44:34.103   712  7662 W [CT]    : VIPER: Can't detect groundplane because map has no gravity direction.
07-21 17:44:34.104   712  7377 I [CT]    : VIPER: NO TRACKING: too few inliers. num_inliers = 8 < 10
07-21 17:44:34.105   712  7377 I [CT]    : VIPER:TRACKSTATUS: BAD TRACKING: num_inliers too low (8 < 16)
07-21 17:44:34.105   712  7377 E [CT]    : VIPER: Map Validation: Rejecting map due to bad tracking.
07-21 17:44:34.105   712  7377 I [CT]    : VIPER:MAPPER: == Mapper with map '95655b24-dcc3-46b7-a390-70461ae027a3' stopping ==
07-21 17:44:34.105   712  7377 I [CT]    : VIPER: Entering state: TRACK_INITIAL_FEATURES
07-21 17:44:34.105   712  7377 W [CT]    : VIPER:DF: Background job still running when calling reset() on the DepthFilterManager.
07-21 17:44:34.105   712  7377 I [CT]    : VIPER: MapperDeleter (0x7f7720c610) scheduled for deletion
07-21 17:44:34.106   712  7376 W [CT]    : VIPER: Could not retrieve historic velocity from buffer. [Velocity not available]
07-21 17:44:34.111   712  7394 I [CT]    : VIPER: MapperDeleter (0x7f7720c610) thread took 4864.48 us
07-21 17:44:34.128   712  7377 I [CT]    : VIPER:RELOC: Doing relocalization on 5 maps for 149 more frames.
07-21 17:44:34.131   712  7377 I [CT]    : VIPER: Initial map with 320 points.
07-21 17:44:34.132   712  7377 I [CT]    : VIPER: Constructing estimator: MPE
07-21 17:44:34.132   712  7377 I [CT]    : VIPER: Constructing TrackTracker: HEADSET1
07-21 17:44:34.132   712  7377 W [CT]    : VIPER:DF: Background job still running when calling reset() on the DepthFilterManager.
07-21 17:44:34.132   712  7377 I [CT]    : VIPER:MAPPER: == Mapper with map 'ca48e919-2693-4d27-93a9-efc38e55ffbd' started ==
07-21 17:44:34.132   712  7377 I [CT]    : VIPER: Entering state: VALIDATE_MAP
07-21 17:44:34.133   712  7664 W [CT]    : VIPER: Can't detect groundplane because map has no gravity direction.
07-21 17:44:34.139   712  7376 W [CT]    : VIPER: Could not retrieve historic velocity from buffer. [Velocity not available]
07-21 17:44:34.140   712  7377 E [CT]    : VIPER:SWE: Pose optimization did not converge, losing tracking
07-21 17:44:34.140   712  7377 I [CT]    : VIPER: NO TRACKING: too few inliers. num_inliers = 0 < 10
07-21 17:44:34.140   712  7377 I [CT]    : VIPER:TRACKSTATUS: BAD TRACKING: num_inliers too low (0 < 16)
07-21 17:44:34.140   712  7377 E [CT]    : VIPER: Map Validation: Rejecting map due to bad tracking.
07-21 17:44:34.140   712  7377 I [CT]    : VIPER:MAPPER: == Mapper with map 'ca48e919-2693-4d27-93a9-efc38e55ffbd' stopping ==
07-21 17:44:34.140   712  7377 I [CT]    : VIPER: Entering state: TRACK_INITIAL_FEATURES
07-21 17:44:34.140   712  7377 W [CT]    : VIPER:DF: Background job still running when calling reset() on the DepthFilterManager.
07-21 17:44:34.140   712  7377 I [CT]    : VIPER: MapperDeleter (0x7f5cbfeb80) scheduled for deletion
07-21 17:44:34.145   712  7394 I [CT]    : VIPER: MapperDeleter (0x7f5cbfeb80) thread took 3971.04 us
07-21 17:44:34.161   712  7377 I [CT]    : VIPER:RELOC: Doing relocalization on 5 maps for 149 more frames.
07-21 17:44:34.164   712  7377 I [CT]    : VIPER: Initial map with 332 points.
07-21 17:44:34.166   712  7377 I [CT]    : VIPER: Constructing estimator: MPE
07-21 17:44:34.166   712  7377 I [CT]    : VIPER: Constructing TrackTracker: HEADSET1
07-21 17:44:34.166   712  7377 W [CT]    : VIPER:DF: Background job still running when calling reset() on the DepthFilterManager.
07-21 17:44:34.166   712  7377 I [CT]    : VIPER:MAPPER: == Mapper with map '235b5c32-73d7-481e-ab98-d07b3cb82cb1' started ==
07-21 17:44:34.166   712  7377 I [CT]    : VIPER: Entering state: VALIDATE_MAP
07-21 17:44:34.171   712  7666 W [CT]    : VIPER: Can't detect groundplane because map has no gravity direction.
07-21 17:44:34.172   712  7376 W [CT]    : VIPER: Could not retrieve historic velocity from buffer. [Velocity not available]
07-21 17:44:34.173   712  7377 W [CT]    : VIPER:TRACKER: Big Search recovered tracking successfully.
07-21 17:44:34.173   712  7377 I [CT]    : VIPER:TRACKSTATUS: BAD TRACKING: prediction-to-fusion translation too high (0.0128331 m > 0.012 m)
07-21 17:44:34.194   712  7377 I [CT]    : VIPER:RELOC: Doing relocalization on 5 maps for 148 more frames.
07-21 17:44:34.203   712  7377 I [CT]    : VIPER:TRACKSTATUS: BAD TRACKING: gravity estimate uncertainty too high (0.01 > 0.0005)
07-21 17:44:34.206   712  7376 W [CT]    : VIPER: Could not retrieve historic velocity from buffer. [Velocity not available]
07-21 17:44:34.228   712  7377 I [CT]    : VIPER:RELOC: Doing relocalization on 5 maps for 147 more frames.
07-21 17:44:34.239   712  7377 I [CT]    : VIPER:TRACKSTATUS: BAD TRACKING: gravity estimate uncertainty too high (0.00996856 > 0.0005)
07-21 17:44:34.239   712  7376 W [CT]    : VIPER: Could not retrieve historic velocity from buffer. [Velocity not available]
07-21 17:44:34.261   712  7377 I [CT]    : VIPER:RELOC: Doing relocalization on 5 maps for 146 more frames.
07-21 17:44:34.272   712  7377 I [CT]    : VIPER:TRACKSTATUS: BAD TRACKING: gravity estimate uncertainty too high (0.00983117 > 0.0005)
07-21 17:44:34.272   712  7376 W [CT]    : VIPER: Could not retrieve historic velocity from buffer. [Velocity not available]
07-21 17:44:34.294   712  7377 I [CT]    : VIPER:RELOC: Doing relocalization on 5 maps for 145 more frames.
07-21 17:44:34.305   712  7377 I [CT]    : VIPER:TRACKSTATUS: BAD TRACKING: gravity estimate uncertainty too high (0.00949436 > 0.0005)
07-21 17:44:34.306   712  7376 W [CT]    : VIPER: Could not retrieve historic velocity from buffer. [Velocity not available]
07-21 17:44:34.308   712  7666 W [CT]    : VIPER: Skip local bundle adjustment with less than 2 master keyframes.
07-21 17:44:34.324  7481  7532 I Telemetry: App memory usage: PSS=402MB
07-21 17:44:34.325  7481  7532 I VrApi   : FPS=72,Prd=44ms,Tear=0,Early=6,Stale=0,VSnc=1,Lat=1,Fov=0,CPU4/GPU=4/4,2304/670MHz,OC=FF,TA=0/0/0,SP=N/N/N,Mem=1804MHz,Free=1781MB,PSM=0,PLS=0,Temp=36.0C/0.0C,TW=2.56ms,App=5.23ms,GD=1.77ms
07-21 17:44:34.328   712  7377 I [CT]    : VIPER:RELOC: Doing relocalization on 5 maps for 144 more frames.
07-21 17:44:34.337   712  7377 I [CT]    : VIPER:TRACKER: Tracker Gravity Alignment: 1.12459 deg: [RPY]: 0.381 1.06 -0.0145 
07-21 17:44:34.337   712  7377 I [CT]    : VIPER: NO TRACKING: too few inliers. num_inliers = 4 < 10
07-21 17:44:34.337   712  7377 I [CT]    : VIPER:TRACKSTATUS: BAD TRACKING: num_inliers too low (4 < 16)
07-21 17:44:34.337   712  7377 E [CT]    : VIPER: Map Validation: Rejecting map due to bad tracking.
07-21 17:44:34.338   712  7377 I [CT]    : VIPER:MAPPER: == Mapper with map '235b5c32-73d7-481e-ab98-d07b3cb82cb1' stopping ==
07-21 17:44:34.338   712  7377 I [CT]    : VIPER: Entering state: TRACK_INITIAL_FEATURES
07-21 17:44:34.338   712  7377 W [CT]    : VIPER:DF: Background job still running when calling reset() on the DepthFilterManager.
07-21 17:44:34.338   712  7377 W [CT]    : VIPER:DF: Finish seed initialization job before resetting the DepthFilterManager
07-21 17:44:34.338   712  7377 I [CT]    : VIPER: MapperDeleter (0x7f7720c7f0) scheduled for deletion
07-21 17:44:34.339   712  7376 W [CT]    : VIPER: Could not retrieve historic velocity from buffer. [Velocity not available]
07-21 17:44:34.340   712  7394 I [CT]    : VIPER: MapperDeleter (0x7f7720c7f0) thread took 1902.19 us
07-21 17:44:34.361   712  7377 I [CT]    : VIPER:RELOC: Doing relocalization on 5 maps for 149 more frames.
07-21 17:44:34.364   712  7377 I [CT]    : VIPER:RelocalizationManager: Relocalization step failed, trying again.
07-21 17:44:34.364   712  7377 I [CT]    : VIPER: Initial map with 322 points.
07-21 17:44:34.365   712  7377 I [CT]    : VIPER: Constructing estimator: MPE
07-21 17:44:34.366   712  7377 I [CT]    : VIPER: Constructing TrackTracker: HEADSET1
07-21 17:44:34.366   712  7377 W [CT]    : VIPER:DF: Background job still running when calling reset() on the DepthFilterManager.
07-21 17:44:34.366   712  7377 I [CT]    : VIPER:MAPPER: == Mapper with map 'f6ee8b0a-cb14-45c4-bc81-c6411b7b6b3d' started ==
07-21 17:44:34.366   712  7377 I [CT]    : VIPER: Entering state: VALIDATE_MAP
07-21 17:44:34.367   712  7668 W [CT]    : VIPER: Can't detect groundplane because map has no gravity direction.
07-21 17:44:34.371   712  7377 E [CT]    : VIPER:SWE: Pose optimization did not converge, losing tracking
07-21 17:44:34.371   712  7377 I [CT]    : VIPER: NO TRACKING: too few inliers. num_inliers = 0 < 10
07-21 17:44:34.371   712  7377 I [CT]    : VIPER:TRACKSTATUS: BAD TRACKING: num_inliers too low (0 < 16)
07-21 17:44:34.371   712  7377 E [CT]    : VIPER: Map Validation: Rejecting map due to bad tracking.
07-21 17:44:34.371   712  7377 I [CT]    : VIPER:MAPPER: == Mapper with map 'f6ee8b0a-cb14-45c4-bc81-c6411b7b6b3d' stopping ==
07-21 17:44:34.371   712  7377 I [CT]    : VIPER: Entering state: TRACK_INITIAL_FEATURES
07-21 17:44:34.371   712  7377 W [CT]    : VIPER:DF: Background job still running when calling reset() on the DepthFilterManager.
07-21 17:44:34.371   712  7377 I [CT]    : VIPER: MapperDeleter (0x7f5cbfeb80) scheduled for deletion
07-21 17:44:34.373   712  7376 W [CT]    : VIPER: Could not retrieve historic velocity from buffer. [Velocity not available]
07-21 17:44:34.375   712  7337 I [CT]    : VIPER:RelocalizationManager: Doing relocalization on 5 maps.
07-21 17:44:34.386   712  7394 I [CT]    : VIPER: MapperDeleter (0x7f5cbfeb80) thread took 13122.4 us
07-21 17:44:34.394   712  7377 I [CT]    : VIPER:RELOC: Doing relocalization on 5 maps for 149 more frames.
07-21 17:44:34.397   712  7377 I [CT]    : VIPER: Initial map with 336 points.
07-21 17:44:34.399   712  7377 I [CT]    : VIPER: Constructing estimator: MPE
07-21 17:44:34.399   712  7377 I [CT]    : VIPER: Constructing TrackTracker: HEADSET1
07-21 17:44:34.399   712  7377 W [CT]    : VIPER:DF: Background job still running when calling reset() on the DepthFilterManager.
07-21 17:44:34.399   712  7377 I [CT]    : VIPER:MAPPER: == Mapper with map 'd803d75d-b746-4734-be0e-db3c1d26e331' started ==
07-21 17:44:34.400   712  7377 I [CT]    : VIPER: Entering state: VALIDATE_MAP
07-21 17:44:34.401   712  7670 W [CT]    : VIPER: Can't detect groundplane because map has no gravity direction.
07-21 17:44:34.406   712  7376 W [CT]    : VIPER: Could not retrieve historic velocity from buffer. [Velocity not available]
07-21 17:44:34.407   712  7377 W [CT]    : VIPER:TRACKER: Big Search recovered tracking successfully.
07-21 17:44:34.408   712  7377 I [CT]    : VIPER:TRACKSTATUS: BAD TRACKING: Covariance of the gravity estimate not initialized yet
07-21 17:44:34.428   712  7377 I [CT]    : VIPER:RELOC: Doing relocalization on 5 maps for 148 more frames.
07-21 17:44:34.438   712  7377 I [CT]    : VIPER:TRACKSTATUS: BAD TRACKING: gravity estimate uncertainty too high (0.01 > 0.0005)
07-21 17:44:34.439   712  7376 W [CT]    : VIPER: Could not retrieve historic velocity from buffer. [Velocity not available]
07-21 17:44:34.461   712  7377 I [CT]    : VIPER:RELOC: Doing relocalization on 5 maps for 147 more frames.
07-21 17:44:34.472   712  7377 I [CT]    : VIPER:TRACKSTATUS: BAD TRACKING: gravity estimate uncertainty too high (0.00992073 > 0.0005)
07-21 17:44:34.473   712  7376 W [CT]    : VIPER: Could not retrieve historic velocity from buffer. [Velocity not available]
07-21 17:44:34.494   712  7377 I [CT]    : VIPER:RELOC: Doing relocalization on 5 maps for 146 more frames.
07-21 17:44:34.505   712  7377 I [CT]    : VIPER:TRACKSTATUS: BAD TRACKING: gravity estimate uncertainty too high (0.00962539 > 0.0005)
07-21 17:44:34.506   712  7376 W [CT]    : VIPER: Could not retrieve historic velocity from buffer. [Velocity not available]
07-21 17:44:34.528   712  7377 I [CT]    : VIPER:RELOC: Doing relocalization on 5 maps for 145 more frames.
07-21 17:44:34.539   712  7377 I [CT]    : VIPER:TRACKSTATUS: BAD TRACKING: gravity estimate uncertainty too high (0.00889393 > 0.0005)
07-21 17:44:34.539   712  7376 W [CT]    : VIPER: Could not retrieve historic velocity from buffer. [Velocity not available]
07-21 17:44:34.561   712  7377 I [CT]    : VIPER:RELOC: Doing relocalization on 5 maps for 144 more frames.
07-21 17:44:34.572   712  7377 I [CT]    : VIPER:TRACKER: Tracker Gravity Alignment: 0.621277 deg: [RPY]: -0.564 0.261 -9.08e-05 
07-21 17:44:34.573   712  7377 I [CT]    : VIPER:TRACKSTATUS: BAD TRACKING: gravity estimate uncertainty too high (0.00798841 > 0.0005)
07-21 17:44:34.573   712  7376 W [CT]    : VIPER: Could not retrieve historic velocity from buffer. [Velocity not available]
07-21 17:44:34.594   712  7377 I [CT]    : VIPER:RELOC: Doing relocalization on 5 maps for 143 more frames.
07-21 17:44:34.602   712  7377 I [CT]    : VIPER:TRACKER: Tracker Gravity Alignment: 0.837304 deg: [RPY]: -0.732 -0.407 -0.00775 
07-21 17:44:34.602   712  7377 I [CT]    : VIPER: NO TRACKING: pose_estimator_pixel_error (3.49155) >= max_pose_error (3)
07-21 17:44:34.603   712  7377 I [CT]    : VIPER:TRACKSTATUS: BAD TRACKING: gravity estimate uncertainty too high (0.00798841 > 0.0005)
07-21 17:44:34.603   712  7377 E [CT]    : VIPER: Map Validation: Rejecting map due to bad tracking.
07-21 17:44:34.603   712  7377 I [CT]    : VIPER:MAPPER: == Mapper with map 'd803d75d-b746-4734-be0e-db3c1d26e331' stopping ==
07-21 17:44:34.603   712  7377 I [CT]    : VIPER: Entering state: TRACK_INITIAL_FEATURES
07-21 17:44:34.603   712  7377 W [CT]    : VIPER:DF: Background job still running when calling reset() on the DepthFilterManager.
07-21 17:44:34.603   712  7377 W [CT]    : VIPER:DF: Finish seed initialization job before resetting the DepthFilterManager
07-21 17:44:34.603   712  7377 I [CT]    : VIPER: MapperDeleter (0x7f5cbfecb0) scheduled for deletion
07-21 17:44:34.606   712  7376 W [CT]    : VIPER: Could not retrieve historic velocity from buffer. [Velocity not available]
07-21 17:44:34.607   712  7394 I [CT]    : VIPER: MapperDeleter (0x7f5cbfecb0) thread took 3246.09 us
07-21 17:44:34.628   712  7377 I [CT]    : VIPER:RELOC: Doing relocalization on 5 maps for 149 more frames.
07-21 17:44:34.630   712  7377 I [CT]    : VIPER: Initial map with 344 points.
07-21 17:44:34.632   712  7377 I [CT]    : VIPER: Constructing estimator: MPE
07-21 17:44:34.632   712  7377 I [CT]    : VIPER: Constructing TrackTracker: HEADSET1
07-21 17:44:34.633   712  7377 W [CT]    : VIPER:DF: Background job still running when calling reset() on the DepthFilterManager.
07-21 17:44:34.633   712  7377 I [CT]    : VIPER:MAPPER: == Mapper with map '87bbf31c-42dc-4a92-9973-2b9d7f8f0d68' started ==
07-21 17:44:34.633   712  7377 I [CT]    : VIPER: Entering state: VALIDATE_MAP
07-21 17:44:34.634   712  7672 W [CT]    : VIPER: Can't detect groundplane because map has no gravity direction.
07-21 17:44:34.639   712  7377 I [CT]    : VIPER: NO TRACKING: pose_estimator_pixel_error (3.70156) >= max_pose_error (3)
07-21 17:44:34.639   712  7376 W [CT]    : VIPER: Could not retrieve historic velocity from buffer. [Velocity not available]
07-21 17:44:34.639   712  7377 E [CT]    : VIPER: Map Validation: Rejecting map due to bad tracking.
07-21 17:44:34.640   712  7377 I [CT]    : VIPER:MAPPER: == Mapper with map '87bbf31c-42dc-4a92-9973-2b9d7f8f0d68' stopping ==
07-21 17:44:34.640   712  7377 I [CT]    : VIPER: Entering state: TRACK_INITIAL_FEATURES
07-21 17:44:34.640   712  7377 W [CT]    : VIPER:DF: Background job still running when calling reset() on the DepthFilterManager.
07-21 17:44:34.640   712  7377 I [CT]    : VIPER: MapperDeleter (0x7f5cbfeb80) scheduled for deletion
07-21 17:44:34.650   712  7394 I [CT]    : VIPER: MapperDeleter (0x7f5cbfeb80) thread took 10075.1 us
07-21 17:44:34.661   712  7377 I [CT]    : VIPER:RELOC: Doing relocalization on 5 maps for 149 more frames.
07-21 17:44:34.664   712  7377 I [CT]    : VIPER: Initial map with 342 points.
07-21 17:44:34.666   712  7377 I [CT]    : VIPER: Constructing estimator: MPE
07-21 17:44:34.666   712  7377 I [CT]    : VIPER: Constructing TrackTracker: HEADSET1
07-21 17:44:34.666   712  7377 W [CT]    : VIPER:DF: Background job still running when calling reset() on the DepthFilterManager.
07-21 17:44:34.667   712  7377 I [CT]    : VIPER:MAPPER: == Mapper with map '3b0b4aa3-b534-46f2-897a-1b92b24cc1fe' started ==
07-21 17:44:34.667   712  7377 I [CT]    : VIPER: Entering state: VALIDATE_MAP
07-21 17:44:34.671   712  7674 W [CT]    : VIPER: Can't detect groundplane because map has no gravity direction.
07-21 17:44:34.673   712  7376 W [CT]    : VIPER: Could not retrieve historic velocity from buffer. [Velocity not available]
07-21 17:44:34.674   712  7377 W [CT]    : VIPER:TRACKER: Big Search recovered tracking successfully.
07-21 17:44:34.674   712  7377 I [CT]    : VIPER:TRACKSTATUS: BAD TRACKING: Covariance of the gravity estimate not initialized yet
07-21 17:44:34.694   712  7377 I [CT]    : VIPER:RELOC: Doing relocalization on 5 maps for 148 more frames.
07-21 17:44:34.705   712  7377 I [CT]    : VIPER:TRACKSTATUS: BAD TRACKING: gravity estimate uncertainty too high (0.01 > 0.0005)
07-21 17:44:34.706   712  7376 W [CT]    : VIPER: Could not retrieve historic velocity from buffer. [Velocity not available]
07-21 17:44:34.728   712  7377 I [CT]    : VIPER:RELOC: Doing relocalization on 5 maps for 147 more frames.
07-21 17:44:34.730   712  7377 I [CT]    : VIPER:RelocalizationManager: Relocalization step failed, trying again.
07-21 17:44:34.737   712  7337 I [CT]    : VIPER:RelocalizationManager: Doing relocalization on 5 maps.
07-21 17:44:34.739   712  7376 W [CT]    : VIPER: Could not retrieve historic velocity from buffer. [Velocity not available]
07-21 17:44:34.741   712  7377 I [CT]    : VIPER:TRACKSTATUS: BAD TRACKING: gravity estimate uncertainty too high (0.00983665 > 0.0005)
07-21 17:44:34.761   712  7377 I [CT]    : VIPER:RELOC: Doing relocalization on 5 maps for 146 more frames.
07-21 17:44:34.773   712  7376 W [CT]    : VIPER: Could not retrieve historic velocity from buffer. [Velocity not available]
07-21 17:44:34.773   712  7377 I [CT]    : VIPER:TRACKSTATUS: BAD TRACKING: gravity estimate uncertainty too high (0.00920174 > 0.0005)
07-21 17:44:34.794   712  7377 I [CT]    : VIPER:RELOC: Doing relocalization on 5 maps for 145 more frames.
07-21 17:44:34.806   712  7377 I [CT]    : VIPER:TRACKSTATUS: BAD TRACKING: gravity estimate uncertainty too high (0.00774818 > 0.0005)
07-21 17:44:34.806   712  7376 W [CT]    : VIPER: Could not retrieve historic velocity from buffer. [Velocity not available]
07-21 17:44:34.828   712  7377 I [CT]    : VIPER:RELOC: Doing relocalization on 5 maps for 144 more frames.
07-21 17:44:34.839   712  7377 I [CT]    : VIPER:TRACKSTATUS: BAD TRACKING: gravity estimate uncertainty too high (0.00577237 > 0.0005)
07-21 17:44:34.839   712  7376 W [CT]    : VIPER: Could not retrieve historic velocity from buffer. [Velocity not available]
07-21 17:44:34.861   712  7377 I [CT]    : VIPER:RELOC: Doing relocalization on 5 maps for 143 more frames.
07-21 17:44:34.872   712  7377 I [CT]    : VIPER:TRACKER: Tracker Gravity Alignment: 0.939067 deg: [RPY]: 0.59 -0.73 -0.00348 
07-21 17:44:34.872   712  7377 I [CT]    : VIPER:TRACKSTATUS: BAD TRACKING: gravity estimate uncertainty too high (0.00396495 > 0.0005)
07-21 17:44:34.873   712  7376 W [CT]    : VIPER: Could not retrieve historic velocity from buffer. [Velocity not available]
07-21 17:44:34.894   712  7377 I [CT]    : VIPER:RELOC: Doing relocalization on 5 maps for 142 more frames.
07-21 17:44:34.905   712  7377 I [CT]    : VIPER:TRACKER: Tracker Gravity Alignment: 0.647904 deg: [RPY]: 0.29 -0.579 -4.72e-05 
07-21 17:44:34.905   712  7377 I [CT]    : VIPER:TRACKSTATUS: BAD TRACKING: gravity estimate uncertainty too high (0.00260238 > 0.0005)
07-21 17:44:34.906   712  7376 W [CT]    : VIPER: Could not retrieve historic velocity from buffer. [Velocity not available]
07-21 17:44:34.928   712  7377 I [CT]    : VIPER:RELOC: Doing relocalization on 5 maps for 141 more frames.
07-21 17:44:34.938   712  7377 I [CT]    : VIPER:TRACKER: Tracker Gravity Alignment: 0.648483 deg: [RPY]: 0.0874 -0.643 0.00674 
07-21 17:44:34.939   712  7377 I [CT]    : VIPER:TRACKSTATUS: BAD TRACKING: gravity estimate uncertainty too high (0.00181618 > 0.0005)
07-21 17:44:34.939   712  7376 W [CT]    : VIPER: Could not retrieve historic velocity from buffer. [Velocity not available]
07-21 17:44:34.958   718   718 D wifi_sig_helper: Wifi rssi: -50	
07-21 17:44:34.961   712  7377 I [CT]    : VIPER:RELOC: Doing relocalization on 5 maps for 140 more frames.
07-21 17:44:34.972   712  7377 I [CT]    : VIPER:TRACKER: Tracker Gravity Alignment: 0.624452 deg: [RPY]: 0.0465 -0.623 0.00804 
07-21 17:44:34.972   712  7377 I [CT]    : VIPER:TRACKSTATUS: BAD TRACKING: gravity estimate uncertainty too high (0.00127889 > 0.0005)
07-21 17:44:34.973   712  7376 W [CT]    : VIPER: Could not retrieve historic velocity from buffer. [Velocity not available]
07-21 17:44:34.973   712  7376 I [CT]    : TRACKER:CONSTELLATION: No HMD tracking for Constellation
07-21 17:44:34.994   712  7377 I [CT]    : VIPER:RELOC: Doing relocalization on 5 maps for 139 more frames.
07-21 17:44:35.006   712  7377 I [CT]    : VIPER:TRACKSTATUS: BAD TRACKING: gravity estimate uncertainty too high (0.000917075 > 0.0005)
07-21 17:44:35.006   712  7376 W [CT]    : VIPER: Could not retrieve historic velocity from buffer. [Velocity not available]
07-21 17:44:35.006  7481  7533 I UtilPoller: GPU Util 0.427878 / CPU Util 0.158416 (avg 0.134754)
07-21 17:44:35.010   712  7674 W [CT]    : VIPER: Skip local bundle adjustment with less than 2 master keyframes.
07-21 17:44:35.028   712  7377 I [CT]    : VIPER:RELOC: Doing relocalization on 5 maps for 138 more frames.
07-21 17:44:35.031   712  7377 I [CT]    : VIPER:RelocalizationManager: Relocalization step failed, trying again.
07-21 17:44:35.039   712  7376 W [CT]    : VIPER: Could not retrieve historic velocity from buffer. [Velocity not available]
07-21 17:44:35.039   712  7337 I [CT]    : VIPER:RelocalizationManager: Doing relocalization on 5 maps.
07-21 17:44:35.040   712  7377 I [CT]    : VIPER:TRACKER: Tracker Gravity Alignment: 0.867496 deg: [RPY]: 0.316 0.807 -0.0395 
07-21 17:44:35.040   712  7377 I [CT]    : VIPER:TRACKSTATUS: BAD TRACKING: gravity estimate uncertainty too high (0.000704154 > 0.0005)
07-21 17:44:35.061   712  7377 I [CT]    : VIPER:RELOC: Doing relocalization on 5 maps for 137 more frames.
07-21 17:44:35.073   712  7376 W [CT]    : VIPER: Could not retrieve historic velocity from buffer. [Velocity not available]
07-21 17:44:35.094   712  7377 I [CT]    : VIPER:RELOC: Doing relocalization on 5 maps for 136 more frames.
07-21 17:44:35.106   712  7376 W [CT]    : VIPER: Could not retrieve historic velocity from buffer. [Velocity not available]
07-21 17:44:35.128   712  7377 I [CT]    : VIPER:RELOC: Doing relocalization on 5 maps for 135 more frames.
07-21 17:44:35.139   712  7376 W [CT]    : VIPER: Could not retrieve historic velocity from buffer. [Velocity not available]
07-21 17:44:35.161   712  7377 I [CT]    : VIPER:RELOC: Doing relocalization on 5 maps for 134 more frames.
07-21 17:44:35.165  7481  7532 I VrApi   : FPS=72,Prd=44ms,Tear=0,Early=6,Stale=0,VSnc=1,Lat=1,Fov=0,CPU4/GPU=4/4,2304/670MHz,OC=FF,TA=0/0/0,SP=N/N/N,Mem=1804MHz,Free=1779MB,PSM=0,PLS=0,Temp=36.0C/0.0C,TW=2.56ms,App=5.95ms,GD=1.77ms
07-21 17:44:35.172   712  7376 W [CT]    : VIPER: Could not retrieve historic velocity from buffer. [Velocity not available]
07-21 17:44:35.194   712  7377 I [CT]    : VIPER:RELOC: Doing relocalization on 5 maps for 133 more frames.
07-21 17:44:35.206   712  7376 W [CT]    : VIPER: Could not retrieve historic velocity from buffer. [Velocity not available]
07-21 17:44:35.228   712  7377 I [CT]    : VIPER:RELOC: Doing relocalization on 5 maps for 132 more frames.
07-21 17:44:35.236   712  7674 W [CT]    : VIPER: Skip local bundle adjustment with less than 2 master keyframes.
07-21 17:44:35.239   712  7376 W [CT]    : VIPER: Could not retrieve historic velocity from buffer. [Velocity not available]
07-21 17:44:35.261   712  7377 I [CT]    : VIPER:RELOC: Doing relocalization on 5 maps for 131 more frames.
07-21 17:44:35.272   712  7376 W [CT]    : VIPER: Could not retrieve historic velocity from buffer. [Velocity not available]
07-21 17:44:35.295   712  7377 I [CT]    : VIPER:RELOC: Doing relocalization on 5 maps for 130 more frames.
07-21 17:44:35.306   712  7376 W [CT]    : VIPER: Could not retrieve historic velocity from buffer. [Velocity not available]
07-21 17:44:35.328   712  7377 I [CT]    : VIPER:RELOC: Doing relocalization on 5 maps for 129 more frames.
07-21 17:44:35.330   712  7377 I [CT]    : VIPER:RelocalizationManager: Relocalization step failed, trying again.
07-21 17:44:35.338   712  7337 I [CT]    : VIPER:RelocalizationManager: Doing relocalization on 5 maps.
07-21 17:44:35.339   712  7376 W [CT]    : VIPER: Could not retrieve historic velocity from buffer. [Velocity not available]
07-21 17:44:35.361   712  7377 I [CT]    : VIPER:RELOC: Doing relocalization on 5 maps for 128 more frames.
07-21 17:44:35.372   712  7376 W [CT]    : VIPER: Could not retrieve historic velocity from buffer. [Velocity not available]
07-21 17:44:35.394   712  7377 I [CT]    : VIPER:RELOC: Doing relocalization on 5 maps for 127 more frames.
07-21 17:44:35.403   712  7377 I [CT]    : VIPER:TRACKSTATUS: TrackingStatusManager: Transition from 3DoF to 6DoF.
07-21 17:44:35.404   712  7340 I [CT]    : VisionInterface: HMD Tracking switching to 6dof
07-21 17:44:35.428   712  7377 I [CT]    : VIPER:RELOC: Doing relocalization on 5 maps for 126 more frames.
07-21 17:44:35.461   712  7377 I [CT]    : VIPER:RELOC: Doing relocalization on 5 maps for 125 more frames.
07-21 17:44:35.476   712  7376 I [CT]    : CONSTELLATION: L: RESET. Keep Cov and Calib States = 1
07-21 17:44:35.495   712  7377 I [CT]    : VIPER:RELOC: Doing relocalization on 5 maps for 124 more frames.
07-21 17:44:35.509   712  7376 I [CT]    : CONSTELLATION: L: Detected static motion, applying constant pose priors.
07-21 17:44:35.512   712  7341 I [CT]    : L:Behavior:HandOverHand: deactivated
07-21 17:44:35.528   712  7377 I [CT]    : VIPER:RELOC: Doing relocalization on 5 maps for 123 more frames.
07-21 17:44:35.562   712  7377 I [CT]    : VIPER:RELOC: Doing relocalization on 5 maps for 122 more frames.
07-21 17:44:35.570   712  7377 I [CT]    : VIPER:TRACKER: Tracker Gravity Alignment: 0.547933 deg: [RPY]: 0.548 0.00507 -0.000112 
07-21 17:44:35.570   712  7377 I [CT]    : VIPER: NO TRACKING: pose_estimator_pixel_error (4.18525) >= max_pose_error (3)
07-21 17:44:35.571   712  7377 E [CT]    : VIPER: Map Validation: Rejecting map due to bad tracking.
07-21 17:44:35.571   712  7377 I [CT]    : VIPER:MAPPER: == Mapper with map '3b0b4aa3-b534-46f2-897a-1b92b24cc1fe' stopping ==
07-21 17:44:35.571   712  7377 I [CT]    : VIPER:TRACKSTATUS: TrackingStatusManager: Setting 3DoF.
07-21 17:44:35.571   712  7377 I [CT]    : VIPER: Entering state: TRACK_INITIAL_FEATURES
07-21 17:44:35.571   712  7340 I [CT]    : VisionInterface: HMD Tracking switching to 3dof
07-21 17:44:35.571   712  7377 W [CT]    : VIPER:DF: Background job still running when calling reset() on the DepthFilterManager.
07-21 17:44:35.571   712  7377 W [CT]    : VIPER:DF: Finish seed initialization job before resetting the DepthFilterManager
07-21 17:44:35.571   712  7377 I [CT]    : VIPER: MapperDeleter (0x7f5cbfedb8) scheduled for deletion
07-21 17:44:35.573   712  7376 W [CT]    : VIPER: Could not retrieve historic velocity from buffer. [Velocity not available]
07-21 17:44:35.573   712  7394 I [CT]    : VIPER: MapperDeleter (0x7f5cbfedb8) thread took 1583.75 us
07-21 17:44:35.594   712  7377 I [CT]    : VIPER:RELOC: Doing relocalization on 5 maps for 149 more frames.
07-21 17:44:35.597   712  7377 I [CT]    : VIPER: Initial map with 344 points.
07-21 17:44:35.600   712  7377 I [CT]    : VIPER: Constructing estimator: MPE
07-21 17:44:35.600   712  7377 I [CT]    : VIPER: Constructing TrackTracker: HEADSET1
07-21 17:44:35.600   712  7377 W [CT]    : VIPER:DF: Background job still running when calling reset() on the DepthFilterManager.
07-21 17:44:35.600   712  7377 I [CT]    : VIPER:MAPPER: == Mapper with map '40b73085-fa83-47f1-add0-9caee0e80af1' started ==
07-21 17:44:35.600   712  7377 I [CT]    : VIPER: Entering state: VALIDATE_MAP
07-21 17:44:35.604   712  7676 W [CT]    : VIPER: Can't detect groundplane because map has no gravity direction.
07-21 17:44:35.606   712  7376 W [CT]    : VIPER: Could not retrieve historic velocity from buffer. [Velocity not available]
07-21 17:44:35.606   712  7377 I [CT]    : VIPER: NO TRACKING: too few inliers. num_inliers = 7 < 10
07-21 17:44:35.606   712  7377 I [CT]    : VIPER:TRACKSTATUS: BAD TRACKING: num_inliers too low (7 < 16)
07-21 17:44:35.606   712  7377 E [CT]    : VIPER: Map Validation: Rejecting map due to bad tracking.
07-21 17:44:35.606   712  7377 I [CT]    : VIPER:MAPPER: == Mapper with map '40b73085-fa83-47f1-add0-9caee0e80af1' stopping ==
07-21 17:44:35.606   712  7377 I [CT]    : VIPER: Entering state: TRACK_INITIAL_FEATURES
07-21 17:44:35.606   712  7377 W [CT]    : VIPER:DF: Background job still running when calling reset() on the DepthFilterManager.
07-21 17:44:35.606   712  7377 I [CT]    : VIPER: MapperDeleter (0x7f53d2ba20) scheduled for deletion
07-21 17:44:35.610   712  7394 I [CT]    : VIPER: MapperDeleter (0x7f53d2ba20) thread took 3384.84 us
07-21 17:44:35.628   712  7377 I [CT]    : VIPER:RELOC: Doing relocalization on 5 maps for 149 more frames.
07-21 17:44:35.631   712  7377 I [CT]    : VIPER: Initial map with 360 points.
07-21 17:44:35.633   712  7377 I [CT]    : VIPER: Constructing estimator: MPE
07-21 17:44:35.633   712  7377 I [CT]    : VIPER: Constructing TrackTracker: HEADSET1
07-21 17:44:35.633   712  7377 W [CT]    : VIPER:DF: Background job still running when calling reset() on the DepthFilterManager.
07-21 17:44:35.633   712  7377 I [CT]    : VIPER:MAPPER: == Mapper with map 'a95c75ec-a3fb-4d76-b555-5bbe474f3e82' started ==
07-21 17:44:35.634   712  7377 I [CT]    : VIPER: Entering state: VALIDATE_MAP
07-21 17:44:35.635   712  7678 W [CT]    : VIPER: Can't detect groundplane because map has no gravity direction.
07-21 17:44:35.639   712  7376 W [CT]    : VIPER: Could not retrieve historic velocity from buffer. [Velocity not available]
07-21 17:44:35.641   712  7377 W [CT]    : VIPER:TRACKER: Big Search recovered tracking successfully.
