07-21 16:38:25.130  1119  1174 I DisplayManagerService: Display device changed state: "Built-in Screen", ON
07-21 16:38:25.433  1119  1176 I DisplayPowerController: Unblocked screen on after 350 ms
07-21 16:38:25.613  1119  1489 I DisplayManagerService: Display device added: DisplayDeviceInfo{"com.oculus.android_panel_app.AndroidPanelLayer-#main": uniqueId="virtual:com.oculus.vrshell,10024,com.oculus.android_panel_app.AndroidPanelLayer-#main,0", 770 x 241, modeId 2, defaultModeId 2, supportedModes [{id=2, width=770, height=241, fps=60.0}], colorMode 0, supportedColorModes [0], HdrCapabilities null, density 160, 160.0 x 160.0 dpi, appVsyncOff 0, presDeadline 16666666, touch NONE, rotation 0, type VIRTUAL, state OFF, owner com.oculus.vrshell (uid 10024), FLAG_PRIVATE, FLAG_NEVER_BLANK, FLAG_OWN_CONTENT_ONLY}
07-21 16:38:25.769  1119  1489 I DisplayManagerService: Display device added: DisplayDeviceInfo{"com.oculus.android_panel_app.AndroidPanelLayer-tooltip": uniqueId="virtual:com.oculus.vrshell,10024,com.oculus.android_panel_app.AndroidPanelLayer-tooltip,0", 1000 x 1000, modeId 3, defaultModeId 3, supportedModes [{id=3, width=1000, height=1000, fps=60.0}], colorMode 0, supportedColorModes [0], HdrCapabilities null, density 160, 160.0 x 160.0 dpi, appVsyncOff 0, presDeadline 16666666, touch NONE, rotation 0, type VIRTUAL, state OFF, owner com.oculus.vrshell (uid 10024), FLAG_PRIVATE, FLAG_NEVER_BLANK, FLAG_OWN_CONTENT_ONLY}
07-21 16:38:25.787  1119  1540 I DisplayManagerService: Display device removed: DisplayDeviceInfo{"com.oculus.android_panel_app.AndroidPanelLayer-tooltip": uniqueId="virtual:com.oculus.vrshell,10024,com.oculus.android_panel_app.AndroidPanelLayer-tooltip,0", 1000 x 1000, modeId 3, defaultModeId 3, supportedModes [{id=3, width=1000, height=1000, fps=60.0}], colorMode 0, supportedColorModes [0], HdrCapabilities null, density 160, 160.0 x 160.0 dpi, appVsyncOff 0, presDeadline 16666666, touch NONE, rotation 0, type VIRTUAL, state OFF, owner com.oculus.vrshell (uid 10024), FLAG_PRIVATE, FLAG_NEVER_BLANK, FLAG_OWN_CONTENT_ONLY}
07-21 16:38:25.789  1119  1240 I DisplayManagerService: Display device added: DisplayDeviceInfo{"com.oculus.android_panel_app.AndroidPanelLayer-tooltip": uniqueId="virtual:com.oculus.vrshell,10024,com.oculus.android_panel_app.AndroidPanelLayer-tooltip,0", 98 x 31, modeId 4, defaultModeId 4, supportedModes [{id=4, width=98, height=31, fps=60.0}], colorMode 0, supportedColorModes [0], HdrCapabilities null, density 160, 160.0 x 160.0 dpi, appVsyncOff 0, presDeadline 16666666, touch NONE, rotation 0, type VIRTUAL, state OFF, owner com.oculus.vrshell (uid 10024), FLAG_PRIVATE, FLAG_NEVER_BLANK, FLAG_OWN_CONTENT_ONLY}
07-21 16:38:27.120  1119  1464 I DisplayManagerService: Display device added: DisplayDeviceInfo{"com.oculus.android_panel_app.AndroidPanelLayer-hand1": uniqueId="virtual:com.oculus.vrshell,10024,com.oculus.android_panel_app.AndroidPanelLayer-hand1,0", 200 x 1000, modeId 5, defaultModeId 5, supportedModes [{id=5, width=200, height=1000, fps=60.0}], colorMode 0, supportedColorModes [0], HdrCapabilities null, density 160, 160.0 x 160.0 dpi, appVsyncOff 0, presDeadline 16666666, touch NONE, rotation 0, type VIRTUAL, state OFF, owner com.oculus.vrshell (uid 10024), FLAG_PRIVATE, FLAG_NEVER_BLANK, FLAG_OWN_CONTENT_ONLY}
07-21 16:38:27.149  1119  1146 I DisplayManagerService: Display device removed: DisplayDeviceInfo{"com.oculus.android_panel_app.AndroidPanelLayer-hand1": uniqueId="virtual:com.oculus.vrshell,10024,com.oculus.android_panel_app.AndroidPanelLayer-hand1,0", 200 x 1000, modeId 5, defaultModeId 5, supportedModes [{id=5, width=200, height=1000, fps=60.0}], colorMode 0, supportedColorModes [0], HdrCapabilities null, density 160, 160.0 x 160.0 dpi, appVsyncOff 0, presDeadline 16666666, touch NONE, rotation 0, type VIRTUAL, state OFF, owner com.oculus.vrshell (uid 10024), FLAG_PRIVATE, FLAG_NEVER_BLANK, FLAG_OWN_CONTENT_ONLY}
07-21 16:38:27.151  1119  1561 I DisplayManagerService: Display device added: DisplayDeviceInfo{"com.oculus.android_panel_app.AndroidPanelLayer-hand1": uniqueId="virtual:com.oculus.vrshell,10024,com.oculus.android_panel_app.AndroidPanelLayer-hand1,0", 200 x 54, modeId 6, defaultModeId 6, supportedModes [{id=6, width=200, height=54, fps=60.0}], colorMode 0, supportedColorModes [0], HdrCapabilities null, density 160, 160.0 x 160.0 dpi, appVsyncOff 0, presDeadline 16666666, touch NONE, rotation 0, type VIRTUAL, state OFF, owner com.oculus.vrshell (uid 10024), FLAG_PRIVATE, FLAG_NEVER_BLANK, FLAG_OWN_CONTENT_ONLY}
07-21 16:38:27.156  1119  1413 I DisplayManagerService: Display device added: DisplayDeviceInfo{"com.oculus.android_panel_app.AndroidPanelLayer-hand2": uniqueId="virtual:com.oculus.vrshell,10024,com.oculus.android_panel_app.AndroidPanelLayer-hand2,0", 200 x 1000, modeId 7, defaultModeId 7, supportedModes [{id=7, width=200, height=1000, fps=60.0}], colorMode 0, supportedColorModes [0], HdrCapabilities null, density 160, 160.0 x 160.0 dpi, appVsyncOff 0, presDeadline 16666666, touch NONE, rotation 0, type VIRTUAL, state OFF, owner com.oculus.vrshell (uid 10024), FLAG_PRIVATE, FLAG_NEVER_BLANK, FLAG_OWN_CONTENT_ONLY}
07-21 16:38:27.163  1119  1433 I DisplayManagerService: Display device removed: DisplayDeviceInfo{"com.oculus.android_panel_app.AndroidPanelLayer-hand2": uniqueId="virtual:com.oculus.vrshell,10024,com.oculus.android_panel_app.AndroidPanelLayer-hand2,0", 200 x 1000, modeId 7, defaultModeId 7, supportedModes [{id=7, width=200, height=1000, fps=60.0}], colorMode 0, supportedColorModes [0], HdrCapabilities null, density 160, 160.0 x 160.0 dpi, appVsyncOff 0, presDeadline 16666666, touch NONE, rotation 0, type VIRTUAL, state OFF, owner com.oculus.vrshell (uid 10024), FLAG_PRIVATE, FLAG_NEVER_BLANK, FLAG_OWN_CONTENT_ONLY}
07-21 16:38:27.168  1119  1561 I DisplayManagerService: Display device added: DisplayDeviceInfo{"com.oculus.android_panel_app.AndroidPanelLayer-hand2": uniqueId="virtual:com.oculus.vrshell,10024,com.oculus.android_panel_app.AndroidPanelLayer-hand2,0", 200 x 54, modeId 8, defaultModeId 8, supportedModes [{id=8, width=200, height=54, fps=60.0}], colorMode 0, supportedColorModes [0], HdrCapabilities null, density 160, 160.0 x 160.0 dpi, appVsyncOff 0, presDeadline 16666666, touch NONE, rotation 0, type VIRTUAL, state OFF, owner com.oculus.vrshell (uid 10024), FLAG_PRIVATE, FLAG_NEVER_BLANK, FLAG_OWN_CONTENT_ONLY}
07-21 16:38:27.179  1119  1167 W ActivityManager: Display 6 gone before initialization complete
07-21 16:38:27.194  1119  1561 I DisplayManagerService: Display device added: DisplayDeviceInfo{"com.oculus.android_panel_app.AndroidPanelLayer-dialog": uniqueId="virtual:com.oculus.vrshell,10024,com.oculus.android_panel_app.AndroidPanelLayer-dialog,0", 360 x 1000, modeId 9, defaultModeId 9, supportedModes [{id=9, width=360, height=1000, fps=60.0}], colorMode 0, supportedColorModes [0], HdrCapabilities null, density 160, 160.0 x 160.0 dpi, appVsyncOff 0, presDeadline 16666666, touch NONE, rotation 0, type VIRTUAL, state OFF, owner com.oculus.vrshell (uid 10024), FLAG_PRIVATE, FLAG_NEVER_BLANK, FLAG_OWN_CONTENT_ONLY}
07-21 16:38:27.242  1119  1489 I DisplayManagerService: Display device removed: DisplayDeviceInfo{"com.oculus.android_panel_app.AndroidPanelLayer-dialog": uniqueId="virtual:com.oculus.vrshell,10024,com.oculus.android_panel_app.AndroidPanelLayer-dialog,0", 360 x 1000, modeId 9, defaultModeId 9, supportedModes [{id=9, width=360, height=1000, fps=60.0}], colorMode 0, supportedColorModes [0], HdrCapabilities null, density 160, 160.0 x 160.0 dpi, appVsyncOff 0, presDeadline 16666666, touch NONE, rotation 0, type VIRTUAL, state OFF, owner com.oculus.vrshell (uid 10024), FLAG_PRIVATE, FLAG_NEVER_BLANK, FLAG_OWN_CONTENT_ONLY}
07-21 16:38:27.243  1119  1492 I DisplayManagerService: Display device added: DisplayDeviceInfo{"com.oculus.android_panel_app.AndroidPanelLayer-dialog": uniqueId="virtual:com.oculus.vrshell,10024,com.oculus.android_panel_app.AndroidPanelLayer-dialog,0", 360 x 850, modeId 10, defaultModeId 10, supportedModes [{id=10, width=360, height=850, fps=60.0}], colorMode 0, supportedColorModes [0], HdrCapabilities null, density 160, 160.0 x 160.0 dpi, appVsyncOff 0, presDeadline 16666666, touch NONE, rotation 0, type VIRTUAL, state OFF, owner com.oculus.vrshell (uid 10024), FLAG_PRIVATE, FLAG_NEVER_BLANK, FLAG_OWN_CONTENT_ONLY}
07-21 16:38:27.311  1119  1174 I DisplayManagerService: Display device changed state: "com.oculus.android_panel_app.AndroidPanelLayer-#main", ON
07-21 16:38:27.336  1119  1174 I DisplayManagerService: Display device changed state: "com.oculus.android_panel_app.AndroidPanelLayer-tooltip", ON
07-21 16:38:27.347  1119  1174 I DisplayManagerService: Display device changed state: "com.oculus.android_panel_app.AndroidPanelLayer-hand1", ON
07-21 16:38:27.369  1119  1174 I DisplayManagerService: Display device changed state: "com.oculus.android_panel_app.AndroidPanelLayer-hand2", ON
07-21 16:38:27.389  1119  1174 I DisplayManagerService: Display device changed state: "com.oculus.android_panel_app.AndroidPanelLayer-dialog", ON
07-21 16:38:27.713  1119  1461 I DisplayManagerService: Display device removed: DisplayDeviceInfo{"com.oculus.android_panel_app.AndroidPanelLayer-hand1": uniqueId="virtual:com.oculus.vrshell,10024,com.oculus.android_panel_app.AndroidPanelLayer-hand1,0", 200 x 54, modeId 6, defaultModeId 6, supportedModes [{id=6, width=200, height=54, fps=60.0}], colorMode 0, supportedColorModes [0], HdrCapabilities null, density 160, 160.0 x 160.0 dpi, appVsyncOff 0, presDeadline 16666666, touch NONE, rotation 0, type VIRTUAL, state ON, owner com.oculus.vrshell (uid 10024), FLAG_PRIVATE, FLAG_NEVER_BLANK, FLAG_OWN_CONTENT_ONLY}
07-21 16:38:27.718  1119  1413 I DisplayManagerService: Display device added: DisplayDeviceInfo{"com.oculus.android_panel_app.AndroidPanelLayer-hand1": uniqueId="virtual:com.oculus.vrshell,10024,com.oculus.android_panel_app.AndroidPanelLayer-hand1,0", 200 x 152, modeId 11, defaultModeId 11, supportedModes [{id=11, width=200, height=152, fps=60.0}], colorMode 0, supportedColorModes [0], HdrCapabilities null, density 160, 160.0 x 160.0 dpi, appVsyncOff 0, presDeadline 16666666, touch NONE, rotation 0, type VIRTUAL, state OFF, owner com.oculus.vrshell (uid 10024), FLAG_PRIVATE, FLAG_NEVER_BLANK, FLAG_OWN_CONTENT_ONLY}
07-21 16:38:27.754  1119  1518 I DisplayManagerService: Display device removed: DisplayDeviceInfo{"com.oculus.android_panel_app.AndroidPanelLayer-hand2": uniqueId="virtual:com.oculus.vrshell,10024,com.oculus.android_panel_app.AndroidPanelLayer-hand2,0", 200 x 54, modeId 8, defaultModeId 8, supportedModes [{id=8, width=200, height=54, fps=60.0}], colorMode 0, supportedColorModes [0], HdrCapabilities null, density 160, 160.0 x 160.0 dpi, appVsyncOff 0, presDeadline 16666666, touch NONE, rotation 0, type VIRTUAL, state ON, owner com.oculus.vrshell (uid 10024), FLAG_PRIVATE, FLAG_NEVER_BLANK, FLAG_OWN_CONTENT_ONLY}
07-21 16:38:27.759  1119  1461 I DisplayManagerService: Display device added: DisplayDeviceInfo{"com.oculus.android_panel_app.AndroidPanelLayer-hand2": uniqueId="virtual:com.oculus.vrshell,10024,com.oculus.android_panel_app.AndroidPanelLayer-hand2,0", 200 x 152, modeId 12, defaultModeId 12, supportedModes [{id=12, width=200, height=152, fps=60.0}], colorMode 0, supportedColorModes [0], HdrCapabilities null, density 160, 160.0 x 160.0 dpi, appVsyncOff 0, presDeadline 16666666, touch NONE, rotation 0, type VIRTUAL, state OFF, owner com.oculus.vrshell (uid 10024), FLAG_PRIVATE, FLAG_NEVER_BLANK, FLAG_OWN_CONTENT_ONLY}
07-21 16:38:27.861  1119  1174 I DisplayManagerService: Display device changed state: "com.oculus.android_panel_app.AndroidPanelLayer-hand1", ON
07-21 16:38:27.887  1119  1174 I DisplayManagerService: Display device changed state: "com.oculus.android_panel_app.AndroidPanelLayer-hand2", ON
07-21 16:38:31.259  1119  1518 I ActivityManager: Start proc 4519:com.oculus.vrshell.home:explore/u0a48 for service com.oculus.vrshell.home/.ExploreService
07-21 16:38:33.141  1119  1173 D BluetoothManagerService: Message: 20
07-21 16:38:33.141  1119  1173 D BluetoothManagerService: Added callback: android.bluetooth.IBluetoothManagerCallback$Stub$Proxy@af6d232:true
07-21 16:38:35.817  1119  1461 I ActivityManager: Start proc 4624:com.oculus.vrshell.home:library/u0a48 for service com.oculus.vrshell.home/.LibraryService
07-21 16:38:36.923  1119  1173 D BluetoothManagerService: Message: 20
07-21 16:38:36.923  1119  1173 D BluetoothManagerService: Added callback: android.bluetooth.IBluetoothManagerCallback$Stub$Proxy@71c0a30:true
07-21 16:38:39.813  1119  1145 I ActivityManager: START u0 {act=android.intent.action.MAIN cat=[android.intent.category.INFO] flg=0x10010000 pkg=com.beatgames.beatsaber cmp=com.beatgames.beatsaber/com.unity3d.player.UnityPlayerActivity (has extras)} from uid 10024 on display 0
07-21 16:38:40.350  1119  1167 W ActivityManager: Activity pause timeout for ActivityRecord{1e39b51 u0 com.oculus.vrshell/.MainActivity t46}
07-21 16:38:40.352  1119  1461 I ActivityManager: Process com.oculus.vrshell.home:explore (pid 4519) has died
07-21 16:38:40.352  1119  1461 D ActivityManager: cleanUpApplicationRecord -- 4519
07-21 16:38:40.355  1119  1561 I ActivityManager: Process com.oculus.vrshell.home:library (pid 4624) has died
07-21 16:38:40.355  1119  1561 D ActivityManager: cleanUpApplicationRecord -- 4624
07-21 16:38:40.390  1119  1167 I ActivityManager: Start proc 4733:com.beatgames.beatsaber/u0a69 for activity com.beatgames.beatsaber/com.unity3d.player.UnityPlayerActivity
07-21 16:38:58.440  1119  1179 I ActivityManager: Start proc 4839:com.android.defcontainer/u0a3 for service com.android.defcontainer/.DefaultContainerService
07-21 16:39:00.124  1119  1167 I ActivityManager: Force stopping com.bigscreenvr.bigscreen appid=10064 user=-1: installPackageLI
07-21 16:39:00.289  1119  1179 I PackageManager: Package com.bigscreenvr.bigscreen codePath changed from /data/app/com.bigscreenvr.bigscreen-2 to /data/app/com.bigscreenvr.bigscreen-1; Retaining data and using new
07-21 16:39:00.290  1119  1179 W PackageManager: Code path for com.bigscreenvr.bigscreen changing from /data/app/com.bigscreenvr.bigscreen-2 to /data/app/com.bigscreenvr.bigscreen-1
07-21 16:39:00.290  1119  1179 W PackageManager: Resource path for com.bigscreenvr.bigscreen changing from /data/app/com.bigscreenvr.bigscreen-2 to /data/app/com.bigscreenvr.bigscreen-1
07-21 16:39:00.504  1119  1240 I ActivityManager: START u0 {act=com.oculus.vrshell.intent.action.LAUNCH flg=0x10000000 cmp=com.oculus.vrshell/.MainActivity (has extras)} from uid 10024 on display 0
07-21 16:39:00.733  1119  1179 I ActivityManager: Force stopping com.bigscreenvr.bigscreen appid=10064 user=0: pkg removed
07-21 16:39:00.856  1119  1492 I ActivityManager: Start proc 4868:com.android.gallery3d/u0a34 for broadcast com.android.gallery3d/.app.PackagesMonitor
07-21 16:39:00.936  1119  1561 I DisplayManagerService: Display device removed: DisplayDeviceInfo{"com.oculus.android_panel_app.AndroidPanelLayer-dialog": uniqueId="virtual:com.oculus.vrshell,10024,com.oculus.android_panel_app.AndroidPanelLayer-dialog,0", 360 x 850, modeId 10, defaultModeId 10, supportedModes [{id=10, width=360, height=850, fps=60.0}], colorMode 0, supportedColorModes [0], HdrCapabilities null, density 160, 160.0 x 160.0 dpi, appVsyncOff 0, presDeadline 16666666, touch NONE, rotation 0, type VIRTUAL, state ON, owner com.oculus.vrshell (uid 10024), FLAG_PRIVATE, FLAG_NEVER_BLANK, FLAG_OWN_CONTENT_ONLY}
07-21 16:39:00.973  1119  1461 I DisplayManagerService: Display device added: DisplayDeviceInfo{"com.oculus.android_panel_app.AndroidPanelLayer-dialog": uniqueId="virtual:com.oculus.vrshell,10024,com.oculus.android_panel_app.AndroidPanelLayer-dialog,0", 540 x 300, modeId 13, defaultModeId 13, supportedModes [{id=13, width=540, height=300, fps=60.0}], colorMode 0, supportedColorModes [0], HdrCapabilities null, density 160, 160.0 x 160.0 dpi, appVsyncOff 0, presDeadline 16666666, touch NONE, rotation 0, type VIRTUAL, state OFF, owner com.oculus.vrshell (uid 10024), FLAG_PRIVATE, FLAG_NEVER_BLANK, FLAG_OWN_CONTENT_ONLY}
07-21 16:39:01.058  1119  1119 V KeyValueBackupJob: Scheduling k/v pass in 241 minutes
07-21 16:39:01.100  1119  1174 I DisplayManagerService: Display device changed state: "com.oculus.android_panel_app.AndroidPanelLayer-dialog", ON
07-21 16:39:01.359  1119  1166 W VoiceInteractionManagerService: no available voice recognition services found for user 0
07-21 16:39:01.580  1119  1489 I ActivityManager: Start proc 4885:com.android.keychain/1000 for broadcast com.android.keychain/.KeyChainBroadcastReceiver
07-21 16:39:01.714  4885  4885 W ContextImpl: Calling a method in the system process without a qualified user: android.app.ContextImpl.startService:1357 android.content.ContextWrapper.startService:613 android.content.ContextWrapper.startService:613 com.android.keychain.KeyChainBroadcastReceiver.onReceive:12 android.app.ActivityThread.handleReceiver:3064 
07-21 16:39:01.734  1119  1464 I ActivityManager: Start proc 4899:android.process.acore/u0a0 for broadcast com.android.providers.contacts/.PackageIntentReceiver
07-21 16:39:02.172  1119  1540 I ActivityManager: Start proc 4916:com.oculus.home/u0a41 for broadcast com.oculus.home/com.oculus.common.packagescache.PackagesCacheReceiver
07-21 16:39:03.155  1119  1519 I ActivityManager: Start proc 4933:com.oculus.messenger/u0a36 for broadcast com.oculus.messenger/com.oculus.common.packagescache.PackagesCacheReceiver
07-21 16:39:03.642  1119  1518 I ActivityManager: Start proc 4949:com.svox.pico/u0a38 for broadcast com.svox.pico/.VoiceDataInstallerReceiver
07-21 16:39:04.059  1119  1489 D BluetoothManagerService: checkIfCallerIsForegroundUser: valid=true callingUser=0 parentUser=-10000 foregroundUser=0
07-21 16:39:08.694  1119  1146 I ActivityManager: Killing 2407:com.qualcomm.timeservice/1000 (adj 906): empty #17
07-21 16:39:08.713  1119  1492 D ActivityManager: cleanUpApplicationRecord -- 2407
07-21 16:39:14.085  1119  1119 I EntropyMixer: Writing entropy...
07-21 16:39:14.088  1119  1170 E BatteryStatsService: no controller energy info supplied
07-21 16:39:14.104  1119  1170 E BatteryStatsService: no controller energy info supplied
07-21 16:39:14.185  1119  1167 W ProcessCpuTracker: Skipping unknown process pid 4969
07-21 16:39:14.670  1119  1172 I UsbPortManager: USB port changed: port=UsbPort{id=otg_default, supportedModes=dual}, status=UsbPortStatus{connected=true, currentMode=ufp, currentPowerRole=sink, currentDataRole=device, supportedRoleCombinations=[source:host, sink:device]}, canChangeMode=true, canChangePowerRole=false, canChangeDataRole=false
07-21 16:39:14.725  1119  1172 I UsbPortManager: USB port changed: port=UsbPort{id=otg_default, supportedModes=dual}, status=UsbPortStatus{connected=true, currentMode=ufp, currentPowerRole=sink, currentDataRole=device, supportedRoleCombinations=[source:host, source:device, sink:host, sink:device]}, canChangeMode=true, canChangePowerRole=true, canChangeDataRole=true
07-21 16:39:16.354  1119  1172 I UsbDeviceManager: Setting USB config to mtp,adb
07-21 16:43:14.527  1119  1240 I DisplayManagerService: Display device removed: DisplayDeviceInfo{"com.oculus.android_panel_app.AndroidPanelLayer-dialog": uniqueId="virtual:com.oculus.vrshell,10024,com.oculus.android_panel_app.AndroidPanelLayer-dialog,0", 540 x 300, modeId 13, defaultModeId 13, supportedModes [{id=13, width=540, height=300, fps=60.0}], colorMode 0, supportedColorModes [0], HdrCapabilities null, density 160, 160.0 x 160.0 dpi, appVsyncOff 0, presDeadline 16666666, touch NONE, rotation 0, type VIRTUAL, state ON, owner com.oculus.vrshell (uid 10024), FLAG_PRIVATE, FLAG_NEVER_BLANK, FLAG_OWN_CONTENT_ONLY}
07-21 16:43:14.530  1119  1559 I DisplayManagerService: Display device added: DisplayDeviceInfo{"com.oculus.android_panel_app.AndroidPanelLayer-dialog": uniqueId="virtual:com.oculus.vrshell,10024,com.oculus.android_panel_app.AndroidPanelLayer-dialog,0", 360 x 850, modeId 14, defaultModeId 14, supportedModes [{id=14, width=360, height=850, fps=60.0}], colorMode 0, supportedColorModes [0], HdrCapabilities null, density 160, 160.0 x 160.0 dpi, appVsyncOff 0, presDeadline 16666666, touch NONE, rotation 0, type VIRTUAL, state OFF, owner com.oculus.vrshell (uid 10024), FLAG_PRIVATE, FLAG_NEVER_BLANK, FLAG_OWN_CONTENT_ONLY}
07-21 16:43:14.583  1119  1174 I DisplayManagerService: Display device changed state: "com.oculus.android_panel_app.AndroidPanelLayer-dialog", ON
07-21 16:43:31.132  1119  1413 I ActivityManager: START u0 {act=com.oculus.vrshell.intent.action.LAUNCH flg=0x10000000 cmp=com.oculus.vrshell/.MainActivity (has extras)} from uid 10024 on display 0
07-21 16:43:47.629  1119  1461 I ActivityManager: START u0 {act=com.oculus.vrshell.intent.action.LAUNCH flg=0x10000000 cmp=com.oculus.vrshell/.MainActivity (has extras)} from uid 10024 on display 0
07-21 16:43:47.927  1119  1433 I DisplayManagerService: Display device removed: DisplayDeviceInfo{"com.oculus.android_panel_app.AndroidPanelLayer-dialog": uniqueId="virtual:com.oculus.vrshell,10024,com.oculus.android_panel_app.AndroidPanelLayer-dialog,0", 360 x 850, modeId 14, defaultModeId 14, supportedModes [{id=14, width=360, height=850, fps=60.0}], colorMode 0, supportedColorModes [0], HdrCapabilities null, density 160, 160.0 x 160.0 dpi, appVsyncOff 0, presDeadline 16666666, touch NONE, rotation 0, type VIRTUAL, state ON, owner com.oculus.vrshell (uid 10024), FLAG_PRIVATE, FLAG_NEVER_BLANK, FLAG_OWN_CONTENT_ONLY}
07-21 16:43:47.932  1119  1561 I DisplayManagerService: Display device added: DisplayDeviceInfo{"com.oculus.android_panel_app.AndroidPanelLayer-dialog": uniqueId="virtual:com.oculus.vrshell,10024,com.oculus.android_panel_app.AndroidPanelLayer-dialog,0", 540 x 300, modeId 15, defaultModeId 15, supportedModes [{id=15, width=540, height=300, fps=60.0}], colorMode 0, supportedColorModes [0], HdrCapabilities null, density 160, 160.0 x 160.0 dpi, appVsyncOff 0, presDeadline 16666666, touch NONE, rotation 0, type VIRTUAL, state OFF, owner com.oculus.vrshell (uid 10024), FLAG_PRIVATE, FLAG_NEVER_BLANK, FLAG_OWN_CONTENT_ONLY}
07-21 16:43:48.023  1119  1174 I DisplayManagerService: Display device changed state: "com.oculus.android_panel_app.AndroidPanelLayer-dialog", ON
07-21 16:43:49.724  1119  1461 I ActivityManager: Start proc 5082:com.oculus.vrshell.home:explore/u0a48 for service com.oculus.vrshell.home/.ExploreService
07-21 16:43:50.038  1119  1146 I WindowManager: WIN DEATH: Window{df35192 u0 com.beatgames.beatsaber/com.unity3d.player.UnityPlayerActivity}
07-21 16:43:50.039  1119  1489 I ActivityManager: Process com.beatgames.beatsaber (pid 4733) has died
07-21 16:43:50.039  1119  1489 D ActivityManager: cleanUpApplicationRecord -- 4733
07-21 16:43:50.790  1119  1173 D BluetoothManagerService: Message: 20
07-21 16:43:50.790  1119  1173 D BluetoothManagerService: Added callback: android.bluetooth.IBluetoothManagerCallback$Stub$Proxy@2f258e1:true
07-21 16:43:50.965  1119  1519 I ActivityManager: Start proc 5154:com.oculus.vrshell.home:library/u0a48 for service com.oculus.vrshell.home/.LibraryService
07-21 16:43:52.357  1119  1173 D BluetoothManagerService: Message: 20
07-21 16:43:52.357  1119  1173 D BluetoothManagerService: Added callback: android.bluetooth.IBluetoothManagerCallback$Stub$Proxy@ab23c51:true
07-21 16:43:52.407  1119  1145 D BluetoothManagerService: checkIfCallerIsForegroundUser: valid=true callingUser=0 parentUser=-10000 foregroundUser=0
07-21 16:43:54.219  1119  1146 I ActivityManager: START u0 {act=android.intent.action.MAIN cat=[android.intent.category.INFO] flg=0x10010000 pkg=com.beatgames.beatsaber cmp=com.beatgames.beatsaber/com.unity3d.player.UnityPlayerActivity (has extras)} from uid 10024 on display 0
07-21 16:43:54.410  1119  1433 I ActivityManager: Process com.oculus.vrshell.home:explore (pid 5082) has died
07-21 16:43:54.414  1119  1433 D ActivityManager: cleanUpApplicationRecord -- 5082
07-21 16:43:54.465  1119  1464 I ActivityManager: Process com.oculus.vrshell.home:library (pid 5154) has died
07-21 16:43:54.466  1119  1464 D ActivityManager: cleanUpApplicationRecord -- 5154
07-21 16:43:54.728  1119  1167 W ActivityManager: Activity pause timeout for ActivityRecord{1e39b51 u0 com.oculus.vrshell/.MainActivity t46}
07-21 16:43:54.751  1119  1167 I ActivityManager: Start proc 5268:com.beatgames.beatsaber/u0a69 for activity com.beatgames.beatsaber/com.unity3d.player.UnityPlayerActivity
07-21 16:44:05.384  1119  1240 I ActivityManager: START u0 {act=com.oculus.vrshell.intent.action.LAUNCH flg=0x10000000 cmp=com.oculus.vrshell/.MainActivity (has extras)} from uid 10024 on display 0
07-21 16:45:10.690  1119  1240 I ActivityManager: Start proc 5393:com.oculus.vrshell.home:explore/u0a48 for service com.oculus.vrshell.home/.ExploreService
07-21 16:45:10.991  1119  1145 I WindowManager: WIN DEATH: Window{43e7caf u0 com.beatgames.beatsaber/com.unity3d.player.UnityPlayerActivity}
07-21 16:45:10.992  1119  1518 I ActivityManager: Process com.beatgames.beatsaber (pid 5268) has died
07-21 16:45:10.992  1119  1518 D ActivityManager: cleanUpApplicationRecord -- 5268
07-21 16:45:11.764  1119  1173 D BluetoothManagerService: Message: 20
07-21 16:45:11.764  1119  1173 D BluetoothManagerService: Added callback: android.bluetooth.IBluetoothManagerCallback$Stub$Proxy@e1176b0:true
07-21 16:45:12.086  1119  1519 I ActivityManager: Start proc 5473:com.oculus.vrshell.home:library/u0a48 for service com.oculus.vrshell.home/.LibraryService
07-21 16:45:13.065  1119  1173 D BluetoothManagerService: Message: 20
07-21 16:45:13.066  1119  1173 D BluetoothManagerService: Added callback: android.bluetooth.IBluetoothManagerCallback$Stub$Proxy@1afe60c:true
07-21 16:45:13.162  1119  1559 D BluetoothManagerService: checkIfCallerIsForegroundUser: valid=true callingUser=0 parentUser=-10000 foregroundUser=0
07-21 16:45:14.739  1119  1433 I ActivityManager: START u0 {act=android.intent.action.MAIN cat=[android.intent.category.INFO] flg=0x10010000 pkg=com.beatgames.beatsaber cmp=com.beatgames.beatsaber/com.unity3d.player.UnityPlayerActivity (has extras)} from uid 10024 on display 0
07-21 16:45:14.821  1119  1464 I ActivityManager: Killing 2166:com.android.calendar/u0a27 (adj 906): empty #17
07-21 16:45:15.033  1119  1489 D ActivityManager: cleanUpApplicationRecord -- 2166
07-21 16:45:15.129  1119  1433 I ActivityManager: Process com.oculus.vrshell.home:explore (pid 5393) has died
07-21 16:45:15.129  1119  1433 D ActivityManager: cleanUpApplicationRecord -- 5393
07-21 16:45:15.132  1119  1240 I ActivityManager: Process com.oculus.vrshell.home:library (pid 5473) has died
07-21 16:45:15.132  1119  1240 D ActivityManager: cleanUpApplicationRecord -- 5473
07-21 16:45:15.245  1119  1167 W ActivityManager: Activity pause timeout for ActivityRecord{1e39b51 u0 com.oculus.vrshell/.MainActivity t46}
07-21 16:45:15.262  1119  1167 I ActivityManager: Start proc 5577:com.beatgames.beatsaber/u0a69 for activity com.beatgames.beatsaber/com.unity3d.player.UnityPlayerActivity
07-21 16:45:35.781  1119  1166 I UsageStatsService: User[0] Flushing usage stats to disk
07-21 16:54:01.438  1119  1146 I ActivityManager: START u0 {act=com.oculus.vrshell.intent.action.LAUNCH flg=0x10000000 cmp=com.oculus.vrshell/.MainActivity (has extras)} from uid 10024 on display 0
07-21 16:54:02.868  1119  1492 I ActivityManager: Start proc 5733:com.oculus.vrshell.home:explore/u0a48 for service com.oculus.vrshell.home/.ExploreService
07-21 16:54:03.421  1119  1146 I WindowManager: WIN DEATH: Window{1a07dd3 u0 com.beatgames.beatsaber/com.unity3d.player.UnityPlayerActivity}
07-21 16:54:03.425  1119  1540 I ActivityManager: Process com.beatgames.beatsaber (pid 5577) has died
07-21 16:54:03.427  1119  1540 D ActivityManager: cleanUpApplicationRecord -- 5577
07-21 16:54:03.731  1119  1489 I ActivityManager: Start proc 5758:com.oculus.vrshell.home:library/u0a48 for service com.oculus.vrshell.home/.LibraryService
07-21 16:54:04.271  1119  1173 D BluetoothManagerService: Message: 20
07-21 16:54:04.271  1119  1173 D BluetoothManagerService: Added callback: android.bluetooth.IBluetoothManagerCallback$Stub$Proxy@360afe1:true
07-21 16:54:05.141  1119  1173 D BluetoothManagerService: Message: 20
07-21 16:54:05.145  1119  1173 D BluetoothManagerService: Added callback: android.bluetooth.IBluetoothManagerCallback$Stub$Proxy@1fb9ed5:true
07-21 16:54:05.992  1119  1519 D BluetoothManagerService: checkIfCallerIsForegroundUser: valid=true callingUser=0 parentUser=-10000 foregroundUser=0
07-21 16:54:06.614  1119  1559 I ActivityManager: START u0 {act=android.intent.action.MAIN cat=[android.intent.category.INFO] flg=0x10010000 pkg=com.beatgames.beatsaber cmp=com.beatgames.beatsaber/com.unity3d.player.UnityPlayerActivity (has extras)} from uid 10024 on display 0
07-21 16:54:06.931  1119  1464 I ActivityManager: Process com.oculus.vrshell.home:explore (pid 5733) has died
07-21 16:54:06.931  1119  1464 D ActivityManager: cleanUpApplicationRecord -- 5733
07-21 16:54:07.016  1119  1461 I ActivityManager: Process com.oculus.vrshell.home:library (pid 5758) has died
07-21 16:54:07.018  1119  1461 D ActivityManager: cleanUpApplicationRecord -- 5758
07-21 16:54:07.132  1119  1167 W ActivityManager: Activity pause timeout for ActivityRecord{1e39b51 u0 com.oculus.vrshell/.MainActivity t46}
07-21 16:54:07.156  1119  1167 I ActivityManager: Start proc 5909:com.beatgames.beatsaber/u0a69 for activity com.beatgames.beatsaber/com.unity3d.player.UnityPlayerActivity
07-21 16:58:00.001  1119  1119 I ActivityManager: Killing 2203:com.android.providers.calendar/u0a2 (adj 906): empty for 1803s
07-21 16:58:00.024  1119  1146 D ActivityManager: cleanUpApplicationRecord -- 2203
07-21 17:00:00.001  1119  1119 I ActivityManager: Killing 4143:com.google.android.apps.youtube.vr.oculus/u0a59 (adj 906): empty for 1809s
07-21 17:00:00.030  1119  1519 D ActivityManager: cleanUpApplicationRecord -- 4143
07-21 17:00:00.030  1119  1492 D ConnectivityService: ConnectivityService NetworkRequestInfo binderDied(NetworkRequest [ LISTEN id=6, [ Capabilities: INTERNET&NOT_RESTRICTED&TRUSTED&FOREGROUND] ], android.os.BinderProxy@c62ec68)
07-21 17:00:00.032  1119  1230 E ConnectivityService: RemoteException caught trying to send a callback msg for NetworkRequest [ LISTEN id=6, [ Capabilities: INTERNET&NOT_RESTRICTED&TRUSTED&FOREGROUND] ]
07-21 17:03:58.695  1119  1413 I ActivityManager: START u0 {act=com.oculus.vrshell.intent.action.LAUNCH flg=0x10000000 cmp=com.oculus.vrshell/.MainActivity (has extras)} from uid 10024 on display 0
07-21 17:04:01.984  1119  1461 I ActivityManager: Start proc 6072:com.oculus.vrshell.home:explore/u0a48 for service com.oculus.vrshell.home/.ExploreService
07-21 17:04:02.371  1119  1492 I WindowManager: WIN DEATH: Window{50d1b89 u0 com.beatgames.beatsaber/com.unity3d.player.UnityPlayerActivity}
07-21 17:04:02.372  1119  1518 I ActivityManager: Process com.beatgames.beatsaber (pid 5909) has died
07-21 17:04:02.372  1119  1518 D ActivityManager: cleanUpApplicationRecord -- 5909
07-21 17:04:02.940  1119  1173 D BluetoothManagerService: Message: 20
07-21 17:04:02.940  1119  1173 D BluetoothManagerService: Added callback: android.bluetooth.IBluetoothManagerCallback$Stub$Proxy@ede5b61:true
07-21 17:04:02.994  1119  1146 I ActivityManager: Start proc 6134:com.oculus.vrshell.home:library/u0a48 for service com.oculus.vrshell.home/.LibraryService
07-21 17:04:04.199  1119  1173 D BluetoothManagerService: Message: 20
07-21 17:04:04.200  1119  1173 D BluetoothManagerService: Added callback: android.bluetooth.IBluetoothManagerCallback$Stub$Proxy@2f169f8:true
07-21 17:04:04.398  1119  1433 D BluetoothManagerService: checkIfCallerIsForegroundUser: valid=true callingUser=0 parentUser=-10000 foregroundUser=0
07-21 17:04:05.742  1119  1461 I ActivityManager: START u0 {act=android.intent.action.MAIN cat=[android.intent.category.INFO] flg=0x10010000 pkg=com.beatgames.beatsaber cmp=com.beatgames.beatsaber/com.unity3d.player.UnityPlayerActivity (has extras)} from uid 10024 on display 0
07-21 17:04:06.002  1119  1413 I ActivityManager: Process com.oculus.vrshell.home:explore (pid 6072) has died
07-21 17:04:06.002  1119  1413 D ActivityManager: cleanUpApplicationRecord -- 6072
07-21 17:04:06.098  1119  1489 I ActivityManager: Process com.oculus.vrshell.home:library (pid 6134) has died
07-21 17:04:06.099  1119  1489 D ActivityManager: cleanUpApplicationRecord -- 6134
07-21 17:04:06.253  1119  1167 W ActivityManager: Activity pause timeout for ActivityRecord{1e39b51 u0 com.oculus.vrshell/.MainActivity t46}
07-21 17:04:06.271  1119  1167 I ActivityManager: Start proc 6247:com.beatgames.beatsaber/u0a69 for activity com.beatgames.beatsaber/com.unity3d.player.UnityPlayerActivity
--------- beginning of crash
07-21 17:04:06.423  6247  6247 F libc    : Fatal signal 11 (SIGSEGV), code 1, fault addr 0x3 in tid 6247 (games.beatsaber)
07-21 17:04:07.993  6267  6267 F DEBUG   : *** *** *** *** *** *** *** *** *** *** *** *** *** *** *** ***
07-21 17:04:07.993  6267  6267 F DEBUG   : Build fingerprint: 'oculus/vr_monterey/monterey:7.1.1/NGI77B/256550.6810.0:user/release-keys'
07-21 17:04:07.993  6267  6267 F DEBUG   : Revision: '0'
07-21 17:04:07.993  6267  6267 F DEBUG   : ABI: 'arm'
07-21 17:04:07.994  6267  6267 F DEBUG   : pid: 6247, tid: 6247, name: games.beatsaber  >>> com.beatgames.beatsaber <<<
07-21 17:04:07.994  6267  6267 F DEBUG   : signal 11 (SIGSEGV), code 1 (SEGV_MAPERR), fault addr 0x3
07-21 17:04:07.994  6267  6267 F DEBUG   :     r0 00000003  r1 ef1a35c4  r2 00000001  r3 80000000
07-21 17:04:07.994  6267  6267 F DEBUG   :     r4 00000000  r5 ead2bef8  r6 eedae1d0  r7 00000003
07-21 17:04:07.994  6267  6267 F DEBUG   :     r8 ef18fe20  r9 ef1a05f0  sl ef18fe0f  fp eedae1d0
07-21 17:04:07.994  6267  6267 F DEBUG   :     ip eac0a000  sp ffbde8e0  lr eadc778c  pc eadc61bc  cpsr 200f0010
07-21 17:04:09.031  6267  6267 F DEBUG   : 
07-21 17:04:09.031  6267  6267 F DEBUG   : backtrace:
07-21 17:04:09.031  6267  6267 F DEBUG   :     #00 pc 0009e1bc  /data/data/com.beatgames.beatsaber/cache/curmod.so
07-21 17:04:09.031  6267  6267 F DEBUG   :     #01 pc 0001b918  /data/data/com.beatgames.beatsaber/cache/curmod.so
07-21 17:04:09.031  6267  6267 F DEBUG   :     #02 pc 00020f9c  /data/data/com.beatgames.beatsaber/cache/curmod.so
07-21 17:04:09.032  6267  6267 F DEBUG   :     #03 pc 0001d8d0  /data/data/com.beatgames.beatsaber/cache/curmod.so
07-21 17:04:09.032  6267  6267 F DEBUG   :     #04 pc 0001d804  /data/data/com.beatgames.beatsaber/cache/curmod.so
07-21 17:04:09.032  6267  6267 F DEBUG   :     #05 pc 0001b6bc  /data/data/com.beatgames.beatsaber/cache/curmod.so
07-21 17:04:09.032  6267  6267 F DEBUG   :     #06 pc 000040dc  /data/data/com.beatgames.beatsaber/cache/curmod.so
07-21 17:04:09.033  6267  6267 F DEBUG   :     #07 pc 00003f0c  /data/data/com.beatgames.beatsaber/cache/curmod.so
07-21 17:04:09.033  6267  6267 F DEBUG   :     #08 pc 000067f9  /system/bin/linker (__dl__ZN6soinfo13call_functionEPKcPFvvE+84)
07-21 17:04:09.033  6267  6267 F DEBUG   :     #09 pc 00006717  /system/bin/linker (__dl__ZN6soinfo10call_arrayEPKcPPFvvEjb+186)
07-21 17:04:09.033  6267  6267 F DEBUG   :     #10 pc 000053ab  /system/bin/linker (__dl__ZN6soinfo17call_constructorsEv+222)
07-21 17:04:09.033  6267  6267 F DEBUG   :     #11 pc 00005147  /system/bin/linker (__dl__Z9do_dlopenPKciPK17android_dlextinfoPv+1358)
07-21 17:04:09.033  6267  6267 F DEBUG   :     #12 pc 00002e69  /system/bin/linker (__dl__ZL10dlopen_extPKciPK17android_dlextinfoPv+28)
07-21 17:04:09.033  6267  6267 F DEBUG   :     #13 pc 000018eb  /data/app/com.beatgames.beatsaber-1/lib/arm/libmodloader.so (load_mods+242)
07-21 17:04:09.033  6267  6267 F DEBUG   :     #14 pc 000067f9  /system/bin/linker (__dl__ZN6soinfo13call_functionEPKcPFvvE+84)
07-21 17:04:09.033  6267  6267 F DEBUG   :     #15 pc 00006717  /system/bin/linker (__dl__ZN6soinfo10call_arrayEPKcPPFvvEjb+186)
07-21 17:04:09.033  6267  6267 F DEBUG   :     #16 pc 000053ab  /system/bin/linker (__dl__ZN6soinfo17call_constructorsEv+222)
07-21 17:04:09.033  6267  6267 F DEBUG   :     #17 pc 00005147  /system/bin/linker (__dl__Z9do_dlopenPKciPK17android_dlextinfoPv+1358)
07-21 17:04:09.034  6267  6267 F DEBUG   :     #18 pc 00002e69  /system/bin/linker (__dl__ZL10dlopen_extPKciPK17android_dlextinfoPv+28)
07-21 17:04:09.034  6267  6267 F DEBUG   :     #19 pc 00003589  /system/lib/libnativeloader.so (_ZN7android17OpenNativeLibraryEP7_JNIEnviPKcP8_jobjectP8_jstring+96)
07-21 17:04:09.034  6267  6267 F DEBUG   :     #20 pc 002555b9  /system/lib/libart.so (_ZN3art9JavaVMExt17LoadNativeLibraryEP7_JNIEnvRKNSt3__112basic_stringIcNS3_11char_traitsIcEENS3_9allocatorIcEEEEP8_jobjectP8_jstringPS9_+748)
07-21 17:04:09.034  6267  6267 F DEBUG   :     #21 pc 00003437  /system/lib/libopenjdkjvm.so (JVM_NativeLoad+190)
07-21 17:04:09.034  6267  6267 F DEBUG   :     #22 pc 00583c75  /system/framework/arm/boot.oat (offset 0x51b000) (java.lang.Runtime.nativeLoad+144)
07-21 17:04:09.034  6267  6267 F DEBUG   :     #23 pc 005838b5  /system/framework/arm/boot.oat (offset 0x51b000) (java.lang.Runtime.doLoad+136)
07-21 17:04:09.034  6267  6267 F DEBUG   :     #24 pc 00584dc1  /system/framework/arm/boot.oat (offset 0x51b000) (java.lang.Runtime.loadLibrary0+540)
07-21 17:04:09.034  6267  6267 F DEBUG   :     #25 pc 0059d283  /system/framework/arm/boot.oat (offset 0x51b000) (java.lang.System.loadLibrary+78)
07-21 17:04:09.034  6267  6267 F DEBUG   :     #26 pc 000a9dc1  /system/lib/libart.so (art_quick_invoke_stub_internal+64)
07-21 17:04:09.034  6267  6267 F DEBUG   :     #27 pc 004314fb  /system/lib/libart.so (art_quick_invoke_static_stub+226)
07-21 17:04:09.034  6267  6267 F DEBUG   :     #28 pc 000b1623  /system/lib/libart.so (_ZN3art9ArtMethod6InvokeEPNS_6ThreadEPjjPNS_6JValueEPKc+186)
07-21 17:04:09.034  6267  6267 F DEBUG   :     #29 pc 00207881  /system/lib/libart.so (_ZN3art11interpreter34ArtInterpreterToCompiledCodeBridgeEPNS_6ThreadEPNS_9ArtMethodEPKNS_7DexFile8CodeItemEPNS_11ShadowFrameEPNS_6JValueE+200)
07-21 17:04:09.034  6267  6267 F DEBUG   :     #30 pc 002019e1  /system/lib/libart.so (_ZN3art11interpreter6DoCallILb0ELb0EEEbPNS_9ArtMethodEPNS_6ThreadERNS_11ShadowFrameEPKNS_11InstructionEtPNS_6JValueE+432)
07-21 17:04:09.034  6267  6267 F DEBUG   :     #31 pc 00429fe7  /system/lib/libart.so (MterpInvokeStatic+234)
07-21 17:04:09.034  6267  6267 F DEBUG   :     #32 pc 0009cd94  /system/lib/libart.so (ExecuteMterpImpl+14612)
07-21 17:04:09.034  6267  6267 F DEBUG   :     #33 pc 001e4bc7  /system/lib/libart.so (_ZN3art11interpreterL7ExecuteEPNS_6ThreadEPKNS_7DexFile8CodeItemERNS_11ShadowFrameENS_6JValueEb+282)
07-21 17:04:09.035  6267  6267 F DEBUG   :     #34 pc 001e95e5  /system/lib/libart.so (_ZN3art11interpreter30EnterInterpreterFromEntryPointEPNS_6ThreadEPKNS_7DexFile8CodeItemEPNS_11ShadowFrameE+92)
07-21 17:04:09.035  6267  6267 F DEBUG   :     #35 pc 004202f5  /system/lib/libart.so (artQuickToInterpreterBridge+748)
07-21 17:04:09.035  6267  6267 F DEBUG   :     #36 pc 000ae813  /system/lib/libart.so (art_quick_to_interpreter_bridge+34)
07-21 17:04:09.035  6267  6267 F DEBUG   :     #37 pc 000a9dc1  /system/lib/libart.so (art_quick_invoke_stub_internal+64)
07-21 17:04:09.035  6267  6267 F DEBUG   :     #38 pc 004314fb  /system/lib/libart.so (art_quick_invoke_static_stub+226)
07-21 17:04:09.035  6267  6267 F DEBUG   :     #39 pc 000b1623  /system/lib/libart.so (_ZN3art9ArtMethod6InvokeEPNS_6ThreadEPjjPNS_6JValueEPKc+186)
07-21 17:04:09.035  6267  6267 F DEBUG   :     #40 pc 000f395b  /system/lib/libart.so (_ZN3art11ClassLinker15InitializeClassEPNS_6ThreadENS_6HandleINS_6mirror5ClassEEEbb+3022)
07-21 17:04:09.035  6267  6267 F DEBUG   :     #41 pc 000de7ed  /system/lib/libart.so (_ZN3art11ClassLinker17EnsureInitializedEPNS_6ThreadENS_6HandleINS_6mirror5ClassEEEbb+120)
07-21 17:04:09.035  6267  6267 F DEBUG   :     #42 pc 002cbb13  /system/lib/libart.so (_ZN3artL17Class_newInstanceEP7_JNIEnvP8_jobject+1038)
07-21 17:04:09.035  6267  6267 F DEBUG   :     #43 pc 0056ba21  /system/framework/arm/boot.oat (offset 0x51b000) (java.lang.Class.newInstance+76)
07-21 17:04:09.035  6267  6267 F DEBUG   :     #44 pc 016b902d  /system/framework/arm/boot-framework.oat (offset 0x15bb000) (android.app.Instrumentation.newActivity+64)
07-21 17:04:09.035  6267  6267 F DEBUG   :     #45 pc 01642b73  /system/framework/arm/boot-framework.oat (offset 0x15bb000) (android.app.ActivityThread.performLaunchActivity+414)
07-21 17:04:09.035  6267  6267 F DEBUG   :     #46 pc 0163e005  /system/framework/arm/boot-framework.oat (offset 0x15bb000) (android.app.ActivityThread.handleLaunchActivity+176)
07-21 17:04:09.035  6267  6267 F DEBUG   :     #47 pc 01635579  /system/framework/arm/boot-framework.oat (offset 0x15bb000) (android.app.ActivityThread.-wrap12+60)
07-21 17:04:09.035  6267  6267 F DEBUG   :     #48 pc 0163353d  /system/framework/arm/boot-framework.oat (offset 0x15bb000) (android.app.ActivityThread$H.handleMessage+5488)
07-21 17:04:09.035  6267  6267 F DEBUG   :     #49 pc 0163088d  /system/framework/arm/boot-framework.oat (offset 0x15bb000) (android.os.Handler.dispatchMessage+112)
07-21 17:04:09.035  6267  6267 F DEBUG   :     #50 pc 01becadf  /system/framework/arm/boot-framework.oat (offset 0x15bb000) (android.os.Looper.loop+714)
07-21 17:04:09.035  6267  6267 F DEBUG   :     #51 pc 01641bf7  /system/framework/arm/boot-framework.oat (offset 0x15bb000) (android.app.ActivityThread.main+426)
07-21 17:04:09.035  6267  6267 F DEBUG   :     #52 pc 000a9dc1  /system/lib/libart.so (art_quick_invoke_stub_internal+64)
07-21 17:04:09.035  6267  6267 F DEBUG   :     #53 pc 004314fb  /system/lib/libart.so (art_quick_invoke_static_stub+226)
07-21 17:04:09.035  6267  6267 F DEBUG   :     #54 pc 000b1623  /system/lib/libart.so (_ZN3art9ArtMethod6InvokeEPNS_6ThreadEPjjPNS_6JValueEPKc+186)
07-21 17:04:09.035  6267  6267 F DEBUG   :     #55 pc 0033ee79  /system/lib/libart.so (_ZN3artL18InvokeWithArgArrayERKNS_33ScopedObjectAccessAlreadyRunnableEPNS_9ArtMethodEPNS_8ArgArrayEPNS_6JValueEPKc+56)
07-21 17:04:09.035  6267  6267 F DEBUG   :     #56 pc 003406bb  /system/lib/libart.so (_ZN3art12InvokeMethodERKNS_33ScopedObjectAccessAlreadyRunnableEP8_jobjectS4_S4_j+666)
07-21 17:04:09.035  6267  6267 F DEBUG   :     #57 pc 002d9d65  /system/lib/libart.so (_ZN3artL13Method_invokeEP7_JNIEnvP8_jobjectS3_S3_+40)
07-21 17:04:09.035  6267  6267 F DEBUG   :     #58 pc 005aebc9  /system/framework/arm/boot.oat (offset 0x51b000) (java.lang.reflect.Method.invoke+116)
07-21 17:04:09.035  6267  6267 F DEBUG   :     #59 pc 020e37a9  /system/framework/arm/boot-framework.oat (offset 0x15bb000) (com.android.internal.os.ZygoteInit$MethodAndArgsCaller.run+100)
07-21 17:04:09.035  6267  6267 F DEBUG   :     #60 pc 020e462f  /system/framework/arm/boot-framework.oat (offset 0x15bb000) (com.android.internal.os.ZygoteInit.main+1218)
07-21 17:04:09.035  6267  6267 F DEBUG   :     #61 pc 000a9dc1  /system/lib/libart.so (art_quick_invoke_stub_internal+64)
07-21 17:04:09.035  6267  6267 F DEBUG   :     #62 pc 004314fb  /system/lib/libart.so (art_quick_invoke_static_stub+226)
07-21 17:04:09.035  6267  6267 F DEBUG   :     #63 pc 000b1623  /system/lib/libart.so (_ZN3art9ArtMethod6InvokeEPNS_6ThreadEPjjPNS_6JValueEPKc+186)
07-21 17:04:09.784  1119  6278 W ActivityManager:   Force finishing activity com.beatgames.beatsaber/com.unity3d.player.UnityPlayerActivity
07-21 17:04:09.799  1119  1171 I BootReceiver: Copying /data/tombstones/tombstone_01 to DropBox (SYSTEM_TOMBSTONE)
07-21 17:04:09.861  1119  6278 W ActivityManager: Exception thrown during pause
07-21 17:04:09.861  1119  6278 W ActivityManager: android.os.DeadObjectException
07-21 17:04:09.861  1119  6278 W ActivityManager: 	at android.os.BinderProxy.transactNative(Native Method)
07-21 17:04:09.861  1119  6278 W ActivityManager: 	at android.os.BinderProxy.transact(Binder.java:615)
07-21 17:04:09.861  1119  6278 W ActivityManager: 	at android.app.ApplicationThreadProxy.schedulePauseActivity(ApplicationThreadNative.java:785)
07-21 17:04:09.861  1119  6278 W ActivityManager: 	at com.android.server.am.ActivityStack.startPausingLocked(ActivityStack.java:1196)
07-21 17:04:09.861  1119  6278 W ActivityManager: 	at com.android.server.am.ActivityStack.finishActivityLocked(ActivityStack.java:3690)
07-21 17:04:09.861  1119  6278 W ActivityManager: 	at com.android.server.am.ActivityStack.finishTopRunningActivityLocked(ActivityStack.java:3526)
07-21 17:04:09.861  1119  6278 W ActivityManager: 	at com.android.server.am.ActivityStackSupervisor.finishTopRunningActivityLocked(ActivityStackSupervisor.java:1866)
07-21 17:04:09.861  1119  6278 W ActivityManager: 	at com.android.server.am.AppErrors.handleAppCrashLocked(AppErrors.java:621)
07-21 17:04:09.861  1119  6278 W ActivityManager: 	at com.android.server.am.AppErrors.makeAppCrashingLocked(AppErrors.java:479)
07-21 17:04:09.861  1119  6278 W ActivityManager: 	at com.android.server.am.AppErrors.crashApplicationInner(AppErrors.java:355)
07-21 17:04:09.861  1119  6278 W ActivityManager: 	at com.android.server.am.AppErrors.crashApplication(AppErrors.java:307)
07-21 17:04:09.861  1119  6278 W ActivityManager: 	at com.android.server.am.ActivityManagerService.handleApplicationCrashInner(ActivityManagerService.java:13683)
07-21 17:04:09.861  1119  6278 W ActivityManager: 	at com.android.server.am.NativeCrashListener$NativeCrashReporter.run(NativeCrashListener.java:86)
07-21 17:04:09.873  1119  6278 W ActivityManager: Failed setting process group of 6247 to 1
07-21 17:04:09.898  1119  1240 I ActivityManager: Process com.beatgames.beatsaber (pid 6247) has died
07-21 17:04:09.898  1119  1240 D ActivityManager: cleanUpApplicationRecord -- 6247
07-21 17:04:10.061  1119  1464 W InputMethodManagerService: Window already focused, ignoring focus gain of: com.android.internal.view.IInputMethodClient$Stub$Proxy@4485d7d attribute=null, token = android.os.BinderProxy@51af5d8
07-21 17:04:10.156  1119  1433 I ActivityManager: Start proc 6286:com.oculus.vrshell.home:explore/u0a48 for service com.oculus.vrshell.home/.ExploreService
07-21 17:04:10.427  1119  1168 W ContextImpl: Calling a method in the system process without a qualified user: android.app.ContextImpl.bindService:1421 android.content.ContextWrapper.bindService:636 android.content.ContextWrapper.bindService:636 com.oculus.vrapi.LoggingService.bind:102 oculus.internal.ui.VrBase.nativeOnCreate:-2 
07-21 17:04:10.471  1119  1168 W ContextImpl: Calling a method in the system process without a qualified user: android.app.ContextImpl.startService:1357 android.content.ContextWrapper.startService:613 android.content.ContextWrapper.startService:613 com.oculus.vrapi.VrRuntimeClient.initialize:120 oculus.internal.ui.VrBase.nativeOnCreate:-2 
07-21 17:04:10.473  1119  1168 W ContextImpl: Calling a method in the system process without a qualified user: android.app.ContextImpl.startService:1357 android.content.ContextWrapper.startService:613 android.content.ContextWrapper.startService:613 com.oculus.vrapi.VrRuntimeClient.EnsureRuntimeService:282 com.oculus.vrapi.VrRuntimeClient.connectToService:382 
07-21 17:04:10.598  1119  1168 I ActivityManager: START u0 {act=android.intent.action.MAIN cat=[android.intent.category.LAUNCHER] flg=0x10000000 pkg=com.oculus.os.clearactivity cmp=com.oculus.os.clearactivity/.ClearActivity (has extras)} from uid 1000 on display 0
07-21 17:04:10.755  1119  6300 W ContextImpl: Calling a method in the system process without a qualified user: android.app.ContextImpl.startService:1357 android.content.ContextWrapper.startService:613 android.content.ContextWrapper.startService:613 com.oculus.vrapi.ScreenCaptureHelper.advertiseStreamablePackage:54 <bottom of call stack> 
07-21 17:04:11.117  1119  1167 W ActivityManager: Activity pause timeout for ActivityRecord{1e39b51 u0 com.oculus.vrshell/.MainActivity t46}
07-21 17:04:11.139  1119  1167 I ActivityManager: Start proc 6315:com.oculus.os.clearactivity/1000 for activity com.oculus.os.clearactivity/.ClearActivity
07-21 17:04:11.411  1119  1173 D BluetoothManagerService: Message: 20
07-21 17:04:11.411  1119  1173 D BluetoothManagerService: Added callback: android.bluetooth.IBluetoothManagerCallback$Stub$Proxy@bb45f71:true
07-21 17:04:13.693  1119  6278 W ActivityManager: Ignoring remove of inactive process: ProcessRecord{9c335d7 0:com.beatgames.beatsaber/u0a69}
07-21 17:04:13.785  1119  1174 W AppOps  : Finishing op nesting under-run: uid 1000 pkg android code 24 time=0 duration=0 nesting=0
07-21 17:04:13.828  1119  1168 I ActivityManager: START u0 {act=com.oculus.os.clearactivity.FINISH cat=[android.intent.category.LAUNCHER] flg=0x10000000 pkg=com.oculus.os.clearactivity cmp=com.oculus.os.clearactivity/.ClearActivity (has extras)} from uid 1000 on display 0
07-21 17:04:59.565  1119  1170 E BatteryStatsService: no controller energy info supplied
07-21 17:04:59.577  1119  1170 E BatteryStatsService: no controller energy info supplied
07-21 17:05:09.532  1119  1489 I ActivityManager: START u0 {act=android.intent.action.MAIN cat=[android.intent.category.INFO] flg=0x10010000 pkg=com.beatgames.beatsaber cmp=com.beatgames.beatsaber/com.unity3d.player.UnityPlayerActivity (has extras)} from uid 10024 on display 0
07-21 17:05:09.741  1119  1540 I ActivityManager: Process com.oculus.vrshell.home:explore (pid 6286) has died
07-21 17:05:09.741  1119  1540 D ActivityManager: cleanUpApplicationRecord -- 6286
07-21 17:05:10.038  1119  1167 W ActivityManager: Activity pause timeout for ActivityRecord{1e39b51 u0 com.oculus.vrshell/.MainActivity t46}
07-21 17:05:10.056  1119  1167 I ActivityManager: Start proc 6460:com.beatgames.beatsaber/u0a69 for activity com.beatgames.beatsaber/com.unity3d.player.UnityPlayerActivity
