07-21 17:18:01.123  7087  7087 F DEBUG   : signal 11 (SIGSEGV), code 1 (SEGV_MAPERR), fault addr 0x3
07-21 17:18:01.123  7087  7087 F DEBUG   :     r0 00000003  r1 ef1a35c4  r2 00000001  r3 80000000
07-21 17:18:01.123  7087  7087 F DEBUG   :     r4 00000000  r5 ead2c0d8  r6 eedae1d0  r7 00000003
07-21 17:18:01.123  7087  7087 F DEBUG   :     r8 ef18fe20  r9 ef1a05f0  sl ef18fe0f  fp eedae1d0
07-21 17:18:01.123  7087  7087 F DEBUG   :     ip eac0a000  sp ffbde8d0  lr eadc9b54  pc eadc8584  cpsr 200f0010
07-21 17:18:01.892  7087  7087 F DEBUG   : 
07-21 17:18:01.892  7087  7087 F DEBUG   : backtrace:
07-21 17:18:01.893  7087  7087 F DEBUG   :     #00 pc 000a0584  /data/data/com.beatgames.beatsaber/cache/curmod.so
07-21 17:18:01.893  7087  7087 F DEBUG   :     #01 pc 0001cba8  /data/data/com.beatgames.beatsaber/cache/curmod.so
07-21 17:18:01.893  7087  7087 F DEBUG   :     #02 pc 00021d40  /data/data/com.beatgames.beatsaber/cache/curmod.so
07-21 17:18:01.893  7087  7087 F DEBUG   :     #03 pc 0001e6ac  /data/data/com.beatgames.beatsaber/cache/curmod.so
07-21 17:18:01.893  7087  7087 F DEBUG   :     #04 pc 0001e5e0  /data/data/com.beatgames.beatsaber/cache/curmod.so
07-21 17:18:01.893  7087  7087 F DEBUG   :     #05 pc 0001ca28  /data/data/com.beatgames.beatsaber/cache/curmod.so
07-21 17:18:01.893  7087  7087 F DEBUG   :     #06 pc 000042c4  /data/data/com.beatgames.beatsaber/cache/curmod.so
07-21 17:18:01.893  7087  7087 F DEBUG   :     #07 pc 000040ec  /data/data/com.beatgames.beatsaber/cache/curmod.so
07-21 17:18:01.893  7087  7087 F DEBUG   :     #08 pc 000067f9  /system/bin/linker (__dl__ZN6soinfo13call_functionEPKcPFvvE+84)
07-21 17:18:01.893  7087  7087 F DEBUG   :     #09 pc 00006717  /system/bin/linker (__dl__ZN6soinfo10call_arrayEPKcPPFvvEjb+186)
07-21 17:18:01.893  7087  7087 F DEBUG   :     #10 pc 000053ab  /system/bin/linker (__dl__ZN6soinfo17call_constructorsEv+222)
07-21 17:18:01.893  7087  7087 F DEBUG   :     #11 pc 00005147  /system/bin/linker (__dl__Z9do_dlopenPKciPK17android_dlextinfoPv+1358)
07-21 17:18:01.893  7087  7087 F DEBUG   :     #12 pc 00002e69  /system/bin/linker (__dl__ZL10dlopen_extPKciPK17android_dlextinfoPv+28)
07-21 17:18:01.893  7087  7087 F DEBUG   :     #13 pc 000018eb  /data/app/com.beatgames.beatsaber-1/lib/arm/libmodloader.so (load_mods+242)
07-21 17:18:01.893  7087  7087 F DEBUG   :     #14 pc 000067f9  /system/bin/linker (__dl__ZN6soinfo13call_functionEPKcPFvvE+84)
07-21 17:18:01.893  7087  7087 F DEBUG   :     #15 pc 00006717  /system/bin/linker (__dl__ZN6soinfo10call_arrayEPKcPPFvvEjb+186)
07-21 17:18:01.893  7087  7087 F DEBUG   :     #16 pc 000053ab  /system/bin/linker (__dl__ZN6soinfo17call_constructorsEv+222)
07-21 17:18:01.893  7087  7087 F DEBUG   :     #17 pc 00005147  /system/bin/linker (__dl__Z9do_dlopenPKciPK17android_dlextinfoPv+1358)
07-21 17:18:01.893  7087  7087 F DEBUG   :     #18 pc 00002e69  /system/bin/linker (__dl__ZL10dlopen_extPKciPK17android_dlextinfoPv+28)
07-21 17:18:01.893  7087  7087 F DEBUG   :     #19 pc 00003589  /system/lib/libnativeloader.so (_ZN7android17OpenNativeLibraryEP7_JNIEnviPKcP8_jobjectP8_jstring+96)
07-21 17:18:01.895  7087  7087 F DEBUG   :     #20 pc 002555b9  /system/lib/libart.so (_ZN3art9JavaVMExt17LoadNativeLibraryEP7_JNIEnvRKNSt3__112basic_stringIcNS3_11char_traitsIcEENS3_9allocatorIcEEEEP8_jobjectP8_jstringPS9_+748)
07-21 17:18:01.895  7087  7087 F DEBUG   :     #21 pc 00003437  /system/lib/libopenjdkjvm.so (JVM_NativeLoad+190)
07-21 17:18:01.895  7087  7087 F DEBUG   :     #22 pc 00583c75  /system/framework/arm/boot.oat (offset 0x51b000) (java.lang.Runtime.nativeLoad+144)
07-21 17:18:01.895  7087  7087 F DEBUG   :     #23 pc 005838b5  /system/framework/arm/boot.oat (offset 0x51b000) (java.lang.Runtime.doLoad+136)
07-21 17:18:01.895  7087  7087 F DEBUG   :     #24 pc 00584dc1  /system/framework/arm/boot.oat (offset 0x51b000) (java.lang.Runtime.loadLibrary0+540)
07-21 17:18:01.895  7087  7087 F DEBUG   :     #25 pc 0059d283  /system/framework/arm/boot.oat (offset 0x51b000) (java.lang.System.loadLibrary+78)
07-21 17:18:01.895  7087  7087 F DEBUG   :     #26 pc 000a9dc1  /system/lib/libart.so (art_quick_invoke_stub_internal+64)
07-21 17:18:01.895  7087  7087 F DEBUG   :     #27 pc 004314fb  /system/lib/libart.so (art_quick_invoke_static_stub+226)
07-21 17:18:01.895  7087  7087 F DEBUG   :     #28 pc 000b1623  /system/lib/libart.so (_ZN3art9ArtMethod6InvokeEPNS_6ThreadEPjjPNS_6JValueEPKc+186)
07-21 17:18:01.895  7087  7087 F DEBUG   :     #29 pc 00207881  /system/lib/libart.so (_ZN3art11interpreter34ArtInterpreterToCompiledCodeBridgeEPNS_6ThreadEPNS_9ArtMethodEPKNS_7DexFile8CodeItemEPNS_11ShadowFrameEPNS_6JValueE+200)
07-21 17:18:01.895  7087  7087 F DEBUG   :     #30 pc 002019e1  /system/lib/libart.so (_ZN3art11interpreter6DoCallILb0ELb0EEEbPNS_9ArtMethodEPNS_6ThreadERNS_11ShadowFrameEPKNS_11InstructionEtPNS_6JValueE+432)
07-21 17:18:01.895  7087  7087 F DEBUG   :     #31 pc 00429fe7  /system/lib/libart.so (MterpInvokeStatic+234)
07-21 17:18:01.895  7087  7087 F DEBUG   :     #32 pc 0009cd94  /system/lib/libart.so (ExecuteMterpImpl+14612)
07-21 17:18:01.895  7087  7087 F DEBUG   :     #33 pc 001e4bc7  /system/lib/libart.so (_ZN3art11interpreterL7ExecuteEPNS_6ThreadEPKNS_7DexFile8CodeItemERNS_11ShadowFrameENS_6JValueEb+282)
07-21 17:18:01.895  7087  7087 F DEBUG   :     #34 pc 001e95e5  /system/lib/libart.so (_ZN3art11interpreter30EnterInterpreterFromEntryPointEPNS_6ThreadEPKNS_7DexFile8CodeItemEPNS_11ShadowFrameE+92)
07-21 17:18:01.895  7087  7087 F DEBUG   :     #35 pc 004202f5  /system/lib/libart.so (artQuickToInterpreterBridge+748)
07-21 17:18:01.895  7087  7087 F DEBUG   :     #36 pc 000ae813  /system/lib/libart.so (art_quick_to_interpreter_bridge+34)
07-21 17:18:01.895  7087  7087 F DEBUG   :     #37 pc 000a9dc1  /system/lib/libart.so (art_quick_invoke_stub_internal+64)
07-21 17:18:01.895  7087  7087 F DEBUG   :     #38 pc 004314fb  /system/lib/libart.so (art_quick_invoke_static_stub+226)
07-21 17:18:01.895  7087  7087 F DEBUG   :     #39 pc 000b1623  /system/lib/libart.so (_ZN3art9ArtMethod6InvokeEPNS_6ThreadEPjjPNS_6JValueEPKc+186)
07-21 17:18:01.895  7087  7087 F DEBUG   :     #40 pc 000f395b  /system/lib/libart.so (_ZN3art11ClassLinker15InitializeClassEPNS_6ThreadENS_6HandleINS_6mirror5ClassEEEbb+3022)
07-21 17:18:01.895  7087  7087 F DEBUG   :     #41 pc 000de7ed  /system/lib/libart.so (_ZN3art11ClassLinker17EnsureInitializedEPNS_6ThreadENS_6HandleINS_6mirror5ClassEEEbb+120)
07-21 17:18:01.895  7087  7087 F DEBUG   :     #42 pc 002cbb13  /system/lib/libart.so (_ZN3artL17Class_newInstanceEP7_JNIEnvP8_jobject+1038)
07-21 17:18:01.896  7087  7087 F DEBUG   :     #43 pc 0056ba21  /system/framework/arm/boot.oat (offset 0x51b000) (java.lang.Class.newInstance+76)
07-21 17:18:01.896  7087  7087 F DEBUG   :     #44 pc 016b902d  /system/framework/arm/boot-framework.oat (offset 0x15bb000) (android.app.Instrumentation.newActivity+64)
07-21 17:18:01.896  7087  7087 F DEBUG   :     #45 pc 01642b73  /system/framework/arm/boot-framework.oat (offset 0x15bb000) (android.app.ActivityThread.performLaunchActivity+414)
07-21 17:18:01.896  7087  7087 F DEBUG   :     #46 pc 0163e005  /system/framework/arm/boot-framework.oat (offset 0x15bb000) (android.app.ActivityThread.handleLaunchActivity+176)
07-21 17:18:01.896  7087  7087 F DEBUG   :     #47 pc 01635579  /system/framework/arm/boot-framework.oat (offset 0x15bb000) (android.app.ActivityThread.-wrap12+60)
07-21 17:18:01.896  7087  7087 F DEBUG   :     #48 pc 0163353d  /system/framework/arm/boot-framework.oat (offset 0x15bb000) (android.app.ActivityThread$H.handleMessage+5488)
07-21 17:18:01.896  7087  7087 F DEBUG   :     #49 pc 0163088d  /system/framework/arm/boot-framework.oat (offset 0x15bb000) (android.os.Handler.dispatchMessage+112)
07-21 17:18:01.896  7087  7087 F DEBUG   :     #50 pc 01becadf  /system/framework/arm/boot-framework.oat (offset 0x15bb000) (android.os.Looper.loop+714)
07-21 17:18:01.896  7087  7087 F DEBUG   :     #51 pc 01641bf7  /system/framework/arm/boot-framework.oat (offset 0x15bb000) (android.app.ActivityThread.main+426)
07-21 17:18:01.896  7087  7087 F DEBUG   :     #52 pc 000a9dc1  /system/lib/libart.so (art_quick_invoke_stub_internal+64)
07-21 17:18:01.896  7087  7087 F DEBUG   :     #53 pc 004314fb  /system/lib/libart.so (art_quick_invoke_static_stub+226)
07-21 17:18:01.896  7087  7087 F DEBUG   :     #54 pc 000b1623  /system/lib/libart.so (_ZN3art9ArtMethod6InvokeEPNS_6ThreadEPjjPNS_6JValueEPKc+186)
07-21 17:18:01.896  7087  7087 F DEBUG   :     #55 pc 0033ee79  /system/lib/libart.so (_ZN3artL18InvokeWithArgArrayERKNS_33ScopedObjectAccessAlreadyRunnableEPNS_9ArtMethodEPNS_8ArgArrayEPNS_6JValueEPKc+56)
07-21 17:18:01.896  7087  7087 F DEBUG   :     #56 pc 003406bb  /system/lib/libart.so (_ZN3art12InvokeMethodERKNS_33ScopedObjectAccessAlreadyRunnableEP8_jobjectS4_S4_j+666)
07-21 17:18:01.896  7087  7087 F DEBUG   :     #57 pc 002d9d65  /system/lib/libart.so (_ZN3artL13Method_invokeEP7_JNIEnvP8_jobjectS3_S3_+40)
07-21 17:18:01.896  7087  7087 F DEBUG   :     #58 pc 005aebc9  /system/framework/arm/boot.oat (offset 0x51b000) (java.lang.reflect.Method.invoke+116)
07-21 17:18:01.896  7087  7087 F DEBUG   :     #59 pc 020e37a9  /system/framework/arm/boot-framework.oat (offset 0x15bb000) (com.android.internal.os.ZygoteInit$MethodAndArgsCaller.run+100)
07-21 17:18:01.896  7087  7087 F DEBUG   :     #60 pc 020e462f  /system/framework/arm/boot-framework.oat (offset 0x15bb000) (com.android.internal.os.ZygoteInit.main+1218)
07-21 17:18:01.896  7087  7087 F DEBUG   :     #61 pc 000a9dc1  /system/lib/libart.so (art_quick_invoke_stub_internal+64)
07-21 17:18:01.896  7087  7087 F DEBUG   :     #62 pc 004314fb  /system/lib/libart.so (art_quick_invoke_static_stub+226)
07-21 17:18:01.896  7087  7087 F DEBUG   :     #63 pc 000b1623  /system/lib/libart.so (_ZN3art9ArtMethod6InvokeEPNS_6ThreadEPjjPNS_6JValueEPKc+186)
07-21 17:18:02.381  1119  7090 W ActivityManager:   Force finishing activity com.beatgames.beatsaber/com.unity3d.player.UnityPlayerActivity
07-21 17:18:02.400  1119  1171 I BootReceiver: Copying /data/tombstones/tombstone_05 to DropBox (SYSTEM_TOMBSTONE)
07-21 17:18:02.403  1119  1464 I ActivityManager: Process com.beatgames.beatsaber (pid 7069) has died
07-21 17:18:02.403  1119  1464 D ActivityManager: cleanUpApplicationRecord -- 7069
07-21 17:18:02.471  1119  1168 W ContextImpl: Calling a method in the system process without a qualified user: android.app.ContextImpl.startService:1357 android.content.ContextWrapper.startService:613 android.content.ContextWrapper.startService:613 com.oculus.vrapi.VrRuntimeClient.initialize:120 oculus.internal.ui.VrBase.nativeOnCreate:-2 
07-21 17:18:02.472  1119  1168 W ContextImpl: Calling a method in the system process without a qualified user: android.app.ContextImpl.startService:1357 android.content.ContextWrapper.startService:613 android.content.ContextWrapper.startService:613 com.oculus.vrapi.VrRuntimeClient.EnsureRuntimeService:282 com.oculus.vrapi.VrRuntimeClient.connectToService:382 
07-21 17:18:02.539  1119  1168 I ActivityManager: START u0 {act=android.intent.action.MAIN cat=[android.intent.category.LAUNCHER] flg=0x10000000 pkg=com.oculus.os.clearactivity cmp=com.oculus.os.clearactivity/.ClearActivity (has extras)} from uid 1000 on display 0
07-21 17:18:02.558  1119  1519 W InputMethodManagerService: Window already focused, ignoring focus gain of: com.android.internal.view.IInputMethodClient$Stub$Proxy@7942f0a attribute=null, token = android.os.BinderProxy@51af5d8
07-21 17:18:02.627  1119  7097 W ContextImpl: Calling a method in the system process without a qualified user: android.app.ContextImpl.startService:1357 android.content.ContextWrapper.startService:613 android.content.ContextWrapper.startService:613 com.oculus.vrapi.ScreenCaptureHelper.advertiseStreamablePackage:54 <bottom of call stack> 
07-21 17:18:02.645  1119  1492 I ActivityManager: Start proc 7099:com.oculus.vrshell.home:explore/u0a48 for service com.oculus.vrshell.home/.ExploreService
07-21 17:18:03.051  1119  1167 W ActivityManager: Activity pause timeout for ActivityRecord{1e39b51 u0 com.oculus.vrshell/.MainActivity t46}
07-21 17:18:04.198  1119  1173 D BluetoothManagerService: Message: 20
07-21 17:18:04.198  1119  1173 D BluetoothManagerService: Added callback: android.bluetooth.IBluetoothManagerCallback$Stub$Proxy@d701a3f:true
07-21 17:23:02.439  1119  7090 W ActivityManager: Ignoring remove of inactive process: ProcessRecord{4bfd33c 0:com.beatgames.beatsaber/u0a69}
07-21 17:23:02.534  1119  1174 W AppOps  : Finishing op nesting under-run: uid 1000 pkg android code 24 time=0 duration=0 nesting=0
07-21 17:23:02.616  1119  1168 I ActivityManager: START u0 {act=com.oculus.os.clearactivity.FINISH cat=[android.intent.category.LAUNCHER] flg=0x10000000 pkg=com.oculus.os.clearactivity cmp=com.oculus.os.clearactivity/.ClearActivity (has extras)} from uid 1000 on display 0
07-21 17:33:06.488  1119  1519 I PowerManagerService: Going to sleep by application request (uid 1000)...
07-21 17:33:06.488  1119  1176 I PowerManagerService: Sleeping (uid 1000)...
07-21 17:33:06.536  1119  1174 I DisplayManagerService: Display device changed state: "Built-in Screen", OFF
07-21 17:34:59.448  1119  1170 E BatteryStatsService: no controller energy info supplied
07-21 17:34:59.459  1119  1170 E BatteryStatsService: no controller energy info supplied
07-21 17:36:20.374  1119  1166 I UsageStatsService: User[0] Flushing usage stats to disk
07-21 17:37:00.005  1119  1167 I ProcessStatsService: Prepared write state in 2ms
07-21 17:38:42.264  1119  1540 I PowerManagerService: Waking up from sleep (uid 1000)...
07-21 17:38:42.265  1119  1176 I DisplayPowerController: Blocking screen on until initial contents have been drawn.
07-21 17:38:42.286  1119  1174 I DisplayManagerService: Display device changed state: "Built-in Screen", ON
07-21 17:38:42.635  1119  1176 I DisplayPowerController: Unblocked screen on after 370 ms
07-21 17:38:51.419  1119  1559 I ActivityManager: START u0 {act=android.intent.action.MAIN cat=[android.intent.category.INFO] flg=0x10010000 pkg=com.beatgames.beatsaber cmp=com.beatgames.beatsaber/com.unity3d.player.UnityPlayerActivity (has extras)} from uid 10024 on display 0
07-21 17:38:51.649  1119  1492 I ActivityManager: Process com.oculus.vrshell.home:explore (pid 7099) has died
07-21 17:38:51.650  1119  1492 D ActivityManager: cleanUpApplicationRecord -- 7099
07-21 17:38:51.924  1119  1167 W ActivityManager: Activity pause timeout for ActivityRecord{1e39b51 u0 com.oculus.vrshell/.MainActivity t46}
07-21 17:38:51.943  1119  1167 I ActivityManager: Start proc 7481:com.beatgames.beatsaber/u0a69 for activity com.beatgames.beatsaber/com.unity3d.player.UnityPlayerActivity
07-21 17:43:24.602   712  7377 I [CT]    : VIPER: Status=6DoF,VALIDATING,KF=4,Inl=21,Pts=249,Jit=0.3mm,Issues(Cam/min=0.0,IMU/min=0.0),Exp=(14.0ms,g=15,I=25)(14.0ms,g=15,I=55)(14.0ms,g=15,I=47)(14.0ms,g=15,I=74),Feat=nan
07-21 17:43:24.829  7481  7533 I UtilPoller: GPU Util 0.350563 / CPU Util 0.140000 (avg 0.122532)
07-21 17:43:25.076   718   718 D wifi_sig_helper: Wifi rssi: -45	
07-21 17:43:25.155  7481  7532 I VrApi   : FPS=72,Prd=44ms,Tear=0,Early=6,Stale=0,VSnc=1,Lat=1,Fov=0,CPU4/GPU=4/4,2304/670MHz,OC=FF,TA=0/0/0,SP=N/N/N,Mem=1804MHz,Free=1784MB,PSM=0,PLS=0,Temp=36.0C/0.0C,TW=2.56ms,App=4.83ms,GD=1.77ms
07-21 17:43:25.472   712  7376 I [CT]    : MANAGEMENT:CONSTELLATION: Status=GREEN,, Obj=2083538823622510505,6DOF=0,3DOF=1,Issues(Cam/min=  0,IMU/min=0), Obj=1330907301555498001,6DOF=1,FusJit=0.0mm,Issues(Cam/min=  0,IMU/min=0)
07-21 17:43:25.831  7481  7533 I UtilPoller: GPU Util 0.353183 / CPU Util 0.158416 (avg 0.138138)
07-21 17:43:26.088   718   718 D wifi_sig_helper: Wifi rssi: -44	
07-21 17:43:26.154  7481  7532 I VrApi   : FPS=72,Prd=44ms,Tear=0,Early=6,Stale=0,VSnc=1,Lat=1,Fov=0,CPU4/GPU=4/4,2304/670MHz,OC=FF,TA=0/0/0,SP=N/N/N,Mem=1804MHz,Free=1784MB,PSM=0,PLS=0,Temp=36.0C/0.0C,TW=2.56ms,App=4.83ms,GD=1.77ms
07-21 17:43:26.834  7481  7533 I UtilPoller: GPU Util 0.352390 / CPU Util 0.153061 (avg 0.125582)
07-21 17:43:27.100   718   718 D wifi_sig_helper: Wifi rssi: -46	
07-21 17:43:27.155  7481  7532 I VrApi   : FPS=72,Prd=44ms,Tear=0,Early=6,Stale=0,VSnc=1,Lat=1,Fov=0,CPU4/GPU=4/4,2304/670MHz,OC=FF,TA=0/0/0,SP=N/N/N,Mem=1804MHz,Free=1784MB,PSM=0,PLS=0,Temp=36.0C/0.0C,TW=2.56ms,App=4.77ms,GD=1.77ms
07-21 17:43:27.569   712  7377 I [CT]    : Viper:Map_Manager: State: TRACKING_TRANSIENT, UUID=a4b7383b-8676-43f4-a41b-9afc238f75ff, Num. Persistent maps = 5, Transient maps:a4b7383b-8676-43f4-a41b-9afc238f75ff, Persistent maps:2aeb8db3-70a9-42f9-8c62-0262073d2436,cb1c403c-024c-4c03-a6a8-0a32ef5ae596,767f5bfb-ef08-4d34-8d03-b01fb143f3ac,8ecd4733-9a52-4612-9892-d700a0f6b5e9,c9887011-ff78-42e0-9d83-b2fd7c581b9c,, Ser. Disabled = 00000000-0000-0000-0000-000000000000
07-21 17:43:27.602   712  7377 I [CT]    : VIPER: Status=6DoF,VALIDATING,KF=4,Inl=18,Pts=249,Jit=0.3mm,Issues(Cam/min=0.0,IMU/min=0.0),Exp=(14.0ms,g=15,I=25)(14.0ms,g=15,I=55)(14.0ms,g=15,I=47)(14.0ms,g=15,I=74),Feat=nan
07-21 17:43:27.836  7481  7533 I UtilPoller: GPU Util 0.352035 / CPU Util 0.165049 (avg 0.145764)
07-21 17:43:28.103   718   718 D wifi_sig_helper: Wifi rssi: -45	
07-21 17:43:28.155  7481  7532 I VrApi   : FPS=72,Prd=44ms,Tear=0,Early=6,Stale=0,VSnc=1,Lat=1,Fov=0,CPU4/GPU=4/4,2304/670MHz,OC=FF,TA=0/0/0,SP=N/N/N,Mem=1804MHz,Free=1784MB,PSM=0,PLS=0,Temp=36.0C/0.0C,TW=2.56ms,App=4.73ms,GD=1.77ms
07-21 17:43:28.406   712  7376 W [CT]    : CONSTELLATION: L: Cam ahead of IMU: 0.037 ms
07-21 17:43:28.472   712  7376 I [CT]    : MANAGEMENT:CONSTELLATION: Status=GREEN,, Obj=2083538823622510505,6DOF=0,3DOF=1,Issues(Cam/min=  0,IMU/min=0), Obj=1330907301555498001,6DOF=1,FusJit=0.1mm,Issues(Cam/min=  0,IMU/min=0)
07-21 17:43:28.705   712  7376 W [CT]    : CONSTELLATION: L: Cam ahead of IMU: 1.935 ms
07-21 17:43:28.705   712  7376 W [CT]    : CONSTELLATION: R: Cam ahead of IMU: 0.987 ms
07-21 17:43:28.839  7481  7533 I UtilPoller: GPU Util 0.353322 / CPU Util 0.166667 (avg 0.129426)
07-21 17:43:28.972   712  7376 W [CT]    : CONSTELLATION: L: Cam ahead of IMU: 0.488 ms
07-21 17:43:29.115   718   718 D wifi_sig_helper: Wifi rssi: -45	
07-21 17:43:29.155  7481  7532 I VrApi   : FPS=72,Prd=44ms,Tear=0,Early=6,Stale=0,VSnc=1,Lat=1,Fov=0,CPU4/GPU=4/4,2304/670MHz,OC=FF,TA=0/0/0,SP=N/N/N,Mem=1804MHz,Free=1784MB,PSM=0,PLS=0,Temp=36.0C/0.0C,TW=2.56ms,App=4.81ms,GD=1.77ms
07-21 17:43:29.239   712  7376 W [CT]    : CONSTELLATION: R: Cam ahead of IMU: 0.749 ms
07-21 17:43:29.841  7481  7533 I UtilPoller: GPU Util 0.353407 / CPU Util 0.151515 (avg 0.132006)
07-21 17:43:30.126   718   718 D wifi_sig_helper: Wifi rssi: -46	
07-21 17:43:30.155  7481  7532 I VrApi   : FPS=72,Prd=44ms,Tear=0,Early=6,Stale=0,VSnc=1,Lat=1,Fov=0,CPU4/GPU=4/4,2304/670MHz,OC=FF,TA=0/0/0,SP=N/N/N,Mem=1804MHz,Free=1784MB,PSM=0,PLS=0,Temp=36.0C/0.0C,TW=2.56ms,App=4.80ms,GD=1.77ms
07-21 17:43:30.406   712  7376 W [CT]    : CONSTELLATION: R: Cam ahead of IMU: 0.418 ms
07-21 17:43:30.569   712  7377 I [CT]    : Viper:Map_Manager: State: TRACKING_TRANSIENT, UUID=a4b7383b-8676-43f4-a41b-9afc238f75ff, Num. Persistent maps = 5, Transient maps:a4b7383b-8676-43f4-a41b-9afc238f75ff, Persistent maps:2aeb8db3-70a9-42f9-8c62-0262073d2436,cb1c403c-024c-4c03-a6a8-0a32ef5ae596,767f5bfb-ef08-4d34-8d03-b01fb143f3ac,8ecd4733-9a52-4612-9892-d700a0f6b5e9,c9887011-ff78-42e0-9d83-b2fd7c581b9c,, Ser. Disabled = 00000000-0000-0000-0000-000000000000
07-21 17:43:30.601   712  7377 I [CT]    : VIPER: Status=6DoF,VALIDATING,KF=4,Inl=20,Pts=249,Jit=0.3mm,Issues(Cam/min=0.0,IMU/min=0.0),Exp=(14.0ms,g=15,I=25)(14.0ms,g=15,I=55)(14.0ms,g=15,I=47)(14.0ms,g=15,I=74),Feat=nan
07-21 17:43:30.843  7481  7533 I UtilPoller: GPU Util 0.352015 / CPU Util 0.148515 (avg 0.134583)
07-21 17:43:31.138   718   718 D wifi_sig_helper: Wifi rssi: -45	
07-21 17:43:31.155  7481  7532 I VrApi   : FPS=72,Prd=44ms,Tear=0,Early=6,Stale=0,VSnc=1,Lat=1,Fov=0,CPU4/GPU=4/4,2304/670MHz,OC=FF,TA=0/0/0,SP=N/N/N,Mem=1804MHz,Free=1784MB,PSM=0,PLS=0,Temp=36.0C/0.0C,TW=2.56ms,App=4.79ms,GD=1.77ms
07-21 17:43:31.472   712  7376 I [CT]    : MANAGEMENT:CONSTELLATION: Status=GREEN,, Obj=2083538823622510505,6DOF=0,3DOF=1,Issues(Cam/min=  0,IMU/min=0), Obj=1330907301555498001,6DOF=1,FusJit=0.1mm,Issues(Cam/min=  0,IMU/min=0)
07-21 17:43:31.846  7481  7533 I UtilPoller: GPU Util 0.352014 / CPU Util 0.135417 (avg 0.126359)
07-21 17:43:31.902   712  7377 W [CT]    : VIPER:SWE: Accel bias estimates exceed initial 3-sigma uncertainty:  Value: 0.446567 0.0187187 0.265487  norm_sq: 0.270256 3sigma: 0.27
07-21 17:43:32.154   718   718 D wifi_sig_helper: Wifi rssi: -45	
07-21 17:43:32.157  7481  7532 I VrApi   : FPS=72,Prd=44ms,Tear=0,Early=6,Stale=0,VSnc=1,Lat=1,Fov=0,CPU4/GPU=4/4,2304/670MHz,OC=FF,TA=0/0/0,SP=N/N/N,Mem=1804MHz,Free=1784MB,PSM=0,PLS=0,Temp=36.0C/0.0C,TW=2.56ms,App=4.74ms,GD=1.77ms
07-21 17:43:32.405   712  7376 W [CT]    : CONSTELLATION: R: Cam ahead of IMU: 0.117 ms
07-21 17:43:32.849  7481  7533 I UtilPoller: GPU Util 0.350232 / CPU Util 0.147059 (avg 0.140856)
07-21 17:43:33.156  7481  7532 I VrApi   : FPS=72,Prd=44ms,Tear=0,Early=6,Stale=0,VSnc=1,Lat=1,Fov=0,CPU4/GPU=4/4,2304/670MHz,OC=FF,TA=0/0/0,SP=N/N/N,Mem=1804MHz,Free=1784MB,PSM=0,PLS=0,Temp=36.0C/0.0C,TW=2.56ms,App=4.85ms,GD=1.77ms
07-21 17:43:33.176   718   718 D wifi_sig_helper: Wifi rssi: -45	
07-21 17:43:33.568   712  7377 I [CT]    : Viper:Map_Manager: State: TRACKING_TRANSIENT, UUID=a4b7383b-8676-43f4-a41b-9afc238f75ff, Num. Persistent maps = 5, Transient maps:a4b7383b-8676-43f4-a41b-9afc238f75ff, Persistent maps:2aeb8db3-70a9-42f9-8c62-0262073d2436,cb1c403c-024c-4c03-a6a8-0a32ef5ae596,767f5bfb-ef08-4d34-8d03-b01fb143f3ac,8ecd4733-9a52-4612-9892-d700a0f6b5e9,c9887011-ff78-42e0-9d83-b2fd7c581b9c,, Ser. Disabled = 00000000-0000-0000-0000-000000000000
07-21 17:43:33.602   712  7377 I [CT]    : VIPER: Status=6DoF,VALIDATING,KF=4,Inl=22,Pts=249,Jit=0.3mm,Issues(Cam/min=0.0,IMU/min=0.0),Exp=(14.0ms,g=15,I=25)(14.0ms,g=15,I=55)(14.0ms,g=15,I=47)(14.0ms,g=15,I=73),Feat=nan
07-21 17:43:33.851  7481  7533 I UtilPoller: GPU Util 0.351201 / CPU Util 0.165049 (avg 0.137357)
07-21 17:43:33.939   712  7376 W [CT]    : CONSTELLATION: R: Cam ahead of IMU: 0.757 ms
07-21 17:43:34.188   718   718 D wifi_sig_helper: Wifi rssi: -45	
07-21 17:43:34.297  7481  7532 I Telemetry: App memory usage: PSS=401MB
07-21 17:43:34.298  7481  7532 I VrApi   : FPS=72,Prd=44ms,Tear=0,Early=6,Stale=0,VSnc=1,Lat=1,Fov=0,CPU4/GPU=4/4,2304/670MHz,OC=FF,TA=0/0/0,SP=N/N/N,Mem=1804MHz,Free=1784MB,PSM=0,PLS=0,Temp=36.0C/0.0C,TW=2.56ms,App=4.78ms,GD=1.77ms
07-21 17:43:34.372   712  7376 W [CT]    : CONSTELLATION: L: Cam ahead of IMU: 2.699 ms
07-21 17:43:34.472   712  7376 I [CT]    : MANAGEMENT:CONSTELLATION: Status=GREEN,, Obj=2083538823622510505,6DOF=0,3DOF=1,Issues(Cam/min=  0,IMU/min=0), Obj=1330907301555498001,6DOF=1,FusJit=0.2mm,Issues(Cam/min=  0,IMU/min=0)
07-21 17:43:34.854  7481  7533 I UtilPoller: GPU Util 0.348780 / CPU Util 0.160000 (avg 0.135113)
07-21 17:43:35.156  7481  7532 I VrApi   : FPS=72,Prd=44ms,Tear=0,Early=6,Stale=0,VSnc=1,Lat=1,Fov=0,CPU4/GPU=4/4,2304/670MHz,OC=FF,TA=0/0/0,SP=N/N/N,Mem=1804MHz,Free=1783MB,PSM=0,PLS=0,Temp=36.0C/0.0C,TW=2.56ms,App=4.80ms,GD=1.77ms
07-21 17:43:35.199   718   718 D wifi_sig_helper: Wifi rssi: -45	
07-21 17:43:35.856  7481  7533 I UtilPoller: GPU Util 0.351688 / CPU Util 0.166667 (avg 0.126483)
07-21 17:43:36.156  7481  7532 I VrApi   : FPS=72,Prd=44ms,Tear=0,Early=6,Stale=0,VSnc=1,Lat=1,Fov=0,CPU4/GPU=4/4,2304/670MHz,OC=FF,TA=0/0/0,SP=N/N/N,Mem=1804MHz,Free=1783MB,PSM=0,PLS=0,Temp=36.0C/0.0C,TW=2.56ms,App=4.84ms,GD=1.77ms
07-21 17:43:36.211   718   718 D wifi_sig_helper: Wifi rssi: -45	
07-21 17:43:36.569   712  7377 I [CT]    : Viper:Map_Manager: State: TRACKING_TRANSIENT, UUID=a4b7383b-8676-43f4-a41b-9afc238f75ff, Num. Persistent maps = 5, Transient maps:a4b7383b-8676-43f4-a41b-9afc238f75ff, Persistent maps:2aeb8db3-70a9-42f9-8c62-0262073d2436,cb1c403c-024c-4c03-a6a8-0a32ef5ae596,767f5bfb-ef08-4d34-8d03-b01fb143f3ac,8ecd4733-9a52-4612-9892-d700a0f6b5e9,c9887011-ff78-42e0-9d83-b2fd7c581b9c,, Ser. Disabled = 00000000-0000-0000-0000-000000000000
07-21 17:43:36.601   712  7377 I [CT]    : VIPER: Status=6DoF,VALIDATING,KF=4,Inl=21,Pts=249,Jit=0.3mm,Issues(Cam/min=0.0,IMU/min=0.0),Exp=(14.0ms,g=15,I=25)(14.0ms,g=15,I=55)(14.0ms,g=15,I=47)(14.0ms,g=15,I=73),Feat=nan
07-21 17:43:36.858  7481  7533 I UtilPoller: GPU Util 0.352526 / CPU Util 0.186275 (avg 0.137307)
07-21 17:43:36.934   712  7377 W [CT]    : VIPER:SWE: Accel bias estimates exceed initial 3-sigma uncertainty:  Value: 0.452578 0.0214991 0.281576  norm_sq: 0.284575 3sigma: 0.27
07-21 17:43:37.014  1437  1437 I com.oculus.telemetry.service.TelemetryService: flushing collectors
07-21 17:43:37.015  1437  1437 I com.oculus.telemetry.core.EventRecorder: Event flushed: oculus_os_thermal {"build":"oculus\/vr_monterey\/monterey:7.1.1\/NGI77B\/256550.6810.0:user\/release-keys","flavor":"user","realtime_ms":82706756,"uptime_ms":9517647,"fan_speed_min":2010,"fan_speed_max":2040,"fan_speed_total":61050,"fan_speed_total_square":124240500,"front_plate_temperature_min":0,"front_plate_temperature_max":0,"front_plate_temperature_total":0,"front_plate_temperature_total_square":0,"cpu_temperature_min":46,"cpu_temperature_max":46,"cpu_temperature_total":1391,"cpu_temperature_total_square":64503,"gpu_temperature_min":43,"gpu_temperature_max":44,"gpu_temperature_total":1308,"gpu_temperature_total_square":57036,"battery_temperature_min":350,"battery_temperature_max":360,"battery_temperature_total":10770,"battery_temperature_total_square":3866700,"nb_samples":30,"shutdown":"false"}
07-21 17:43:37.157  7481  7532 I VrApi   : FPS=72,Prd=44ms,Tear=0,Early=6,Stale=0,VSnc=1,Lat=1,Fov=0,CPU4/GPU=4/4,2304/670MHz,OC=FF,TA=0/0/0,SP=N/N/N,Mem=1804MHz,Free=1783MB,PSM=0,PLS=0,Temp=36.0C/0.0C,TW=2.56ms,App=4.79ms,GD=1.77ms
07-21 17:43:37.222   718   718 D wifi_sig_helper: Wifi rssi: -45	
07-21 17:43:37.472   712  7376 I [CT]    : MANAGEMENT:CONSTELLATION: Status=GREEN,, Obj=2083538823622510505,6DOF=0,3DOF=1,Issues(Cam/min=  0,IMU/min=0), Obj=1330907301555498001,6DOF=1,FusJit=0.0mm,Issues(Cam/min=  0,IMU/min=0)
07-21 17:43:37.861  7481  7533 I UtilPoller: GPU Util 0.351874 / CPU Util 0.192308 (avg 0.132508)
07-21 17:43:38.157  7481  7532 I VrApi   : FPS=72,Prd=44ms,Tear=0,Early=6,Stale=0,VSnc=1,Lat=1,Fov=0,CPU4/GPU=4/4,2304/670MHz,OC=FF,TA=0/0/0,SP=N/N/N,Mem=1804MHz,Free=1783MB,PSM=0,PLS=0,Temp=36.0C/0.0C,TW=2.56ms,App=4.79ms,GD=1.77ms
07-21 17:43:38.233   718   718 D wifi_sig_helper: Wifi rssi: -44	
07-21 17:43:38.864  7481  7533 I UtilPoller: GPU Util 0.352069 / CPU Util 0.196078 (avg 0.145780)
07-21 17:43:39.156  7481  7532 I VrApi   : FPS=72,Prd=44ms,Tear=0,Early=6,Stale=0,VSnc=1,Lat=1,Fov=0,CPU4/GPU=4/4,2304/670MHz,OC=FF,TA=0/0/0,SP=N/N/N,Mem=1804MHz,Free=1783MB,PSM=0,PLS=0,Temp=36.0C/0.0C,TW=2.56ms,App=4.75ms,GD=1.77ms
07-21 17:43:39.245   718   718 D wifi_sig_helper: Wifi rssi: -45	
07-21 17:43:39.405   712  7376 W [CT]    : CONSTELLATION: L: Cam ahead of IMU: 0.361 ms
07-21 17:43:39.405   712  7376 W [CT]    : CONSTELLATION: R: Cam ahead of IMU: 0.084 ms
07-21 17:43:39.568   712  7377 I [CT]    : Viper:Map_Manager: State: TRACKING_TRANSIENT, UUID=a4b7383b-8676-43f4-a41b-9afc238f75ff, Num. Persistent maps = 5, Transient maps:a4b7383b-8676-43f4-a41b-9afc238f75ff, Persistent maps:2aeb8db3-70a9-42f9-8c62-0262073d2436,cb1c403c-024c-4c03-a6a8-0a32ef5ae596,767f5bfb-ef08-4d34-8d03-b01fb143f3ac,8ecd4733-9a52-4612-9892-d700a0f6b5e9,c9887011-ff78-42e0-9d83-b2fd7c581b9c,, Ser. Disabled = 00000000-0000-0000-0000-000000000000
07-21 17:43:39.602   712  7377 I [CT]    : VIPER: Status=6DoF,VALIDATING,KF=4,Inl=22,Pts=249,Jit=0.4mm,Issues(Cam/min=0.0,IMU/min=0.0),Exp=(14.0ms,g=15,I=25)(14.0ms,g=15,I=55)(14.0ms,g=15,I=47)(14.0ms,g=15,I=73),Feat=nan
07-21 17:43:39.867  7481  7533 I UtilPoller: GPU Util 0.352443 / CPU Util 0.125000 (avg 0.123308)
07-21 17:43:40.157  7481  7532 I VrApi   : FPS=72,Prd=44ms,Tear=0,Early=6,Stale=0,VSnc=1,Lat=1,Fov=0,CPU4/GPU=4/4,2304/670MHz,OC=FF,TA=0/0/0,SP=N/N/N,Mem=1804MHz,Free=1783MB,PSM=0,PLS=0,Temp=36.0C/0.0C,TW=2.56ms,App=4.74ms,GD=1.77ms
07-21 17:43:40.256   718   718 D wifi_sig_helper: Wifi rssi: -45	
07-21 17:43:40.405   712  7376 W [CT]    : CONSTELLATION: L: Cam ahead of IMU: 0.029 ms
07-21 17:43:40.472   712  7376 I [CT]    : MANAGEMENT:CONSTELLATION: Status=GREEN,, Obj=2083538823622510505,6DOF=0,3DOF=1,Issues(Cam/min=  0,IMU/min=0), Obj=1330907301555498001,6DOF=1,FusJit=0.1mm,Issues(Cam/min=  0,IMU/min=0)
07-21 17:43:40.869  7481  7533 I UtilPoller: GPU Util 0.352569 / CPU Util 0.141414 (avg 0.135009)
07-21 17:43:41.156  7481  7532 I VrApi   : FPS=72,Prd=44ms,Tear=0,Early=6,Stale=0,VSnc=1,Lat=1,Fov=0,CPU4/GPU=4/4,2304/670MHz,OC=FF,TA=0/0/0,SP=N/N/N,Mem=1804MHz,Free=1783MB,PSM=0,PLS=0,Temp=36.0C/0.0C,TW=2.56ms,App=4.85ms,GD=1.77ms
07-21 17:43:41.268   718   718 D wifi_sig_helper: Wifi rssi: -45	
07-21 17:43:41.872  7481  7533 I UtilPoller: GPU Util 0.352713 / CPU Util 0.148515 (avg 0.118382)
07-21 17:43:41.968   712  7377 W [CT]    : VIPER:SWE: Accel bias estimates exceed initial 3-sigma uncertainty:  Value: 0.453194 0.0234256 0.291449  norm_sq: 0.290876 3sigma: 0.27
07-21 17:43:42.156  7481  7532 I VrApi   : FPS=72,Prd=44ms,Tear=0,Early=6,Stale=0,VSnc=1,Lat=1,Fov=0,CPU4/GPU=4/4,2304/670MHz,OC=FF,TA=0/0/0,SP=N/N/N,Mem=1804MHz,Free=1783MB,PSM=0,PLS=0,Temp=36.0C/0.0C,TW=2.56ms,App=4.78ms,GD=1.77ms
07-21 17:43:42.199  1437  1846 I com.oculus.telemetry.core.EventRecorder: Event flushed: syncbossfw {"build_user":"twsvcscm","cam_sync_sent":1801,"disp_sent":4310,"event_type":"periodic_syncboss_stats","hal_ver":"2.0.8","hostif_rx_drops":0,"hostif_tx_drops":0,"imu_dropped":0,"imu_sent":60360,"imu_time_gaps":0,"mag_dropped":0,"mag_sent":1808,"module":"firmware","prox_events_sent":0,"pulsar_notifications":58892,"pulsar_timeouts":0,"realtime_ms":82711940,"uptime_ms":9522831}
07-21 17:43:42.279   718   718 D wifi_sig_helper: Wifi rssi: -44	
07-21 17:43:42.508   712  7388 I [CT]    : CONSTELLATION:TELEMETRY: data_type: tracked_object
07-21 17:43:42.509   712  7388 I [CT]    : CONSTELLATION:TELEMETRY: device_id: 2083538823622510505
07-21 17:43:42.509   712  7388 I [CT]    : CONSTELLATION:TELEMETRY: object_type: left
07-21 17:43:42.509   712  7388 I [CT]    : CONSTELLATION:TELEMETRY: num_frames: 1801
07-21 17:43:42.509   712  7388 I [CT]    : CONSTELLATION:TELEMETRY: has_constellation_tracking: 0
07-21 17:43:42.509   712  7388 I [CT]    : CONSTELLATION:TELEMETRY: has_vision_tracking: 0
07-21 17:43:42.509   712  7388 I [CT]    : CONSTELLATION:TELEMETRY: fault_cam_ahead_of_imu_avg: 0.00832871
07-21 17:43:42.509   712  7388 I [CT]    : CONSTELLATION:TELEMETRY: flyaway_avg: 0
07-21 17:43:42.509   712  7388 I [CT]    : CONSTELLATION:TELEMETRY: hard_reset_avg: 0
07-21 17:43:42.509   712  7388 I [CT]    : CONSTELLATION:TELEMETRY: led_count_sum: 0
07-21 17:43:42.509   712  7388 I [CT]    : CONSTELLATION:TELEMETRY: accel_bias_p50: 0.0338212
07-21 17:43:42.509   712  7388 I [CT]    : CONSTELLATION:TELEMETRY: accel_bias_p90: 0.0338212
07-21 17:43:42.509   712  7388 I [CT]    : CONSTELLATION:TELEMETRY: accel_bias_std: 0
07-21 17:43:42.509   712  7388 I [CT]    : CONSTELLATION:TELEMETRY: gyro_bias_p50: 0.00171159
07-21 17:43:42.509   712  7388 I [CT]    : CONSTELLATION:TELEMETRY: gyro_bias_p90: 0.00171159
07-21 17:43:42.509   712  7388 I [CT]    : CONSTELLATION:TELEMETRY: gyro_bias_std: 0
07-21 17:43:42.509   712  7388 I [CT]    : CONSTELLATION:TELEMETRY: cam_to_imu_seconds_p50: 0.004617
07-21 17:43:42.509   712  7388 I [CT]    : CONSTELLATION:TELEMETRY: cam_to_imu_seconds_p90: 0.00583
07-21 17:43:42.509   712  7388 I [CT]    : CONSTELLATION:TELEMETRY: cam_to_imu_seconds_std: 0.00113928
07-21 17:43:42.509   712  7388 I [CT]    : CONSTELLATION:TELEMETRY: fusion_jitter_p50: nan
07-21 17:43:42.509   712  7388 I [CT]    : CONSTELLATION:TELEMETRY: fusion_jitter_p90: nan
07-21 17:43:42.509   712  7388 I [CT]    : CONSTELLATION:TELEMETRY: fusion_jitter_std: 0
07-21 17:43:42.509   712  7388 I [CT]    : CONSTELLATION:TELEMETRY: vision_jitter_p50: nan
07-21 17:43:42.509   712  7388 I [CT]    : CONSTELLATION:TELEMETRY: vision_jitter_p90: nan
07-21 17:43:42.509   712  7388 I [CT]    : CONSTELLATION:TELEMETRY: vision_jitter_std: 0
07-21 17:43:42.509   712  7388 I [CT]    : CONSTELLATION:TELEMETRY: accel_saturation_avg: 0
07-21 17:43:42.509   712  7388 I [CT]    : CONSTELLATION:TELEMETRY: gyro_saturation_avg: 0
07-21 17:43:42.509   712  7388 I [CT]    : CONSTELLATION:TELEMETRY: imu_update_duration_p50: 9.7135e-05
07-21 17:43:42.509   712  7388 I [CT]    : CONSTELLATION:TELEMETRY: imu_update_duration_p90: 0.00022724
07-21 17:43:42.509   712  7388 I [CT]    : CONSTELLATION:TELEMETRY: imu_update_duration_std: 8.85662e-05
07-21 17:43:42.509   712  7388 I [CT]    : CONSTELLATION:TELEMETRY: accel_scale_norm: 0.0021863
07-21 17:43:42.509   712  7388 I [CT]    : CONSTELLATION:TELEMETRY: accel_nonorth_norm: 0.00620603
07-21 17:43:42.509   712  7388 I [CT]    : CONSTELLATION:TELEMETRY: gyro_scale_norm: 0.00230122
07-21 17:43:42.509   712  7388 I [CT]    : CONSTELLATION:TELEMETRY: gyro_nonorth_norm: 0.00570961
07-21 17:43:42.509   712  7388 I [CT]    : CONSTELLATION:TELEMETRY: num_imu_samples_dropped_system: 4
07-21 17:43:42.509   712  7388 I [CT]    : CONSTELLATION:TELEMETRY: num_imu_samples_dropped_processing: 0
07-21 17:43:42.510   712  7388 I [CT]    : CONSTELLATION:TELEMETRY: data_type: common
07-21 17:43:42.510  1437  1462 I com.oculus.telemetry.core.EventRecorder: Event flushed: insideout_periodic {"camera_calibration_version":1,"camera_frame_rate":30,"duration":60.00058336300026,"exposure_duration_max_difference":0,"exposure_gain_prod_max":0.2100449949502945,"exposure_gain_prod_min":0.2100449949502945,"feature_distance_p50_avg":0.4844734072685242,"feature_distance_p50_max":0.8257184028625488,"flicker_probability":0,"frame_compute_exceeded_in_track_map_count":0,"has_tracking":1,"headset_mounted":1,"image_pyramid_usage_count":66,"imu_compute_took_too_long_count":0,"inliers_avg":22.25001907348633,"irradiance_proxy":240.4162139892578,"keyframes_avg":4,"kpi_position_jitter_p50":0.000282921246252954,"kpi_position_jitter_p90":0.0003927294164896011,"lost_tracking_event_count":0,"map_points_avg":249,"mapper_queue_max":0,"max_R_world_from_map":0.04686298966407776,"max_t_world_from_map":0.0003197645419277251,"num_frames_dropped_processing":0,"num_frames_dropped_system":0,"num_frames_to_relocalize_avg":0,"num_imu_samples_dropped_processing":0,"num_imu_samples_dropped_system":0,"num_inliers_reloc_fail_avg":0,"num_inliers_reloc_success_avg":0,"num_mag_samples_dropped_processing":0,"num_mag_samples_dropped_system":0,"realtime_ms":82712250,"reloc_event_count":0,"reloc_fail_avg":0,"reloc_fail_count":0,"reloc_success_avg":0,"reloc_success_count":0,"reprojection_err_avg":0.4297422170639038,"time_environment_false_negative":0,"time_environment_false_positive":60.00058336300026,"time_in_initialization":0,"time_with_tracking":60.00058336300026,"tracker_dur_p50":0.008818228729069233,"tracker_dur_p90":0.009257135912775993,"uptime_ms":9523141,"vision_device_id":"818039f3411a38c6f91f674162d9978fb48d7cf4","vision_device_type":"Monterey","vision_device_version":"PVT","vision_event_count":"4","vision_session_id":"fa12de86-fece-4f87-be23-d16df82ab143","visionlib_sourcecodeversion":"6a2c6a2091c0"}
07-21 17:43:42.510   712  7388 I [CT]    : CONSTELLATION:TELEMETRY: blob_segmenting_duration_p50: 0.00126344
07-21 17:43:42.510   712  7388 I [CT]    : CONSTELLATION:TELEMETRY: blob_segmenting_duration_p90: 0.00140458
07-21 17:43:42.510   712  7388 I [CT]    : CONSTELLATION:TELEMETRY: blob_segmenting_duration_std: 8.90208e-05
07-21 17:43:42.510   712  7388 I [CT]    : CONSTELLATION:TELEMETRY: led_matching_duration_p50: 4.8073e-05
07-21 17:43:42.510   712  7388 I [CT]    : CONSTELLATION:TELEMETRY: led_matching_duration_p90: 5.8438e-05
07-21 17:43:42.510   712  7388 I [CT]    : CONSTELLATION:TELEMETRY: led_matching_duration_std: 1.41821e-05
07-21 17:43:42.510   712  7388 I [CT]    : CONSTELLATION:TELEMETRY: pnp_duration_p50: 2.708e-06
07-21 17:43:42.510   712  7388 I [CT]    : CONSTELLATION:TELEMETRY: pnp_duration_p90: 3.229e-06
07-21 17:43:42.510   712  7388 I [CT]    : CONSTELLATION:TELEMETRY: pnp_duration_std: 2.21377e-06
07-21 17:43:42.510   712  7388 I [CT]    : CONSTELLATION:TELEMETRY: sf_duration_p50: 0.000137344
07-21 17:43:42.510   712  7388 I [CT]    : CONSTELLATION:TELEMETRY: sf_duration_p90: 0.00018901
07-21 17:43:42.510   712  7388 I [CT]    : CONSTELLATION:TELEMETRY: sf_duration_std: 3.95776e-05
07-21 17:43:42.510   712  7388 I [CT]    : CONSTELLATION:TELEMETRY: on_frames_duration_p50: 0.00150844
07-21 17:43:42.510   712  7388 I [CT]    : CONSTELLATION:TELEMETRY: on_frames_duration_p90: 0.00167651
07-21 17:43:42.510   712  7388 I [CT]    : CONSTELLATION:TELEMETRY: on_frames_duration_std: 0.00010521
07-21 17:43:42.510   712  7388 I [CT]    : CONSTELLATION:TELEMETRY: num_frames_dropped_system: 0
07-21 17:43:42.510   712  7388 I [CT]    : CONSTELLATION:TELEMETRY: num_frames_dropped_processing: 0
07-21 17:43:42.510   712  7388 I [CT]    : CONSTELLATION:TELEMETRY: data_type: tracked_object
07-21 17:43:42.510   712  7388 I [CT]    : CONSTELLATION:TELEMETRY: device_id: 1330907301555498001
07-21 17:43:42.510   712  7388 I [CT]    : CONSTELLATION:TELEMETRY: object_type: right
07-21 17:43:42.510   712  7388 I [CT]    : CONSTELLATION:TELEMETRY: num_frames: 1800
07-21 17:43:42.510   712  7388 I [CT]    : CONSTELLATION:TELEMETRY: has_constellation_tracking: 0
07-21 17:43:42.510   712  7388 I [CT]    : CONSTELLATION:TELEMETRY: has_vision_tracking: 0
07-21 17:43:42.511   712  7388 I [CT]    : CONSTELLATION:TELEMETRY: fault_cam_ahead_of_imu_avg: 0.00777778
07-21 17:43:42.511   712  7388 I [CT]    : CONSTELLATION:TELEMETRY: flyaway_avg: 0
07-21 17:43:42.511   712  7388 I [CT]    : CONSTELLATION:TELEMETRY: hard_reset_avg: 0
07-21 17:43:42.511   712  7388 I [CT]    : CONSTELLATION:TELEMETRY: led_count_sum: 0
07-21 17:43:42.511   712  7388 I [CT]    : CONSTELLATION:TELEMETRY: accel_bias_p50: 0.0706696
07-21 17:43:42.511   712  7388 I [CT]    : CONSTELLATION:TELEMETRY: accel_bias_p90: 0.0706696
07-21 17:43:42.511   712  7388 I [CT]    : CONSTELLATION:TELEMETRY: accel_bias_std: 0
07-21 17:43:42.511   712  7388 I [CT]    : CONSTELLATION:TELEMETRY: gyro_bias_p50: 0.0117704
07-21 17:43:42.511   712  7388 I [CT]    : CONSTELLATION:TELEMETRY: gyro_bias_p90: 0.0117704
07-21 17:43:42.511   712  7388 I [CT]    : CONSTELLATION:TELEMETRY: gyro_bias_std: 0
07-21 17:43:42.511   712  7388 I [CT]    : CONSTELLATION:TELEMETRY: cam_to_imu_seconds_p50: 0.004219
07-21 17:43:42.511   712  7388 I [CT]    : CONSTELLATION:TELEMETRY: cam_to_imu_seconds_p90: 0.00546
07-21 17:43:42.511   712  7388 I [CT]    : CONSTELLATION:TELEMETRY: cam_to_imu_seconds_std: 0.00109758
07-21 17:43:42.511   712  7388 I [CT]    : CONSTELLATION:TELEMETRY: fusion_jitter_p50: 9.72729e-05
07-21 17:43:42.511   712  7388 I [CT]    : CONSTELLATION:TELEMETRY: fusion_jitter_p90: 0.000186745
07-21 17:43:42.511   712  7388 I [CT]    : CONSTELLATION:TELEMETRY: fusion_jitter_std: 5.95925e-05
07-21 17:43:42.511   712  7388 I [CT]    : CONSTELLATION:TELEMETRY: vision_jitter_p50: nan
07-21 17:43:42.511   712  7388 I [CT]    : CONSTELLATION:TELEMETRY: vision_jitter_p90: nan
07-21 17:43:42.511   712  7388 I [CT]    : CONSTELLATION:TELEMETRY: vision_jitter_std: 0
07-21 17:43:42.511   712  7388 I [CT]    : CONSTELLATION:TELEMETRY: accel_saturation_avg: 0
07-21 17:43:42.511   712  7388 I [CT]    : CONSTELLATION:TELEMETRY: gyro_saturation_avg: 0
07-21 17:43:42.511   712  7388 I [CT]    : CONSTELLATION:TELEMETRY: imu_update_duration_p50: 7.8646e-05
07-21 17:43:42.511   712  7388 I [CT]    : CONSTELLATION:TELEMETRY: imu_update_duration_p90: 0.000203385
07-21 17:43:42.511   712  7388 I [CT]    : CONSTELLATION:TELEMETRY: imu_update_duration_std: 7.43322e-05
07-21 17:43:42.511   712  7388 I [CT]    : CONSTELLATION:TELEMETRY: accel_scale_norm: 0.00496995
07-21 17:43:42.511   712  7388 I [CT]    : CONSTELLATION:TELEMETRY: accel_nonorth_norm: 0.00265312
07-21 17:43:42.511   712  7388 I [CT]    : CONSTELLATION:TELEMETRY: gyro_scale_norm: 0.00208592
07-21 17:43:42.511   712  7388 I [CT]    : CONSTELLATION:TELEMETRY: gyro_nonorth_norm: 0.00274845
07-21 17:43:42.511   712  7388 I [CT]    : CONSTELLATION:TELEMETRY: num_imu_samples_dropped_system: 5
07-21 17:43:42.511   712  7388 I [CT]    : CONSTELLATION:TELEMETRY: num_imu_samples_dropped_processing: 0
07-21 17:43:42.513  1437  1460 I com.oculus.telemetry.core.EventRecorder: Event flushed: constellation_periodic {"accel_bias_p50":0.03382116928696632,"accel_bias_p90":0.03382116928696632,"accel_bias_std":0,"accel_nonorth_norm":0.006206025369465351,"accel_saturation_avg":0,"accel_scale_norm":0.002186298370361328,"cam_to_imu_seconds_p50":0.004616999998688698,"cam_to_imu_seconds_p90":0.005830000154674053,"cam_to_imu_seconds_std":0.001139280386269093,"data_type":"tracked_object","device_id":"2083538823622510505","duration":60.00370435199875,"fault_cam_ahead_of_imu_avg":0.008328708820044994,"flyaway_avg":0,"fusion_jitter_p50":null,"fusion_jitter_p90":null,"fusion_jitter_std":0,"gyro_bias_p50":0.001711592311039567,"gyro_bias_p90":0.001711592311039567,"gyro_bias_std":0,"gyro_nonorth_norm":0.005709611810743809,"gyro_saturation_avg":0,"gyro_scale_norm":0.002301216125488281,"hard_reset_avg":0,"has_constellation_tracking":0,"has_vision_tracking":0,"imu_update_duration_p50":9.713499457575381e-05,"imu_update_duration_p90":0.0002272400015499443,"imu_update_duration_std":8.856616477714851e-05,"led_count_sum":0,"num_frames":1801,"num_imu_samples_dropped_processing":0,"num_imu_samples_dropped_system":4,"object_type":"left","realtime_ms":82712251,"uptime_ms":9523142,"vision_device_id":"818039f3411a38c6f91f674162d9978fb48d7cf4","vision_device_type":"Monterey","vision_device_version":"PVT","vision_event_count":"4","vision_jitter_p50":null,"vision_jitter_p90":null,"vision_jitter_std":0,"vision_session_id":"fa12de86-fece-4f87-be23-d16df82ab143","visionlib_sourcecodeversion":"6a2c6a2091c0"}
07-21 17:43:42.515  1437  1875 I com.oculus.telemetry.core.EventRecorder: Event flushed: constellation_periodic {"blob_segmenting_duration_p50":0.001263436977751553,"blob_segmenting_duration_p90":0.001404584036208689,"blob_segmenting_duration_std":8.902084664441645e-05,"data_type":"common","duration":60.00370435199875,"led_matching_duration_p50":4.807300138054416e-05,"led_matching_duration_p90":5.843799954163842e-05,"led_matching_duration_std":1.418213651049882e-05,"num_frames_dropped_processing":0,"num_frames_dropped_system":0,"on_frames_duration_p50":0.001508438028395176,"on_frames_duration_p90":0.001676511019468307,"on_frames_duration_std":0.0001052101142704487,"pnp_duration_p50":2.708000010898104e-06,"pnp_duration_p90":3.228999958082568e-06,"pnp_duration_std":2.213768993897247e-06,"realtime_ms":82712252,"sf_duration_p50":0.0001373440027236938,"sf_duration_p90":0.0001890099956654012,"sf_duration_std":3.957756780437194e-05,"uptime_ms":9523143,"vision_device_id":"818039f3411a38c6f91f674162d9978fb48d7cf4","vision_device_type":"Monterey","vision_device_version":"PVT","vision_event_count":"4","vision_session_id":"fa12de86-fece-4f87-be23-d16df82ab143","visionlib_sourcecodeversion":"6a2c6a2091c0"}
07-21 17:43:42.517  1437  1846 I com.oculus.telemetry.core.EventRecorder: Event flushed: constellation_periodic {"accel_bias_p50":0.07066962122917175,"accel_bias_p90":0.07066962122917175,"accel_bias_std":0,"accel_nonorth_norm":0.002653123112395406,"accel_saturation_avg":0,"accel_scale_norm":0.004969954490661621,"cam_to_imu_seconds_p50":0.004219000227749348,"cam_to_imu_seconds_p90":0.00546000013127923,"cam_to_imu_seconds_std":0.001097575412131846,"data_type":"tracked_object","device_id":"1330907301555498001","duration":60.00370435199875,"fault_cam_ahead_of_imu_avg":0.007777779828757048,"flyaway_avg":0,"fusion_jitter_p50":9.727285214466974e-05,"fusion_jitter_p90":0.00018674461171031,"fusion_jitter_std":5.959246482234448e-05,"gyro_bias_p50":0.01177037786692381,"gyro_bias_p90":0.01177037786692381,"gyro_bias_std":0,"gyro_nonorth_norm":0.002748450031504035,"gyro_saturation_avg":0,"gyro_scale_norm":0.00208592414855957,"hard_reset_avg":0,"has_constellation_tracking":0,"has_vision_tracking":0,"imu_update_duration_p50":7.864600047469139e-05,"imu_update_duration_p90":0.0002033850032603368,"imu_update_duration_std":7.433219434460625e-05,"led_count_sum":0,"num_frames":1800,"num_imu_samples_dropped_processing":0,"num_imu_samples_dropped_system":5,"object_type":"right","realtime_ms":82712253,"uptime_ms":9523144,"vision_device_id":"818039f3411a38c6f91f674162d9978fb48d7cf4","vision_device_type":"Monterey","vision_device_version":"PVT","vision_event_count":"4","vision_jitter_p50":null,"vision_jitter_p90":null,"vision_jitter_std":0,"vision_session_id":"fa12de86-fece-4f87-be23-d16df82ab143","visionlib_sourcecodeversion":"6a2c6a2091c0"}
07-21 17:43:42.568   712  7377 I [CT]    : Viper:Map_Manager: State: TRACKING_TRANSIENT, UUID=a4b7383b-8676-43f4-a41b-9afc238f75ff, Num. Persistent maps = 5, Transient maps:a4b7383b-8676-43f4-a41b-9afc238f75ff, Persistent maps:2aeb8db3-70a9-42f9-8c62-0262073d2436,cb1c403c-024c-4c03-a6a8-0a32ef5ae596,767f5bfb-ef08-4d34-8d03-b01fb143f3ac,8ecd4733-9a52-4612-9892-d700a0f6b5e9,c9887011-ff78-42e0-9d83-b2fd7c581b9c,, Ser. Disabled = 00000000-0000-0000-0000-000000000000
07-21 17:43:42.602   712  7377 I [CT]    : VIPER: Status=6DoF,VALIDATING,KF=4,Inl=23,Pts=249,Jit=0.3mm,Issues(Cam/min=0.0,IMU/min=0.0),Exp=(14.0ms,g=15,I=25)(14.0ms,g=15,I=54)(14.0ms,g=15,I=47)(14.0ms,g=15,I=73),Feat=nan
07-21 17:43:42.875  7481  7533 I UtilPoller: GPU Util 0.352686 / CPU Util 0.150000 (avg 0.132018)
07-21 17:43:43.157  7481  7532 I VrApi   : FPS=72,Prd=44ms,Tear=0,Early=6,Stale=0,VSnc=1,Lat=1,Fov=0,CPU4/GPU=4/4,2304/670MHz,OC=FF,TA=0/0/0,SP=N/N/N,Mem=1804MHz,Free=1783MB,PSM=0,PLS=0,Temp=36.0C/0.0C,TW=2.56ms,App=4.77ms,GD=1.77ms
07-21 17:43:43.223  1437  1462 I com.oculus.telemetry.core.EventRecorder: Event flushed: syncbossfw {"average_rssi":-57,"beacons_corrupted":190,"beacons_missed":680,"beacons_rx":29213,"build_user":"twsvcscm","consecutive_pkt_losses":"[0, 521, 25, 6, 5, 7, 6, 0, 0, 0, 0, 0, 0, 0, 0, 0, 0, 0, 0, 0, 0, 0, 0, 0, 0]","event_type":"wireless","hal_ver":"2.0.8","module":"lcon","realtime_ms":82712964,"uptime_ms":9523855}
07-21 17:43:43.257  1437  1460 I com.oculus.telemetry.core.EventRecorder: Event flushed: syncbossfw {"build_user":"twsvcscm","event_type":"haptics","hal_ver":"2.0.8","module":"lcon","overflow_error":3,"pwm_irq":150068,"realtime_ms":82712998,"state_updates":3,"step_time_jump":0,"steps":149466,"ticks_missed":0,"timestamp_error":0,"timestamp_ms":101836415,"uptime_ms":9523889}
07-21 17:43:43.291   718   718 D wifi_sig_helper: Wifi rssi: -45	
07-21 17:43:43.472   712  7376 I [CT]    : MANAGEMENT:CONSTELLATION: Status=GREEN,, Obj=2083538823622510505,6DOF=0,3DOF=1,Issues(Cam/min=  0,IMU/min=0), Obj=1330907301555498001,6DOF=1,FusJit=0.2mm,Issues(Cam/min=  0,IMU/min=0)
07-21 17:43:43.652  1437  1875 I com.oculus.telemetry.core.EventRecorder: Event flushed: syncbossfw {"average_rssi":-61,"beacons_corrupted":650,"beacons_missed":1263,"beacons_rx":28630,"build_user":"twsvcscm","consecutive_pkt_losses":"[0, 1065, 40, 11, 5, 7, 5, 0, 0, 0, 0, 0, 0, 0, 0, 0, 0, 0, 0, 0, 0, 0, 0, 0, 0]","event_type":"wireless","hal_ver":"2.0.8","module":"lcon","realtime_ms":82713393,"uptime_ms":9524284}
07-21 17:43:43.685  1437  1846 I com.oculus.telemetry.core.EventRecorder: Event flushed: syncbossfw {"build_user":"twsvcscm","event_type":"haptics","hal_ver":"2.0.8","module":"lcon","overflow_error":12,"pwm_irq":150067,"realtime_ms":82713426,"state_updates":42,"step_time_jump":0,"steps":149465,"ticks_missed":0,"timestamp_error":0,"timestamp_ms":2363002,"uptime_ms":9524318}
07-21 17:43:43.876  7481  7533 I UtilPoller: GPU Util 0.351940 / CPU Util 0.168317 (avg 0.125239)
07-21 17:43:44.156  7481  7532 I VrApi   : FPS=72,Prd=44ms,Tear=0,Early=6,Stale=0,VSnc=1,Lat=1,Fov=0,CPU4/GPU=4/4,2304/670MHz,OC=FF,TA=0/0/0,SP=N/N/N,Mem=1804MHz,Free=1783MB,PSM=0,PLS=0,Temp=36.0C/0.0C,TW=2.56ms,App=4.81ms,GD=1.77ms
07-21 17:43:44.303   718   718 D wifi_sig_helper: Wifi rssi: -44	
07-21 17:43:44.406   712  7376 W [CT]    : CONSTELLATION: R: Cam ahead of IMU: 0.344 ms
07-21 17:43:44.666  1437  1462 I com.oculus.telemetry.core.EventRecorder: Event flushed: oculus_mobile_santacruz_tracking {"RUNNING_count":0,"SLEEP_count":0,"STANDBY_count":0,"avg_resume_from_sleep_time_ms":368,"avg_resume_from_standby_time_ms":0,"camera_fps":30,"controller_IMU_count":30002,"controller_camera_frameset_count":900,"controller_imagedata_cb":0,"controller_imu_cb":2,"controller_total":0,"controller_wireless_stats_cb":0,"event_type":"DeviceHealthState","hmd_motiondata_cb":0,"mag_count":904,"map_uuid":"a4b7383b-8676-43f4-a41b-9afc238f75ff","max_resume_from_sleep_time_ms":524,"max_resume_from_standby_time_ms":0,"max_vsync_clock_drift":0,"num_connected_controllers":2,"out_of_bound_syncpulse":7,"realtime_ms":82714407,"serial_number":"1PASH9BBNW9116","slam_IMU_count":30175,"slam_camera_frameset_count":900,"slam_imagedata_cb":0,"slam_total":0,"syncboss_worker_wakeup_count":93640,"syncpulse_count":8616,"tracking_active_time_ms":30000,"tracking_cst_overall_status":"green","tracking_iot_environment_status":"VERY DARK","tracking_iot_overall_status":"6Dof Tracking","tracking_map_state":"STATE_TRACKING_TRANSIENT","uptime_ms":9525298,"vsync_count":2154}
07-21 17:43:44.879  7481  7533 I UtilPoller: GPU Util 0.352155 / CPU Util 0.160000 (avg 0.134485)
