07-21 17:44:31.404   712  7377 I [CT]    : VIPER:TRACKSTATUS: BAD TRACKING: gravity estimate uncertainty too high (0.00690508 > 0.0005)
07-21 17:44:31.406   712  7376 W [CT]    : VIPER: Could not retrieve historic velocity from buffer. [Velocity not available]
07-21 17:44:31.428   712  7377 I [CT]    : VIPER:RELOC: Doing relocalization on 5 maps for 140 more frames.
07-21 17:44:31.437   712  7377 I [CT]    : VIPER:TRACKER: Tracker Gravity Alignment: 1.26654 deg: [RPY]: -0.66 1.08 0.0128 
07-21 17:44:31.438   712  7377 I [CT]    : VIPER:TRACKSTATUS: BAD TRACKING: gravity estimate uncertainty too high (0.00584394 > 0.0005)
07-21 17:44:31.439   712  7376 W [CT]    : VIPER: Could not retrieve historic velocity from buffer. [Velocity not available]
07-21 17:44:31.461   712  7377 I [CT]    : VIPER:RELOC: Doing relocalization on 5 maps for 139 more frames.
07-21 17:44:31.470   712  7377 I [CT]    : VIPER:TRACKER: Tracker Gravity Alignment: 0.82608 deg: [RPY]: -0.638 0.525 0.0135 
07-21 17:44:31.471   712  7377 I [CT]    : VIPER: NO TRACKING: too few inliers. num_inliers = 9 < 10
07-21 17:44:31.471   712  7377 I [CT]    : VIPER:TRACKSTATUS: BAD TRACKING: num_inliers too low (9 < 16)
07-21 17:44:31.471   712  7377 E [CT]    : VIPER: Map Validation: Rejecting map due to bad tracking.
07-21 17:44:31.471   712  7377 I [CT]    : VIPER:MAPPER: == Mapper with map '1a2c1779-1434-410c-bda8-35e7ae470bf0' stopping ==
07-21 17:44:31.471   712  7377 I [CT]    : VIPER: Entering state: TRACK_INITIAL_FEATURES
07-21 17:44:31.471   712  7377 W [CT]    : VIPER:DF: Background job still running when calling reset() on the DepthFilterManager.
07-21 17:44:31.471   712  7377 W [CT]    : VIPER:DF: Finish seed initialization job before resetting the DepthFilterManager
07-21 17:44:31.472   712  7377 I [CT]    : VIPER: MapperDeleter (0x7f5cbfe628) scheduled for deletion
07-21 17:44:31.473   712  7376 W [CT]    : VIPER: Could not retrieve historic velocity from buffer. [Velocity not available]
07-21 17:44:31.474   712  7394 I [CT]    : VIPER: MapperDeleter (0x7f5cbfe628) thread took 1340.99 us
07-21 17:44:31.494   712  7377 I [CT]    : VIPER:RELOC: Doing relocalization on 5 maps for 149 more frames.
07-21 17:44:31.497   712  7377 I [CT]    : VIPER: Initial map with 186 points.
07-21 17:44:31.499   712  7377 I [CT]    : VIPER: Constructing estimator: MPE
07-21 17:44:31.499   712  7377 I [CT]    : VIPER: Constructing TrackTracker: HEADSET1
07-21 17:44:31.499   712  7377 W [CT]    : VIPER:DF: Background job still running when calling reset() on the DepthFilterManager.
07-21 17:44:31.499   712  7377 I [CT]    : VIPER:MAPPER: == Mapper with map '5fddaae6-2fc2-4140-935a-7d380cdd91b3' started ==
07-21 17:44:31.499   712  7377 I [CT]    : VIPER: Entering state: VALIDATE_MAP
07-21 17:44:31.502   712  7620 W [CT]    : VIPER: Can't detect groundplane because map has no gravity direction.
07-21 17:44:31.503   712  7377 I [CT]    : VIPER: NO TRACKING: too few inliers. num_inliers = 9 < 10
07-21 17:44:31.503   712  7377 I [CT]    : VIPER:TRACKSTATUS: BAD TRACKING: num_inliers too low (9 < 16)
07-21 17:44:31.503   712  7377 E [CT]    : VIPER: Map Validation: Rejecting map due to bad tracking.
07-21 17:44:31.503   712  7377 I [CT]    : VIPER:MAPPER: == Mapper with map '5fddaae6-2fc2-4140-935a-7d380cdd91b3' stopping ==
07-21 17:44:31.503   712  7377 I [CT]    : VIPER: Entering state: TRACK_INITIAL_FEATURES
07-21 17:44:31.503   712  7377 W [CT]    : VIPER:DF: Background job still running when calling reset() on the DepthFilterManager.
07-21 17:44:31.504   712  7377 I [CT]    : VIPER: MapperDeleter (0x7f5cbfe7e0) scheduled for deletion
07-21 17:44:31.506   712  7376 W [CT]    : VIPER: Could not retrieve historic velocity from buffer. [Velocity not available]
07-21 17:44:31.510   712  7394 I [CT]    : VIPER: MapperDeleter (0x7f5cbfe7e0) thread took 5886.77 us
07-21 17:44:31.528   712  7377 I [CT]    : VIPER:RELOC: Doing relocalization on 5 maps for 149 more frames.
07-21 17:44:31.530   712  7377 I [CT]    : VIPER: Initial map with 318 points.
07-21 17:44:31.532   712  7377 I [CT]    : VIPER: Constructing estimator: MPE
07-21 17:44:31.532   712  7377 I [CT]    : VIPER: Constructing TrackTracker: HEADSET1
07-21 17:44:31.532   712  7377 W [CT]    : VIPER:DF: Background job still running when calling reset() on the DepthFilterManager.
07-21 17:44:31.532   712  7377 I [CT]    : VIPER:MAPPER: == Mapper with map 'c1116422-7b97-4766-aa77-78bd0be4394b' started ==
07-21 17:44:31.532   712  7377 I [CT]    : VIPER: Entering state: VALIDATE_MAP
07-21 17:44:31.536   712  7622 W [CT]    : VIPER: Can't detect groundplane because map has no gravity direction.
07-21 17:44:31.539   712  7377 W [CT]    : VIPER:TRACKER: Big Search recovered tracking successfully.
07-21 17:44:31.539   712  7377 I [CT]    : VIPER:TRACKSTATUS: BAD TRACKING: prediction-to-fusion translation too high (0.0133107 m > 0.012 m)
07-21 17:44:31.539   712  7376 W [CT]    : VIPER: Could not retrieve historic velocity from buffer. [Velocity not available]
07-21 17:44:31.561   712  7377 I [CT]    : VIPER:RELOC: Doing relocalization on 5 maps for 148 more frames.
07-21 17:44:31.565   712  7377 I [CT]    : VIPER:RelocalizationManager: Relocalization step failed, trying again.
07-21 17:44:31.572   712  7337 I [CT]    : VIPER:RelocalizationManager: Doing relocalization on 5 maps.
07-21 17:44:31.573   712  7376 W [CT]    : VIPER: Could not retrieve historic velocity from buffer. [Velocity not available]
07-21 17:44:31.573   712  7377 I [CT]    : VIPER:TRACKSTATUS: BAD TRACKING: gravity estimate uncertainty too high (0.01 > 0.0005)
07-21 17:44:31.595   712  7377 I [CT]    : VIPER:RELOC: Doing relocalization on 5 maps for 147 more frames.
07-21 17:44:31.606   712  7376 W [CT]    : VIPER: Could not retrieve historic velocity from buffer. [Velocity not available]
07-21 17:44:31.606   712  7377 I [CT]    : VIPER:TRACKSTATUS: BAD TRACKING: gravity estimate uncertainty too high (0.00997079 > 0.0005)
07-21 17:44:31.628   712  7377 I [CT]    : VIPER:RELOC: Doing relocalization on 5 maps for 146 more frames.
07-21 17:44:31.639   712  7376 W [CT]    : VIPER: Could not retrieve historic velocity from buffer. [Velocity not available]
07-21 17:44:31.640   712  7377 I [CT]    : VIPER:TRACKSTATUS: BAD TRACKING: gravity estimate uncertainty too high (0.00986855 > 0.0005)
07-21 17:44:31.661   712  7377 I [CT]    : VIPER:RELOC: Doing relocalization on 5 maps for 145 more frames.
07-21 17:44:31.672   712  7377 I [CT]    : VIPER:TRACKSTATUS: BAD TRACKING: gravity estimate uncertainty too high (0.00952973 > 0.0005)
07-21 17:44:31.672   712  7376 W [CT]    : VIPER: Could not retrieve historic velocity from buffer. [Velocity not available]
07-21 17:44:31.694   712  7377 I [CT]    : VIPER:RELOC: Doing relocalization on 5 maps for 144 more frames.
07-21 17:44:31.705   712  7377 I [CT]    : VIPER:TRACKSTATUS: BAD TRACKING: gravity estimate uncertainty too high (0.00899344 > 0.0005)
07-21 17:44:31.706   712  7376 W [CT]    : VIPER: Could not retrieve historic velocity from buffer. [Velocity not available]
07-21 17:44:31.728   712  7377 I [CT]    : VIPER:RELOC: Doing relocalization on 5 maps for 143 more frames.
07-21 17:44:31.736   712  7377 I [CT]    : VIPER:TRACKER: Tracker Gravity Alignment: 0.618133 deg: [RPY]: -0.566 -0.248 0.000132 
07-21 17:44:31.736   712  7377 I [CT]    : VIPER: NO TRACKING: too few inliers. num_inliers = 6 < 10
07-21 17:44:31.737   712  7377 I [CT]    : VIPER:TRACKSTATUS: BAD TRACKING: num_inliers too low (6 < 16)
07-21 17:44:31.737   712  7377 E [CT]    : VIPER: Map Validation: Rejecting map due to bad tracking.
07-21 17:44:31.737   712  7377 I [CT]    : VIPER:MAPPER: == Mapper with map 'c1116422-7b97-4766-aa77-78bd0be4394b' stopping ==
07-21 17:44:31.737   712  7377 I [CT]    : VIPER: Entering state: TRACK_INITIAL_FEATURES
07-21 17:44:31.737   712  7377 W [CT]    : VIPER:DF: Background job still running when calling reset() on the DepthFilterManager.
07-21 17:44:31.737   712  7377 W [CT]    : VIPER:DF: Finish seed initialization job before resetting the DepthFilterManager
07-21 17:44:31.738   712  7377 I [CT]    : VIPER: MapperDeleter (0x7f5cbfe898) scheduled for deletion
07-21 17:44:31.739   712  7376 W [CT]    : VIPER: Could not retrieve historic velocity from buffer. [Velocity not available]
07-21 17:44:31.741   712  7394 I [CT]    : VIPER: MapperDeleter (0x7f5cbfe898) thread took 2988.75 us
07-21 17:44:31.761   712  7377 I [CT]    : VIPER:RELOC: Doing relocalization on 5 maps for 149 more frames.
07-21 17:44:31.764   712  7377 I [CT]    : VIPER: Initial map with 290 points.
07-21 17:44:31.766   712  7377 I [CT]    : VIPER: Constructing estimator: MPE
07-21 17:44:31.766   712  7377 I [CT]    : VIPER: Constructing TrackTracker: HEADSET1
07-21 17:44:31.766   712  7377 W [CT]    : VIPER:DF: Background job still running when calling reset() on the DepthFilterManager.
07-21 17:44:31.766   712  7377 I [CT]    : VIPER:MAPPER: == Mapper with map '44aafeee-11c9-45e1-8f30-fab389f4354d' started ==
07-21 17:44:31.766   712  7377 I [CT]    : VIPER: Entering state: VALIDATE_MAP
07-21 17:44:31.771   712  7624 W [CT]    : VIPER: Can't detect groundplane because map has no gravity direction.
07-21 17:44:31.772   712  7377 W [CT]    : VIPER:TRACKER: Big Search recovered tracking successfully.
07-21 17:44:31.772   712  7377 I [CT]    : VIPER:TRACKSTATUS: BAD TRACKING: prediction-to-fusion translation too high (0.0916444 m > 0.012 m)
07-21 17:44:31.773   712  7376 W [CT]    : VIPER: Could not retrieve historic velocity from buffer. [Velocity not available]
07-21 17:44:31.795   712  7377 I [CT]    : VIPER:RELOC: Doing relocalization on 5 maps for 148 more frames.
07-21 17:44:31.804   712  7377 I [CT]    : VIPER:TRACKSTATUS: BAD TRACKING: num_inliers too low (10 < 16)
07-21 17:44:31.806   712  7376 W [CT]    : VIPER: Could not retrieve historic velocity from buffer. [Velocity not available]
07-21 17:44:31.828   712  7377 I [CT]    : VIPER:RELOC: Doing relocalization on 5 maps for 147 more frames.
07-21 17:44:31.840   712  7377 I [CT]    : VIPER: NO TRACKING: too few inliers. num_inliers = 6 < 10
07-21 17:44:31.840   712  7376 W [CT]    : VIPER: Could not retrieve historic velocity from buffer. [Velocity not available]
07-21 17:44:31.840   712  7377 I [CT]    : VIPER:TRACKSTATUS: BAD TRACKING: num_inliers too low (6 < 16)
07-21 17:44:31.840   712  7377 E [CT]    : VIPER: Map Validation: Rejecting map due to bad tracking.
07-21 17:44:31.840   712  7377 I [CT]    : VIPER:MAPPER: == Mapper with map '44aafeee-11c9-45e1-8f30-fab389f4354d' stopping ==
07-21 17:44:31.840   712  7377 I [CT]    : VIPER: Entering state: TRACK_INITIAL_FEATURES
07-21 17:44:31.840   712  7377 W [CT]    : VIPER:DF: Background job still running when calling reset() on the DepthFilterManager.
07-21 17:44:31.840   712  7377 I [CT]    : VIPER: MapperDeleter (0x7f5cbfe7e0) scheduled for deletion
07-21 17:44:31.842   712  7394 I [CT]    : VIPER: MapperDeleter (0x7f5cbfe7e0) thread took 1456.25 us
07-21 17:44:31.861   712  7377 I [CT]    : VIPER:RELOC: Doing relocalization on 5 maps for 149 more frames.
07-21 17:44:31.864   712  7377 I [CT]    : VIPER: Initial map with 284 points.
07-21 17:44:31.866   712  7377 I [CT]    : VIPER: Constructing estimator: MPE
07-21 17:44:31.866   712  7377 I [CT]    : VIPER: Constructing TrackTracker: HEADSET1
07-21 17:44:31.867   712  7377 W [CT]    : VIPER:DF: Background job still running when calling reset() on the DepthFilterManager.
07-21 17:44:31.867   712  7377 I [CT]    : VIPER:MAPPER: == Mapper with map '42b4b824-4883-4090-9c76-09cea712393e' started ==
07-21 17:44:31.867   712  7377 I [CT]    : VIPER: Entering state: VALIDATE_MAP
07-21 17:44:31.871   712  7626 W [CT]    : VIPER: Can't detect groundplane because map has no gravity direction.
07-21 17:44:31.871   712  7377 W [CT]    : VIPER:MultiPoseEstimator: MultiPoseEstimator: Called with less than 5 measurements on initializing call, refusing estimation.
07-21 17:44:31.871   712  7377 I [CT]    : VIPER: NO TRACKING: too few inliers. num_inliers = 0 < 10
07-21 17:44:31.872   712  7377 I [CT]    : VIPER:TRACKSTATUS: BAD TRACKING: num_inliers too low (0 < 16)
07-21 17:44:31.872   712  7377 E [CT]    : VIPER: Map Validation: Rejecting map due to bad tracking.
07-21 17:44:31.872   712  7377 I [CT]    : VIPER:MAPPER: == Mapper with map '42b4b824-4883-4090-9c76-09cea712393e' stopping ==
07-21 17:44:31.872   712  7377 I [CT]    : VIPER: Entering state: TRACK_INITIAL_FEATURES
07-21 17:44:31.872   712  7377 W [CT]    : VIPER:DF: Background job still running when calling reset() on the DepthFilterManager.
07-21 17:44:31.872   712  7377 I [CT]    : VIPER: MapperDeleter (0x7f5cbfebc0) scheduled for deletion
07-21 17:44:31.873   712  7376 W [CT]    : VIPER: Could not retrieve historic velocity from buffer. [Velocity not available]
07-21 17:44:31.874   712  7394 I [CT]    : VIPER: MapperDeleter (0x7f5cbfebc0) thread took 2040.52 us
07-21 17:44:31.894   712  7377 I [CT]    : VIPER:RELOC: Doing relocalization on 5 maps for 149 more frames.
07-21 17:44:31.898   712  7377 I [CT]    : VIPER: Initial map with 212 points.
07-21 17:44:31.899   712  7377 I [CT]    : VIPER: Constructing estimator: MPE
07-21 17:44:31.899   712  7377 I [CT]    : VIPER: Constructing TrackTracker: HEADSET1
07-21 17:44:31.900   712  7377 W [CT]    : VIPER:DF: Background job still running when calling reset() on the DepthFilterManager.
07-21 17:44:31.900   712  7377 I [CT]    : VIPER:MAPPER: == Mapper with map '5ee78214-46f4-4cda-a471-30b97d55ab58' started ==
07-21 17:44:31.900   712  7377 I [CT]    : VIPER: Entering state: VALIDATE_MAP
07-21 17:44:31.904   712  7628 W [CT]    : VIPER: Can't detect groundplane because map has no gravity direction.
07-21 17:44:31.905   712  7377 W [CT]    : VIPER:TRACKER: Big Search recovered tracking successfully.
07-21 17:44:31.905   712  7377 I [CT]    : VIPER:TRACKSTATUS: BAD TRACKING: Covariance of the gravity estimate not initialized yet
07-21 17:44:31.906   712  7376 W [CT]    : VIPER: Could not retrieve historic velocity from buffer. [Velocity not available]
07-21 17:44:31.918   718   718 D wifi_sig_helper: Wifi rssi: -48	
07-21 17:44:31.928   712  7377 I [CT]    : VIPER:RELOC: Doing relocalization on 5 maps for 148 more frames.
07-21 17:44:31.930   712  7377 I [CT]    : VIPER:RelocalizationManager: Relocalization step failed, trying again.
07-21 17:44:31.938   712  7337 I [CT]    : VIPER:RelocalizationManager: Doing relocalization on 5 maps.
07-21 17:44:31.939   712  7377 I [CT]    : VIPER:TRACKSTATUS: BAD TRACKING: gravity estimate uncertainty too high (0.01 > 0.0005)
07-21 17:44:31.939   712  7376 W [CT]    : VIPER: Could not retrieve historic velocity from buffer. [Velocity not available]
07-21 17:44:31.961   712  7377 I [CT]    : VIPER:RELOC: Doing relocalization on 5 maps for 147 more frames.
07-21 17:44:31.973   712  7377 I [CT]    : VIPER:TRACKSTATUS: BAD TRACKING: gravity estimate uncertainty too high (0.00999639 > 0.0005)
07-21 17:44:31.973   712  7376 W [CT]    : VIPER: Could not retrieve historic velocity from buffer. [Velocity not available]
07-21 17:44:31.994   712  7377 I [CT]    : VIPER:RELOC: Doing relocalization on 5 maps for 146 more frames.
07-21 17:44:31.996  7481  7533 I UtilPoller: GPU Util 0.338808 / CPU Util 0.154639 (avg 0.132354)
07-21 17:44:32.005   712  7377 I [CT]    : VIPER:TRACKER: Tracker Gravity Alignment: 0.628128 deg: [RPY]: 0.478 -0.408 0.00191 
07-21 17:44:32.006   712  7377 I [CT]    : VIPER:TRACKSTATUS: BAD TRACKING: prediction-to-fusion translation too high (0.0131753 m > 0.012 m)
07-21 17:44:32.006   712  7376 W [CT]    : VIPER: Could not retrieve historic velocity from buffer. [Velocity not available]
07-21 17:44:32.027   712  7377 I [CT]    : VIPER:RELOC: Doing relocalization on 5 maps for 145 more frames.
07-21 17:44:32.037   712  7377 I [CT]    : VIPER:TRACKER: Tracker Gravity Alignment: 0.853023 deg: [RPY]: 0.431 -0.736 0.00567 
07-21 17:44:32.038   712  7377 I [CT]    : VIPER:TRACKSTATUS: BAD TRACKING: num_inliers too low (13 < 16)
07-21 17:44:32.040   712  7376 W [CT]    : VIPER: Could not retrieve historic velocity from buffer. [Velocity not available]
07-21 17:44:32.040   712  7628 W [CT]    : VIPER: Skip local bundle adjustment with less than 2 master keyframes.
07-21 17:44:32.061   712  7377 I [CT]    : VIPER:RELOC: Doing relocalization on 5 maps for 144 more frames.
07-21 17:44:32.065   712  7377 E [CT]    : VIPER: Have not found a closest keyframe id that faces query direction. Choose latest one.
07-21 17:44:32.070   712  7377 I [CT]    : VIPER:TRACKER: Tracker Gravity Alignment: 1.18758 deg: [RPY]: 1.07 -0.519 -0.00577 
07-21 17:44:32.071   712  7377 I [CT]    : VIPER: NO TRACKING: too few inliers. num_inliers = 6 < 10
07-21 17:44:32.071   712  7377 I [CT]    : VIPER:TRACKSTATUS: BAD TRACKING: num_inliers too low (6 < 16)
07-21 17:44:32.071   712  7377 E [CT]    : VIPER: Map Validation: Rejecting map due to bad tracking.
07-21 17:44:32.071   712  7377 I [CT]    : VIPER:MAPPER: == Mapper with map '5ee78214-46f4-4cda-a471-30b97d55ab58' stopping ==
07-21 17:44:32.071   712  7377 I [CT]    : VIPER: Entering state: TRACK_INITIAL_FEATURES
07-21 17:44:32.072   712  7377 W [CT]    : VIPER:DF: Background job still running when calling reset() on the DepthFilterManager.
07-21 17:44:32.072   712  7377 W [CT]    : VIPER:DF: Finish seed initialization job before resetting the DepthFilterManager
07-21 17:44:32.072   712  7377 I [CT]    : VIPER: MapperDeleter (0x7f5cbfe920) scheduled for deletion
07-21 17:44:32.073   712  7376 W [CT]    : VIPER: Could not retrieve historic velocity from buffer. [Velocity not available]
07-21 17:44:32.074   712  7394 I [CT]    : VIPER: MapperDeleter (0x7f5cbfe920) thread took 1457.24 us
07-21 17:44:32.094   712  7377 I [CT]    : VIPER:RELOC: Doing relocalization on 5 maps for 149 more frames.
07-21 17:44:32.097   712  7377 I [CT]    : VIPER: Initial map with 229 points.
07-21 17:44:32.099   712  7377 I [CT]    : VIPER: Constructing estimator: MPE
07-21 17:44:32.099   712  7377 I [CT]    : VIPER: Constructing TrackTracker: HEADSET1
07-21 17:44:32.099   712  7377 W [CT]    : VIPER:DF: Background job still running when calling reset() on the DepthFilterManager.
07-21 17:44:32.099   712  7377 I [CT]    : VIPER:MAPPER: == Mapper with map '780b1793-18b2-49fe-b151-b6e045a69956' started ==
07-21 17:44:32.099   712  7377 I [CT]    : VIPER: Entering state: VALIDATE_MAP
07-21 17:44:32.103   712  7377 I [CT]    : VIPER: NO TRACKING: too few inliers. num_inliers = 9 < 10
07-21 17:44:32.103   712  7377 I [CT]    : VIPER:TRACKSTATUS: BAD TRACKING: num_inliers too low (9 < 16)
07-21 17:44:32.103   712  7377 E [CT]    : VIPER: Map Validation: Rejecting map due to bad tracking.
07-21 17:44:32.103   712  7377 I [CT]    : VIPER:MAPPER: == Mapper with map '780b1793-18b2-49fe-b151-b6e045a69956' stopping ==
07-21 17:44:32.103   712  7377 I [CT]    : VIPER: Entering state: TRACK_INITIAL_FEATURES
07-21 17:44:32.104   712  7377 W [CT]    : VIPER:DF: Background job still running when calling reset() on the DepthFilterManager.
07-21 17:44:32.104   712  7377 I [CT]    : VIPER: MapperDeleter (0x7f5cbfebc0) scheduled for deletion
07-21 17:44:32.106   712  7376 W [CT]    : VIPER: Could not retrieve historic velocity from buffer. [Velocity not available]
07-21 17:44:32.111   712  7394 I [CT]    : VIPER: MapperDeleter (0x7f5cbfebc0) thread took 6289.79 us
07-21 17:44:32.128   712  7377 I [CT]    : VIPER:RELOC: Doing relocalization on 5 maps for 149 more frames.
07-21 17:44:32.130   712  7377 I [CT]    : VIPER: Initial map with 184 points.
07-21 17:44:32.132   712  7377 I [CT]    : VIPER: Constructing estimator: MPE
07-21 17:44:32.132   712  7377 I [CT]    : VIPER: Constructing TrackTracker: HEADSET1
07-21 17:44:32.132   712  7377 W [CT]    : VIPER:DF: Background job still running when calling reset() on the DepthFilterManager.
07-21 17:44:32.132   712  7377 I [CT]    : VIPER:MAPPER: == Mapper with map '1b902d2d-52ca-41ea-be9c-b29ebc194725' started ==
07-21 17:44:32.132   712  7377 I [CT]    : VIPER: Entering state: VALIDATE_MAP
07-21 17:44:32.134   712  7632 W [CT]    : VIPER: Can't detect groundplane because map has no gravity direction.
07-21 17:44:32.137   712  7377 W [CT]    : VIPER:TRACKER: Big Search recovered tracking successfully.
07-21 17:44:32.138   712  7377 I [CT]    : VIPER:TRACKSTATUS: BAD TRACKING: Covariance of the gravity estimate not initialized yet
07-21 17:44:32.139   712  7376 W [CT]    : VIPER: Could not retrieve historic velocity from buffer. [Velocity not available]
07-21 17:44:32.161   712  7377 I [CT]    : VIPER:RELOC: Doing relocalization on 5 maps for 148 more frames.
07-21 17:44:32.167  7481  7532 I VrApi   : FPS=72,Prd=44ms,Tear=0,Early=6,Stale=0,VSnc=1,Lat=1,Fov=0,CPU4/GPU=4/4,2304/670MHz,OC=FF,TA=0/0/0,SP=N/N/N,Mem=1804MHz,Free=1780MB,PSM=0,PLS=0,Temp=36.0C/0.0C,TW=2.56ms,App=4.85ms,GD=1.77ms
07-21 17:44:32.171   712  7377 I [CT]    : VIPER:TRACKSTATUS: BAD TRACKING: prediction-to-fusion translation too high (0.0138616 m > 0.012 m)
07-21 17:44:32.173   712  7376 W [CT]    : VIPER: Could not retrieve historic velocity from buffer. [Velocity not available]
07-21 17:44:32.194   712  7377 I [CT]    : VIPER:RELOC: Doing relocalization on 5 maps for 147 more frames.
07-21 17:44:32.205   712  7377 I [CT]    : VIPER:TRACKSTATUS: BAD TRACKING: gravity estimate uncertainty too high (0.00997324 > 0.0005)
07-21 17:44:32.206   712  7376 W [CT]    : VIPER: Could not retrieve historic velocity from buffer. [Velocity not available]
07-21 17:44:32.228   712  7377 I [CT]    : VIPER:RELOC: Doing relocalization on 5 maps for 146 more frames.
07-21 17:44:32.239   712  7377 I [CT]    : VIPER:TRACKSTATUS: BAD TRACKING: gravity estimate uncertainty too high (0.00986411 > 0.0005)
07-21 17:44:32.240   712  7376 W [CT]    : VIPER: Could not retrieve historic velocity from buffer. [Velocity not available]
07-21 17:44:32.261   712  7377 I [CT]    : VIPER:RELOC: Doing relocalization on 5 maps for 145 more frames.
07-21 17:44:32.270   712  7377 I [CT]    : VIPER:TRACKSTATUS: BAD TRACKING: num_inliers too low (14 < 16)
07-21 17:44:32.272   712  7632 W [CT]    : VIPER: Skip local bundle adjustment with less than 2 master keyframes.
07-21 17:44:32.273   712  7376 W [CT]    : VIPER: Could not retrieve historic velocity from buffer. [Velocity not available]
07-21 17:44:32.294   712  7377 I [CT]    : VIPER:RELOC: Doing relocalization on 5 maps for 144 more frames.
07-21 17:44:32.297   712  7377 I [CT]    : VIPER:RelocalizationManager: Relocalization step failed, trying again.
07-21 17:44:32.304   712  7337 I [CT]    : VIPER:RelocalizationManager: Doing relocalization on 5 maps.
07-21 17:44:32.305   712  7377 I [CT]    : VIPER: NO TRACKING: too few inliers. num_inliers = 3 < 10
07-21 17:44:32.305   712  7377 I [CT]    : VIPER:TRACKSTATUS: BAD TRACKING: num_inliers too low (3 < 16)
07-21 17:44:32.305   712  7377 E [CT]    : VIPER: Map Validation: Rejecting map due to bad tracking.
07-21 17:44:32.305   712  7377 I [CT]    : VIPER:MAPPER: == Mapper with map '1b902d2d-52ca-41ea-be9c-b29ebc194725' stopping ==
07-21 17:44:32.305   712  7377 I [CT]    : VIPER: Entering state: TRACK_INITIAL_FEATURES
07-21 17:44:32.305   712  7377 W [CT]    : VIPER:DF: Background job still running when calling reset() on the DepthFilterManager.
07-21 17:44:32.305   712  7377 W [CT]    : VIPER:DF: Finish seed initialization job before resetting the DepthFilterManager
07-21 17:44:32.305   712  7377 I [CT]    : VIPER: MapperDeleter (0x7f5cbfe9d0) scheduled for deletion
07-21 17:44:32.306   712  7376 W [CT]    : VIPER: Could not retrieve historic velocity from buffer. [Velocity not available]
07-21 17:44:32.307   712  7394 I [CT]    : VIPER: MapperDeleter (0x7f5cbfe9d0) thread took 1822.29 us
07-21 17:44:32.328   712  7377 I [CT]    : VIPER:RELOC: Doing relocalization on 5 maps for 149 more frames.
07-21 17:44:32.331   712  7377 I [CT]    : VIPER: Initial map with 177 points.
07-21 17:44:32.332   712  7377 I [CT]    : VIPER: Constructing estimator: MPE
07-21 17:44:32.332   712  7377 I [CT]    : VIPER: Constructing TrackTracker: HEADSET1
07-21 17:44:32.332   712  7377 W [CT]    : VIPER:DF: Background job still running when calling reset() on the DepthFilterManager.
07-21 17:44:32.332   712  7377 I [CT]    : VIPER:MAPPER: == Mapper with map 'b96b9e86-3138-42b3-8d40-792e57c0a81a' started ==
07-21 17:44:32.333   712  7377 I [CT]    : VIPER: Entering state: VALIDATE_MAP
07-21 17:44:32.333   712  7634 W [CT]    : VIPER: Can't detect groundplane because map has no gravity direction.
07-21 17:44:32.336   712  7377 I [CT]    : VIPER: NO TRACKING: too few inliers. num_inliers = 3 < 10
07-21 17:44:32.337   712  7377 I [CT]    : VIPER:TRACKSTATUS: BAD TRACKING: num_inliers too low (3 < 16)
07-21 17:44:32.337   712  7377 E [CT]    : VIPER: Map Validation: Rejecting map due to bad tracking.
07-21 17:44:32.337   712  7377 I [CT]    : VIPER:MAPPER: == Mapper with map 'b96b9e86-3138-42b3-8d40-792e57c0a81a' stopping ==
07-21 17:44:32.337   712  7377 I [CT]    : VIPER: Entering state: TRACK_INITIAL_FEATURES
07-21 17:44:32.337   712  7377 W [CT]    : VIPER:DF: Background job still running when calling reset() on the DepthFilterManager.
07-21 17:44:32.337   712  7377 I [CT]    : VIPER: MapperDeleter (0x7f5cbfebc0) scheduled for deletion
07-21 17:44:32.339   712  7376 W [CT]    : VIPER: Could not retrieve historic velocity from buffer. [Velocity not available]
07-21 17:44:32.343   712  7394 I [CT]    : VIPER: MapperDeleter (0x7f5cbfebc0) thread took 6085.99 us
07-21 17:44:32.361   712  7377 I [CT]    : VIPER:RELOC: Doing relocalization on 5 maps for 149 more frames.
07-21 17:44:32.364   712  7377 I [CT]    : VIPER: Initial map with 144 points.
07-21 17:44:32.365   712  7377 I [CT]    : VIPER: Constructing estimator: MPE
07-21 17:44:32.365   712  7377 I [CT]    : VIPER: Constructing TrackTracker: HEADSET1
07-21 17:44:32.365   712  7377 W [CT]    : VIPER:DF: Background job still running when calling reset() on the DepthFilterManager.
07-21 17:44:32.365   712  7377 I [CT]    : VIPER:MAPPER: == Mapper with map '4ade2950-3406-4f76-a1a5-d9eb5e38b56a' started ==
07-21 17:44:32.365   712  7377 I [CT]    : VIPER: Entering state: VALIDATE_MAP
07-21 17:44:32.366   712  7636 W [CT]    : VIPER: Can't detect groundplane because map has no gravity direction.
07-21 17:44:32.370   712  7377 W [CT]    : VIPER:TRACKER: Big Search recovered tracking successfully.
07-21 17:44:32.370   712  7377 I [CT]    : VIPER:TRACKSTATUS: BAD TRACKING: Covariance of the gravity estimate not initialized yet
07-21 17:44:32.372   712  7376 W [CT]    : VIPER: Could not retrieve historic velocity from buffer. [Velocity not available]
07-21 17:44:32.394   712  7377 I [CT]    : VIPER:RELOC: Doing relocalization on 5 maps for 148 more frames.
07-21 17:44:32.403   712  7377 I [CT]    : VIPER:TRACKSTATUS: BAD TRACKING: gravity estimate uncertainty too high (0.01 > 0.0005)
07-21 17:44:32.406   712  7376 W [CT]    : VIPER: Could not retrieve historic velocity from buffer. [Velocity not available]
07-21 17:44:32.428   712  7377 I [CT]    : VIPER:RELOC: Doing relocalization on 5 maps for 147 more frames.
07-21 17:44:32.438   712  7377 I [CT]    : VIPER:TRACKSTATUS: BAD TRACKING: num_inliers too low (13 < 16)
07-21 17:44:32.439   712  7376 W [CT]    : VIPER: Could not retrieve historic velocity from buffer. [Velocity not available]
07-21 17:44:32.461   712  7377 I [CT]    : VIPER:RELOC: Doing relocalization on 5 maps for 146 more frames.
07-21 17:44:32.470   712  7377 I [CT]    : VIPER: NO TRACKING: too few inliers. num_inliers = 6 < 10
07-21 17:44:32.470   712  7377 I [CT]    : VIPER:TRACKSTATUS: BAD TRACKING: num_inliers too low (6 < 16)
07-21 17:44:32.470   712  7377 E [CT]    : VIPER: Map Validation: Rejecting map due to bad tracking.
07-21 17:44:32.470   712  7377 I [CT]    : VIPER:MAPPER: == Mapper with map '4ade2950-3406-4f76-a1a5-d9eb5e38b56a' stopping ==
07-21 17:44:32.470   712  7377 I [CT]    : VIPER: Entering state: TRACK_INITIAL_FEATURES
07-21 17:44:32.470   712  7377 W [CT]    : VIPER:DF: Background job still running when calling reset() on the DepthFilterManager.
07-21 17:44:32.471   712  7377 I [CT]    : VIPER: MapperDeleter (0x7f5cbfe808) scheduled for deletion
07-21 17:44:32.472   712  7394 I [CT]    : VIPER: MapperDeleter (0x7f5cbfe808) thread took 1559.84 us
07-21 17:44:32.472   712  7376 W [CT]    : VIPER: Could not retrieve historic velocity from buffer. [Velocity not available]
07-21 17:44:32.494   712  7377 I [CT]    : VIPER:RELOC: Doing relocalization on 5 maps for 149 more frames.
07-21 17:44:32.498   712  7377 I [CT]    : VIPER: Initial map with 158 points.
07-21 17:44:32.499   712  7377 I [CT]    : VIPER: Constructing estimator: MPE
07-21 17:44:32.499   712  7377 I [CT]    : VIPER: Constructing TrackTracker: HEADSET1
07-21 17:44:32.499   712  7377 W [CT]    : VIPER:DF: Background job still running when calling reset() on the DepthFilterManager.
07-21 17:44:32.499   712  7377 I [CT]    : VIPER:MAPPER: == Mapper with map '969561fe-3444-4fbb-8b3e-38dffe46773e' started ==
07-21 17:44:32.499   712  7377 I [CT]    : VIPER: Entering state: VALIDATE_MAP
07-21 17:44:32.501   712  7638 W [CT]    : VIPER: Can't detect groundplane because map has no gravity direction.
07-21 17:44:32.504   712  7377 W [CT]    : VIPER:TRACKER: Big Search recovered tracking successfully.
07-21 17:44:32.504   712  7377 I [CT]    : VIPER:TRACKSTATUS: BAD TRACKING: prediction-to-fusion translation too high (0.0378758 m > 0.012 m)
07-21 17:44:32.506   712  7376 W [CT]    : VIPER: Could not retrieve historic velocity from buffer. [Velocity not available]
07-21 17:44:32.528   712  7377 I [CT]    : VIPER:RELOC: Doing relocalization on 5 maps for 148 more frames.
07-21 17:44:32.536   712  7377 I [CT]    : VIPER:TRACKSTATUS: BAD TRACKING: gravity estimate uncertainty too high (0.01 > 0.0005)
07-21 17:44:32.539   712  7376 W [CT]    : VIPER: Could not retrieve historic velocity from buffer. [Velocity not available]
07-21 17:44:32.561   712  7377 I [CT]    : VIPER:RELOC: Doing relocalization on 5 maps for 147 more frames.
07-21 17:44:32.570   712  7377 I [CT]    : VIPER:TRACKSTATUS: BAD TRACKING: gravity estimate uncertainty too high (0.00997469 > 0.0005)
07-21 17:44:32.572   712  7638 W [CT]    : VIPER: Skip local bundle adjustment with less than 2 master keyframes.
07-21 17:44:32.573   712  7376 W [CT]    : VIPER: Could not retrieve historic velocity from buffer. [Velocity not available]
07-21 17:44:32.594   712  7377 I [CT]    : VIPER:RELOC: Doing relocalization on 5 maps for 146 more frames.
07-21 17:44:32.602   712  7377 I [CT]    : VIPER:TRACKSTATUS: BAD TRACKING: num_inliers too low (11 < 16)
07-21 17:44:32.606   712  7376 W [CT]    : VIPER: Could not retrieve historic velocity from buffer. [Velocity not available]
07-21 17:44:32.628   712  7377 I [CT]    : VIPER:RELOC: Doing relocalization on 5 maps for 145 more frames.
07-21 17:44:32.631   712  7377 I [CT]    : VIPER:RelocalizationManager: Relocalization step failed, trying again.
07-21 17:44:32.639   712  7376 W [CT]    : VIPER: Could not retrieve historic velocity from buffer. [Velocity not available]
07-21 17:44:32.639   712  7377 I [CT]    : VIPER:TRACKER: Tracker Gravity Alignment: 0.531733 deg: [RPY]: 0.192 0.496 -0.00131 
07-21 17:44:32.639   712  7337 I [CT]    : VIPER:RelocalizationManager: Doing relocalization on 5 maps.
07-21 17:44:32.640   712  7377 I [CT]    : VIPER:TRACKSTATUS: BAD TRACKING: num_inliers too low (11 < 16)
07-21 17:44:32.661   712  7377 I [CT]    : VIPER:RELOC: Doing relocalization on 5 maps for 144 more frames.
07-21 17:44:32.670   712  7377 I [CT]    : VIPER:TRACKSTATUS: BAD TRACKING: num_inliers too low (10 < 16)
07-21 17:44:32.672   712  7376 W [CT]    : VIPER: Could not retrieve historic velocity from buffer. [Velocity not available]
07-21 17:44:32.694   712  7377 I [CT]    : VIPER:RELOC: Doing relocalization on 5 maps for 143 more frames.
07-21 17:44:32.701   712  7377 I [CT]    : VIPER:TRACKER: Tracker Gravity Alignment: 0.834597 deg: [RPY]: -0.201 -0.81 -0.00332 
07-21 17:44:32.701   712  7377 I [CT]    : VIPER: NO TRACKING: too few inliers. num_inliers = 4 < 10
07-21 17:44:32.702   712  7377 I [CT]    : VIPER:TRACKSTATUS: BAD TRACKING: num_inliers too low (4 < 16)
07-21 17:44:32.702   712  7377 E [CT]    : VIPER: Map Validation: Rejecting map due to bad tracking.
07-21 17:44:32.702   712  7377 I [CT]    : VIPER:MAPPER: == Mapper with map '969561fe-3444-4fbb-8b3e-38dffe46773e' stopping ==
07-21 17:44:32.702   712  7377 I [CT]    : VIPER: Entering state: TRACK_INITIAL_FEATURES
07-21 17:44:32.702   712  7377 W [CT]    : VIPER:DF: Background job still running when calling reset() on the DepthFilterManager.
07-21 17:44:32.703   712  7377 I [CT]    : VIPER: MapperDeleter (0x7f5cbfe718) scheduled for deletion
07-21 17:44:32.705   712  7394 I [CT]    : VIPER: MapperDeleter (0x7f5cbfe718) thread took 1713.39 us
07-21 17:44:32.706   712  7376 W [CT]    : VIPER: Could not retrieve historic velocity from buffer. [Velocity not available]
07-21 17:44:32.728   712  7377 I [CT]    : VIPER:RELOC: Doing relocalization on 5 maps for 149 more frames.
07-21 17:44:32.730   712  7377 I [CT]    : VIPER: Initial map with 321 points.
07-21 17:44:32.732   712  7377 I [CT]    : VIPER: Constructing estimator: MPE
07-21 17:44:32.733   712  7377 I [CT]    : VIPER: Constructing TrackTracker: HEADSET1
07-21 17:44:32.733   712  7377 W [CT]    : VIPER:DF: Background job still running when calling reset() on the DepthFilterManager.
07-21 17:44:32.733   712  7377 I [CT]    : VIPER:MAPPER: == Mapper with map '7e603b84-7843-47ff-bbd4-b519e62c51b0' started ==
07-21 17:44:32.733   712  7377 I [CT]    : VIPER: Entering state: VALIDATE_MAP
07-21 17:44:32.737   712  7640 W [CT]    : VIPER: Can't detect groundplane because map has no gravity direction.
07-21 17:44:32.739   712  7376 W [CT]    : VIPER: Could not retrieve historic velocity from buffer. [Velocity not available]
07-21 17:44:32.739   712  7377 I [CT]    : VIPER: NO TRACKING: pose_estimator_pixel_error (3.55435) >= max_pose_error (3)
07-21 17:44:32.739   712  7377 E [CT]    : VIPER: Map Validation: Rejecting map due to bad tracking.
07-21 17:44:32.740   712  7377 I [CT]    : VIPER:MAPPER: == Mapper with map '7e603b84-7843-47ff-bbd4-b519e62c51b0' stopping ==
07-21 17:44:32.740   712  7377 I [CT]    : VIPER: Entering state: TRACK_INITIAL_FEATURES
07-21 17:44:32.740   712  7377 W [CT]    : VIPER:DF: Background job still running when calling reset() on the DepthFilterManager.
07-21 17:44:32.740   712  7377 I [CT]    : VIPER: MapperDeleter (0x7f5cbfe840) scheduled for deletion
07-21 17:44:32.744   712  7394 I [CT]    : VIPER: MapperDeleter (0x7f5cbfe840) thread took 3752.81 us
07-21 17:44:32.761   712  7377 I [CT]    : VIPER:RELOC: Doing relocalization on 5 maps for 149 more frames.
07-21 17:44:32.764   712  7377 I [CT]    : VIPER: Initial map with 320 points.
07-21 17:44:32.766   712  7377 I [CT]    : VIPER: Constructing estimator: MPE
07-21 17:44:32.766   712  7377 I [CT]    : VIPER: Constructing TrackTracker: HEADSET1
07-21 17:44:32.766   712  7377 W [CT]    : VIPER:DF: Background job still running when calling reset() on the DepthFilterManager.
07-21 17:44:32.766   712  7377 I [CT]    : VIPER:MAPPER: == Mapper with map 'e8cadc75-30d4-4e61-8939-39e438028d1c' started ==
07-21 17:44:32.766   712  7377 I [CT]    : VIPER: Entering state: VALIDATE_MAP
07-21 17:44:32.770   712  7642 W [CT]    : VIPER: Can't detect groundplane because map has no gravity direction.
07-21 17:44:32.772   712  7376 W [CT]    : VIPER: Could not retrieve historic velocity from buffer. [Velocity not available]
07-21 17:44:32.773   712  7377 W [CT]    : VIPER:TRACKER: Big Search recovered tracking successfully.
07-21 17:44:32.774   712  7377 I [CT]    : VIPER:TRACKSTATUS: BAD TRACKING: Covariance of the gravity estimate not initialized yet
07-21 17:44:32.795   712  7377 I [CT]    : VIPER:RELOC: Doing relocalization on 5 maps for 148 more frames.
07-21 17:44:32.804   712  7377 I [CT]    : VIPER:TRACKSTATUS: BAD TRACKING: gravity estimate uncertainty too high (0.01 > 0.0005)
07-21 17:44:32.806   712  7376 W [CT]    : VIPER: Could not retrieve historic velocity from buffer. [Velocity not available]
07-21 17:44:32.828   712  7377 I [CT]    : VIPER:RELOC: Doing relocalization on 5 maps for 147 more frames.
07-21 17:44:32.839   712  7376 W [CT]    : VIPER: Could not retrieve historic velocity from buffer. [Velocity not available]
07-21 17:44:32.840   712  7377 I [CT]    : VIPER:TRACKSTATUS: BAD TRACKING: gravity estimate uncertainty too high (0.00990404 > 0.0005)
07-21 17:44:32.861   712  7377 I [CT]    : VIPER:RELOC: Doing relocalization on 5 maps for 146 more frames.
07-21 17:44:32.872   712  7377 I [CT]    : VIPER:TRACKSTATUS: BAD TRACKING: gravity estimate uncertainty too high (0.00952057 > 0.0005)
07-21 17:44:32.873   712  7376 W [CT]    : VIPER: Could not retrieve historic velocity from buffer. [Velocity not available]
07-21 17:44:32.894   712  7377 I [CT]    : VIPER:RELOC: Doing relocalization on 5 maps for 145 more frames.
07-21 17:44:32.905   712  7377 I [CT]    : VIPER:TRACKER: Tracker Gravity Alignment: 0.984952 deg: [RPY]: -0.303 -0.937 -0.0031 
07-21 17:44:32.905   712  7377 I [CT]    : VIPER:TRACKSTATUS: BAD TRACKING: gravity estimate uncertainty too high (0.00857293 > 0.0005)
07-21 17:44:32.906   712  7376 W [CT]    : VIPER: Could not retrieve historic velocity from buffer. [Velocity not available]
07-21 17:44:32.928   712  7377 I [CT]    : VIPER:RELOC: Doing relocalization on 5 maps for 144 more frames.
07-21 17:44:32.934   718   718 D wifi_sig_helper: Wifi rssi: -51	
07-21 17:44:32.939   712  7377 I [CT]    : VIPER:TRACKER: Tracker Gravity Alignment: 1.45464 deg: [RPY]: -0.365 -1.41 -0.00744 
07-21 17:44:32.939   712  7377 I [CT]    : VIPER:TRACKSTATUS: BAD TRACKING: gravity estimate uncertainty too high (0.00705732 > 0.0005)
07-21 17:44:32.940   712  7376 W [CT]    : VIPER: Could not retrieve historic velocity from buffer. [Velocity not available]
07-21 17:44:32.940   712  7376 I [CT]    : TRACKER:CONSTELLATION: No HMD tracking for Constellation
07-21 17:44:32.961   712  7377 I [CT]    : VIPER:RELOC: Doing relocalization on 5 maps for 143 more frames.
07-21 17:44:32.972   712  7377 I [CT]    : VIPER:TRACKER: Tracker Gravity Alignment: 1.91461 deg: [RPY]: -0.123 -1.91 -0.0236 
07-21 17:44:32.972   712  7377 I [CT]    : VIPER:TRACKSTATUS: BAD TRACKING: gravity estimate uncertainty too high (0.0056177 > 0.0005)
07-21 17:44:32.975   712  7376 W [CT]    : VIPER: Could not retrieve historic velocity from buffer. [Velocity not available]
07-21 17:44:32.975   712  7642 W [CT]    : VIPER: Skip local bundle adjustment with less than 2 master keyframes.
07-21 17:44:32.994   712  7377 I [CT]    : VIPER:RELOC: Doing relocalization on 5 maps for 142 more frames.
07-21 17:44:32.997   712  7377 I [CT]    : VIPER:RelocalizationManager: Relocalization step failed, trying again.
07-21 17:44:33.000  7481  7533 I UtilPoller: GPU Util 0.360539 / CPU Util 0.135417 (avg 0.123370)
07-21 17:44:33.004   712  7337 I [CT]    : VIPER:RelocalizationManager: Doing relocalization on 5 maps.
07-21 17:44:33.006   712  7377 I [CT]    : VIPER:TRACKER: Tracker Gravity Alignment: 1.98175 deg: [RPY]: -0.317 -1.96 -0.0162 
07-21 17:44:33.006   712  7376 W [CT]    : VIPER: Could not retrieve historic velocity from buffer. [Velocity not available]
07-21 17:44:33.006   712  7377 I [CT]    : VIPER:TRACKSTATUS: BAD TRACKING: gravity estimate uncertainty too high (0.00434742 > 0.0005)
07-21 17:44:33.028   712  7377 I [CT]    : VIPER:RELOC: Doing relocalization on 5 maps for 141 more frames.
07-21 17:44:33.035   712  7377 I [CT]    : VIPER:TRACKER: Tracker Gravity Alignment: 0.658872 deg: [RPY]: -0.402 -0.521 0.0329 
07-21 17:44:33.038   712  7377 I [CT]    : VIPER:TRACKSTATUS: BAD TRACKING: gravity estimate uncertainty too high (0.00348086 > 0.0005)
07-21 17:44:33.039   712  7376 W [CT]    : VIPER: Could not retrieve historic velocity from buffer. [Velocity not available]
07-21 17:44:33.061   712  7377 I [CT]    : VIPER:RELOC: Doing relocalization on 5 maps for 140 more frames.
07-21 17:44:33.069   712  7377 I [CT]    : VIPER:TRACKER: Tracker Gravity Alignment: 1.6605 deg: [RPY]: 1.17 1.18 -0.123 
07-21 17:44:33.070   712  7377 I [CT]    : VIPER:TRACKSTATUS: BAD TRACKING: gravity estimate uncertainty too high (0.00213983 > 0.0005)
07-21 17:44:33.072   712  7376 W [CT]    : VIPER: Could not retrieve historic velocity from buffer. [Velocity not available]
07-21 17:44:33.094   712  7377 I [CT]    : VIPER:RELOC: Doing relocalization on 5 maps for 139 more frames.
07-21 17:44:33.102   712  7377 I [CT]    : VIPER:TRACKER: Tracker Gravity Alignment: 1.68741 deg: [RPY]: 1.52 0.724 -0.163 
07-21 17:44:33.103   712  7377 I [CT]    : VIPER:TRACKSTATUS: BAD TRACKING: gravity estimate uncertainty too high (0.00127215 > 0.0005)
07-21 17:44:33.106   712  7376 W [CT]    : VIPER: Could not retrieve historic velocity from buffer. [Velocity not available]
07-21 17:44:33.128   712  7377 I [CT]    : VIPER:RELOC: Doing relocalization on 5 maps for 138 more frames.
07-21 17:44:33.138   712  7377 I [CT]    : VIPER:TRACKER: Tracker Gravity Alignment: 0.739534 deg: [RPY]: 0.612 0.411 -0.066 
07-21 17:44:33.138   712  7377 I [CT]    : VIPER:TRACKSTATUS: BAD TRACKING: gravity estimate uncertainty too high (0.00094749 > 0.0005)
07-21 17:44:33.139   712  7376 W [CT]    : VIPER: Could not retrieve historic velocity from buffer. [Velocity not available]
07-21 17:44:33.161   712  7377 I [CT]    : VIPER:RELOC: Doing relocalization on 5 maps for 137 more frames.
07-21 17:44:33.165  7481  7532 I VrApi   : FPS=72,Prd=44ms,Tear=0,Early=6,Stale=0,VSnc=1,Lat=1,Fov=0,CPU4/GPU=4/4,2304/670MHz,OC=FF,TA=0/0/0,SP=N/N/N,Mem=1804MHz,Free=1780MB,PSM=0,PLS=0,Temp=36.0C/0.0C,TW=2.56ms,App=4.74ms,GD=1.77ms
07-21 17:44:33.170   712  7377 I [CT]    : VIPER:TRACKSTATUS: BAD TRACKING: gravity estimate uncertainty too high (0.000689901 > 0.0005)
07-21 17:44:33.173   712  7376 W [CT]    : VIPER: Could not retrieve historic velocity from buffer. [Velocity not available]
07-21 17:44:33.194   712  7377 I [CT]    : VIPER:RELOC: Doing relocalization on 5 maps for 136 more frames.
07-21 17:44:33.202   712  7377 I [CT]    : VIPER:TRACKER: Tracker Gravity Alignment: 0.547107 deg: [RPY]: 0.231 0.495 -0.0331 
07-21 17:44:33.203   712  7377 I [CT]    : VIPER:TRACKSTATUS: BAD TRACKING: prediction-to-fusion translation too high (0.0138213 m > 0.012 m)
07-21 17:44:33.206   712  7376 W [CT]    : VIPER: Could not retrieve historic velocity from buffer. [Velocity not available]
07-21 17:44:33.228   712  7377 I [CT]    : VIPER:RELOC: Doing relocalization on 5 maps for 135 more frames.
07-21 17:44:33.235   712  7377 I [CT]    : VIPER:TRACKER: Tracker Gravity Alignment: 0.74644 deg: [RPY]: -0.488 0.565 0.0153 
07-21 17:44:33.239   712  7376 W [CT]    : VIPER: Could not retrieve historic velocity from buffer. [Velocity not available]
07-21 17:44:33.261   712  7377 I [CT]    : VIPER:RELOC: Doing relocalization on 5 maps for 134 more frames.
07-21 17:44:33.270   712  7377 I [CT]    : VIPER:TRACKER: Tracker Gravity Alignment: 0.92718 deg: [RPY]: -0.556 0.742 0.0158 
07-21 17:44:33.272   712  7376 W [CT]    : VIPER: Could not retrieve historic velocity from buffer. [Velocity not available]
07-21 17:44:33.294   712  7377 I [CT]    : VIPER:RELOC: Doing relocalization on 5 maps for 133 more frames.
07-21 17:44:33.303   712  7377 I [CT]    : VIPER:TRACKER: Tracker Gravity Alignment: 1.36405 deg: [RPY]: 0.128 1.36 -0.0286 
07-21 17:44:33.304   712  7377 I [CT]    : VIPER:TRACKSTATUS: BAD TRACKING: prediction-to-fusion translation too high (0.0142436 m > 0.012 m)
07-21 17:44:33.306   712  7376 W [CT]    : VIPER: Could not retrieve historic velocity from buffer. [Velocity not available]
07-21 17:44:33.328   712  7377 I [CT]    : VIPER:RELOC: Doing relocalization on 5 maps for 132 more frames.
07-21 17:44:33.335   712  7377 I [CT]    : VIPER:TRACKER: Tracker Gravity Alignment: 0.895207 deg: [RPY]: -0.533 0.719 0.000608 
07-21 17:44:33.336   712  7377 I [CT]    : VIPER: NO TRACKING: too few inliers. num_inliers = 9 < 10
07-21 17:44:33.336   712  7377 I [CT]    : VIPER:TRACKSTATUS: BAD TRACKING: num_inliers too low (9 < 16)
07-21 17:44:33.336   712  7377 E [CT]    : VIPER: Map Validation: Rejecting map due to bad tracking.
07-21 17:44:33.336   712  7377 I [CT]    : VIPER:MAPPER: == Mapper with map 'e8cadc75-30d4-4e61-8939-39e438028d1c' stopping ==
07-21 17:44:33.336   712  7377 I [CT]    : VIPER: Entering state: TRACK_INITIAL_FEATURES
07-21 17:44:33.336   712  7377 W [CT]    : VIPER:DF: Background job still running when calling reset() on the DepthFilterManager.
07-21 17:44:33.337   712  7377 I [CT]    : VIPER: MapperDeleter (0x7f7720c858) scheduled for deletion
07-21 17:44:33.339   712  7376 W [CT]    : VIPER: Could not retrieve historic velocity from buffer. [Velocity not available]
07-21 17:44:33.340   712  7394 I [CT]    : VIPER: MapperDeleter (0x7f7720c858) thread took 3393.07 us
07-21 17:44:33.361   712  7377 I [CT]    : VIPER:RELOC: Doing relocalization on 5 maps for 149 more frames.
07-21 17:44:33.364   712  7377 I [CT]    : VIPER:RelocalizationManager: Relocalization step failed, trying again.
07-21 17:44:33.364   712  7377 I [CT]    : VIPER: Initial map with 300 points.
07-21 17:44:33.365   712  7377 I [CT]    : VIPER: Constructing estimator: MPE
07-21 17:44:33.366   712  7377 I [CT]    : VIPER: Constructing TrackTracker: HEADSET1
07-21 17:44:33.366   712  7377 W [CT]    : VIPER:DF: Background job still running when calling reset() on the DepthFilterManager.
07-21 17:44:33.366   712  7377 I [CT]    : VIPER:MAPPER: == Mapper with map '5ef06c76-61db-4e6b-9c06-26b57a3fa0dd' started ==
07-21 17:44:33.366   712  7377 I [CT]    : VIPER: Entering state: VALIDATE_MAP
07-21 17:44:33.368   712  7644 W [CT]    : VIPER: Can't detect groundplane because map has no gravity direction.
07-21 17:44:33.371   712  7377 W [CT]    : VIPER:MultiPoseEstimator: No tracked points in multi pose estimator
07-21 17:44:33.371   712  7377 I [CT]    : VIPER: NO TRACKING: too few inliers. num_inliers = 0 < 10
07-21 17:44:33.372   712  7377 I [CT]    : VIPER:TRACKSTATUS: BAD TRACKING: num_inliers too low (0 < 16)
07-21 17:44:33.372   712  7377 E [CT]    : VIPER: Map Validation: Rejecting map due to bad tracking.
07-21 17:44:33.372   712  7377 I [CT]    : VIPER:MAPPER: == Mapper with map '5ef06c76-61db-4e6b-9c06-26b57a3fa0dd' stopping ==
07-21 17:44:33.372   712  7377 I [CT]    : VIPER: Entering state: TRACK_INITIAL_FEATURES
07-21 17:44:33.372   712  7377 W [CT]    : VIPER:DF: Background job still running when calling reset() on the DepthFilterManager.
07-21 17:44:33.372   712  7377 I [CT]    : VIPER: MapperDeleter (0x7f7720c790) scheduled for deletion
07-21 17:44:33.373   712  7376 W [CT]    : VIPER: Could not retrieve historic velocity from buffer. [Velocity not available]
07-21 17:44:33.374   712  7337 I [CT]    : VIPER:RelocalizationManager: Doing relocalization on 5 maps.
07-21 17:44:33.379   712  7394 I [CT]    : VIPER: MapperDeleter (0x7f7720c790) thread took 5672.14 us
07-21 17:44:33.394   712  7377 I [CT]    : VIPER:RELOC: Doing relocalization on 5 maps for 149 more frames.
07-21 17:44:33.397   712  7377 I [CT]    : VIPER: Initial map with 310 points.
07-21 17:44:33.399   712  7377 I [CT]    : VIPER: Constructing estimator: MPE
07-21 17:44:33.399   712  7377 I [CT]    : VIPER: Constructing TrackTracker: HEADSET1
07-21 17:44:33.399   712  7377 W [CT]    : VIPER:DF: Background job still running when calling reset() on the DepthFilterManager.
07-21 17:44:33.399   712  7377 I [CT]    : VIPER:MAPPER: == Mapper with map 'e421ca74-0c82-4a08-8781-a4f75d5d74a9' started ==
07-21 17:44:33.400   712  7377 I [CT]    : VIPER: Entering state: VALIDATE_MAP
07-21 17:44:33.403   712  7646 W [CT]    : VIPER: Can't detect groundplane because map has no gravity direction.
07-21 17:44:33.405   712  7377 W [CT]    : VIPER:TRACKER: Big Search recovered tracking successfully.
07-21 17:44:33.406   712  7376 W [CT]    : VIPER: Could not retrieve historic velocity from buffer. [Velocity not available]
07-21 17:44:33.406   712  7377 I [CT]    : VIPER:TRACKSTATUS: BAD TRACKING: prediction-to-fusion translation too high (0.0252031 m > 0.012 m)
07-21 17:44:33.428   712  7377 I [CT]    : VIPER:RELOC: Doing relocalization on 5 maps for 148 more frames.
07-21 17:44:33.438   712  7377 I [CT]    : VIPER:TRACKSTATUS: BAD TRACKING: gravity estimate uncertainty too high (0.01 > 0.0005)
07-21 17:44:33.439   712  7376 W [CT]    : VIPER: Could not retrieve historic velocity from buffer. [Velocity not available]
07-21 17:44:33.461   712  7377 I [CT]    : VIPER:RELOC: Doing relocalization on 5 maps for 147 more frames.
07-21 17:44:33.472   712  7377 I [CT]    : VIPER:TRACKSTATUS: BAD TRACKING: gravity estimate uncertainty too high (0.00997955 > 0.0005)
07-21 17:44:33.473   712  7376 W [CT]    : VIPER: Could not retrieve historic velocity from buffer. [Velocity not available]
07-21 17:44:33.494   712  7377 I [CT]    : VIPER:RELOC: Doing relocalization on 5 maps for 146 more frames.
07-21 17:44:33.505   712  7377 I [CT]    : VIPER: NO TRACKING: pose_estimator_pixel_error (3.50589) >= max_pose_error (3)
07-21 17:44:33.505   712  7377 I [CT]    : VIPER:TRACKSTATUS: BAD TRACKING: gravity estimate uncertainty too high (0.00997955 > 0.0005)
07-21 17:44:33.505   712  7377 E [CT]    : VIPER: Map Validation: Rejecting map due to bad tracking.
07-21 17:44:33.505   712  7377 I [CT]    : VIPER:MAPPER: == Mapper with map 'e421ca74-0c82-4a08-8781-a4f75d5d74a9' stopping ==
07-21 17:44:33.505   712  7377 I [CT]    : VIPER: Entering state: TRACK_INITIAL_FEATURES
